// Jest Snapshot v1, https://goo.gl/fbAQLP

exports[`Maps module tests should create legend for map data 1`] = `
"Object {
  \\"legendA\\": Array [
    Object {
      \\"backgroundColor\\": \\"rgb(251, 215, 203)\\",
      \\"color\\": \\"black\\",
      \\"label\\": \\"<1 %\\",
    },
    Object {
      \\"backgroundColor\\": \\"rgb(245, 166, 155)\\",
      \\"color\\": \\"black\\",
      \\"label\\": \\"1-5\\",
    },
    Object {
      \\"backgroundColor\\": \\"rgb(238, 117, 106)\\",
      \\"color\\": \\"white\\",
      \\"label\\": \\"5-10\\",
    },
    Object {
      \\"backgroundColor\\": \\"rgb(54, 0, 0)\\",
      \\"color\\": \\"white\\",
      \\"label\\": \\"10-20\\",
    },
    Object {
      \\"backgroundColor\\": \\"rgb(0, 0, 0)\\",
      \\"color\\": \\"white\\",
      \\"label\\": \\">20 %\\",
    },
    Object {
      \\"backgroundColor\\": \\"#d0cccf\\",
      \\"color\\": \\"white\\",
      \\"label\\": \\"no data/not applicable\\",
    },
  ],
  \\"legendB\\": Array [
    Object {
      \\"backgroundColor\\": \\"rgb(60, 0, 0)\\",
      \\"color\\": \\"white\\",
      \\"label\\": \\"<200 \\",
    },
    Object {
      \\"backgroundColor\\": \\"rgb(48, 0, 0)\\",
      \\"color\\": \\"white\\",
      \\"label\\": \\"200-500\\",
    },
    Object {
      \\"backgroundColor\\": \\"rgb(36, 0, 0)\\",
      \\"color\\": \\"white\\",
      \\"label\\": \\"500-1k\\",
    },
    Object {
      \\"backgroundColor\\": \\"rgb(47, 156, 213)\\",
      \\"color\\": \\"white\\",
      \\"label\\": \\"1k-1.5k\\",
    },
    Object {
      \\"backgroundColor\\": \\"rgb(94, 175, 222)\\",
      \\"color\\": \\"white\\",
      \\"label\\": \\"1.5k-2k\\",
    },
    Object {
      \\"backgroundColor\\": \\"rgb(141, 193, 231)\\",
      \\"color\\": \\"black\\",
      \\"label\\": \\"2k-10k\\",
    },
    Object {
      \\"backgroundColor\\": \\"rgb(188, 212, 240)\\",
      \\"color\\": \\"black\\",
      \\"label\\": \\">10k \\",
    },
    Object {
      \\"backgroundColor\\": \\"#d0cccf\\",
      \\"color\\": \\"white\\",
      \\"label\\": \\"no data/not applicable\\",
    },
  ],
  \\"legendC\\": Array [
    Object {
      \\"backgroundColor\\": \\"rgb(0, 0, 0)\\",
      \\"color\\": \\"white\\",
      \\"label\\": \\">80 %\\",
    },
    Object {
      \\"backgroundColor\\": \\"rgb(54, 0, 0)\\",
      \\"color\\": \\"white\\",
      \\"label\\": \\"60-80\\",
    },
    Object {
      \\"backgroundColor\\": \\"rgb(238, 117, 106)\\",
      \\"color\\": \\"white\\",
      \\"label\\": \\"40-60\\",
    },
    Object {
      \\"backgroundColor\\": \\"rgb(245, 166, 155)\\",
      \\"color\\": \\"black\\",
      \\"label\\": \\"20-40\\",
    },
    Object {
      \\"backgroundColor\\": \\"rgb(251, 215, 203)\\",
      \\"color\\": \\"black\\",
      \\"label\\": \\"<20 %\\",
    },
    Object {
      \\"backgroundColor\\": \\"#d0cccf\\",
      \\"color\\": \\"white\\",
      \\"label\\": \\"no data/not applicable\\",
    },
  ],
}"
`;
