// Jest Snapshot v1, https://goo.gl/fbAQLP

exports[`Utility functions test should make tree data 1`] = `
"Array [
  Array [],
  Array [
    Object {
      \\"budget_type\\": \\"Actual\\",
      \\"color\\": \\"#5da3d9\\",
      \\"id\\": \\"NG\\",
      \\"levels\\": Array [
        \\"Total Expenditure\\",
        \\"Spending From Excess Crude Account /Sovereign Wealth Fund\\",
        \\"Other Excess Crude Account\\",
      ],
      \\"uid\\": \\"Total ExpenditureSpending From Excess Crude Account /Sovereign Wealth FundOther Excess Crude Account\\",
      \\"value\\": 539768571.48,
      \\"value_ncu\\": 198000000000,
      \\"year\\": 2006,
    },
  ],
]"
`;
