// Jest Snapshot v1, https://goo.gl/fbAQLP

exports[`spotlight on uganda tests should return health tab data for wakiso district 1`] = `
"Object {
  \\"districtHealthRank\\": Object {
    \\"toolTip\\": Object {
      \\"heading\\": \\"A composite index based on the performance of all district health indicators. The higher the score the better the rated performance, with 0 the lowest score possible and 100 the highest.\\",
      \\"source\\": \\"Annual health sector performance reports 2010-2014, Ministry of Health.\\",
    },
    \\"value\\": \\"62nd\\",
  },
  \\"districtPerformance\\": Object {
    \\"toolTip\\": Object {
      \\"heading\\": \\"A composite index based on the performance of all district health indicators. The higher the score the better the rated performance, with 0 the lowest score possible and 100 the highest.\\",
      \\"source\\": \\"Annual health sector performance reports 2010-2014, Ministry of Health.\\",
    },
    \\"value\\": \\"70.3\\",
    \\"value_ncu\\": \\"No data\\",
  },
  \\"healthCareFunding\\": Object {
    \\"toolTip\\": Object {
      \\"heading\\": \\"Local government spending to healthcare per person, by district.\\",
      \\"source\\": \\"Local government budgets, Ministry of Finance, Planning and Economic Development.\\",
    },
    \\"value\\": \\"1.5\\",
    \\"value_ncu\\": \\"5.2k\\",
  },
  \\"treatmeantOfTb\\": Object {
    \\"toolTip\\": Object {
      \\"heading\\": \\"Percentage of successes among a number of attempts for treatment of tuberculosis, by district.\\",
      \\"source\\": \\"Annual health sector performance reports 2010-2014, Ministry of Health.\\",
    },
    \\"value\\": \\"70.0\\",
    \\"value_ncu\\": \\"No data\\",
  },
}"
`;

exports[`spotlight on uganda tests should return overview tab data for wakiso district 1`] = `
"Object {
  \\"localGovernmentSpendPerPerson\\": Object {
    \\"toolTip\\": Object {
      \\"heading\\": \\"Total per capita local government expenditure allocations, by district.\\",
      \\"source\\": \\"Uganda budget information, Ministry of Finance, Planning and Economic Development.\\",
    },
    \\"value\\": \\"No data\\",
    \\"value_ncu\\": \\"No data\\",
  },
  \\"poorestPeople\\": Object {
    \\"toolTip\\": Object {
      \\"heading\\": \\"Percentage of people in poverty, in relation to the total population in a given area, based on the national poverty line. It does not take into account the depth of poverty. The data year is given as the document publication date, but is based on estimates from previous household surveys by the Uganda Bureau of Statistics.\\",
      \\"source\\": \\"Profiles of higher (district and municipal) local governments 2014, Uganda Bureau of Statistics.\\",
    },
    \\"value\\": \\"13.1\\",
    \\"value_ncu\\": \\"No data\\",
  },
  \\"regionalResources\\": Object {
    \\"toolTip\\": Object {
      \\"heading\\": \\"The proportion of local government revenue that is locally generated, through collection of fees, fines and other local taxation, by district.\\",
      \\"source\\": \\"Uganda budget information, Ministry of Finance, Planning and Economic Development.\\",
    },
    \\"value\\": \\"4.3m\\",
    \\"value_ncu\\": \\"4.3m\\",
  },
  \\"regionalResourcesBreakdown\\": Array [
    Object {
      \\"data\\": Object {
        \\"color\\": \\"#e8443a\\",
        \\"id\\": \\"spotlight_on_uganda.uganda_igf_resources\\",
        \\"name\\": \\"Locally raised revenues\\",
        \\"uid\\": \\"B1yN1YIsW\\",
        \\"value\\": 863351.789868687,
        \\"year\\": 2015,
      },
      \\"toolTip\\": Object {
        \\"heading\\": \\"The proportion of local government revenue that is locally generated, through collection of fees, fines and other local taxation, by district.\\",
        \\"source\\": \\"Uganda budget information, Ministry of Finance, Planning and Economic Development.\\",
      },
    },
    Object {
      \\"data\\": Object {
        \\"color\\": \\"#eb642b\\",
        \\"id\\": \\"spotlight_on_uganda.uganda_central_resources\\",
        \\"name\\": \\"Centrally raised revenues\\",
        \\"uid\\": \\"Syxy4JYUsZ\\",
        \\"value\\": 3402591.22210666,
        \\"year\\": 2015,
      },
      \\"toolTip\\": Object {
        \\"heading\\": \\"The proportion of local government revenue that is funded though central government transfers, by district.\\",
        \\"source\\": \\"Local government budgets, Ministry of Finance, Planning and Economic Development\\",
      },
    },
    Object {
      \\"data\\": Object {
        \\"color\\": \\"#0089cc\\",
        \\"id\\": \\"spotlight_on_uganda.uganda_donor_resources\\",
        \\"name\\": \\"Donor revenues\\",
        \\"uid\\": \\"BJb1EyFLsW\\",
        \\"value\\": 0,
        \\"year\\": 2015,
      },
      \\"toolTip\\": Object {
        \\"heading\\": \\"Donor revenues.\\",
        \\"source\\": \\"Local government budgets, Ministry of Finance, Planning and Economic Development.\\",
      },
    },
  ],
}"
`;
