// Jest Snapshot v1, https://goo.gl/fbAQLP

exports[`spotlight on uganda tests should return overview tab data for wakiso district 1`] = `
"Object {
  \\"localGovernmentSpendPerPerson\\": Object {
    \\"toolTip\\": Object {
      \\"heading\\": \\"Total per capita local government expenditure allocations, by district.\\",
      \\"source\\": \\"Uganda budget information, Ministry of Finance, Planning and Economic Development.\\",
    },
    \\"value\\": \\"1.7\\",
    \\"value_ncu\\": \\"7.0k\\",
  },
  \\"poorestPeople\\": Object {
    \\"toolTip\\": Object {
      \\"heading\\": \\"Percentage of people in poverty, in relation to the total population in a given area, based on the national poverty line. It does not take into account the depth of poverty. The data year is given as the document publication date, but is based on estimates from previous household surveys by the Uganda Bureau of Statistics.\\",
      \\"source\\": \\"Profiles of higher (district and municipal) local governments 2014, Uganda Bureau of Statistics.\\",
    },
    \\"value\\": \\"13.1\\",
    \\"value_ncu\\": \\"No data\\",
  },
  \\"regionalResources\\": Object {
    \\"toolTip\\": Object {
      \\"heading\\": \\"The proportion of local government revenue that is locally generated, through collection of fees, fines and other local taxation, by district.\\",
      \\"source\\": \\"Uganda budget information, Ministry of Finance, Planning and Economic Development.\\",
    },
    \\"value\\": \\"22.7m\\",
    \\"value_ncu\\": \\"98.4bn\\",
  },
  \\"regionalResourcesBreakdown\\": Array [
    Object {
      \\"data\\": Object {
        \\"color\\": \\"#109e68\\",
        \\"id\\": \\"spotlight_on_uganda_2017.uganda_igf_resources\\",
        \\"name\\": \\"Locally raised revenues\\",
        \\"uid\\": \\"B1Pv2deAW\\",
        \\"value\\": 4095043.43,
        \\"year\\": 2015,
      },
      \\"toolTip\\": Object {
        \\"heading\\": \\"The proportion of local government revenue that is locally generated, through collection of fees, fines and other local taxation, by district.\\",
        \\"source\\": \\"Uganda budget information, Ministry of Finance, Planning and Economic Development.\\",
      },
    },
    Object {
      \\"data\\": Object {
        \\"color\\": \\"#e8443a\\",
        \\"id\\": \\"spotlight_on_uganda_2017.uganda_central_resources\\",
        \\"name\\": \\"Centrally raised revenues\\",
        \\"uid\\": \\"rkgvvhux0b\\",
        \\"value\\": 18640863.95,
        \\"year\\": 2015,
      },
      \\"toolTip\\": Object {
        \\"heading\\": \\"The proportion of local government revenue that is funded though central government transfers, by district.\\",
        \\"source\\": \\"Local government budgets, Ministry of Finance, Planning and Economic Development\\",
      },
    },
    Object {
      \\"data\\": Object {
        \\"color\\": \\"#0089cc\\",
        \\"id\\": \\"spotlight_on_uganda_2017.uganda_donor_resources\\",
        \\"name\\": \\"Donor revenues\\",
        \\"uid\\": \\"Sk-vvn_eRW\\",
        \\"value\\": 0,
        \\"year\\": 2015,
      },
      \\"toolTip\\": Object {
        \\"heading\\": \\"Donor revenues.\\",
        \\"source\\": \\"Local government budgets, Ministry of Finance, Planning and Economic Development.\\",
      },
    },
  ],
}"
`;
