// Jest Snapshot v1, https://goo.gl/fbAQLP

exports[`Site Global narratives and refrence module should return all countries 1`] = `
"Array [
  Object {
    \\"countryType\\": \\"recipient\\",
    \\"id\\": \\"AF\\",
    \\"name\\": \\"Afghanistan\\",
    \\"slug\\": \\"afghanistan\\",
  },
  Object {
    \\"countryType\\": \\"\\",
    \\"id\\": \\"AX\\",
    \\"name\\": \\"Aland Islands\\",
    \\"slug\\": \\"aland-islands\\",
  },
  Object {
    \\"countryType\\": \\"recipient\\",
    \\"id\\": \\"AL\\",
    \\"name\\": \\"Albania\\",
    \\"slug\\": \\"albania\\",
  },
  Object {
    \\"countryType\\": \\"recipient\\",
    \\"id\\": \\"DZ\\",
    \\"name\\": \\"Algeria\\",
    \\"slug\\": \\"algeria\\",
  },
  Object {
    \\"countryType\\": \\"\\",
    \\"id\\": \\"AS\\",
    \\"name\\": \\"American Samoa\\",
    \\"slug\\": \\"american-samoa\\",
  },
  Object {
    \\"countryType\\": \\"\\",
    \\"id\\": \\"AD\\",
    \\"name\\": \\"Andorra\\",
    \\"slug\\": \\"andorra\\",
  },
  Object {
    \\"countryType\\": \\"recipient\\",
    \\"id\\": \\"AO\\",
    \\"name\\": \\"Angola\\",
    \\"slug\\": \\"angola\\",
  },
  Object {
    \\"countryType\\": \\"recipient\\",
    \\"id\\": \\"AI\\",
    \\"name\\": \\"Anguilla\\",
    \\"slug\\": \\"anguilla\\",
  },
  Object {
    \\"countryType\\": \\"\\",
    \\"id\\": \\"AQ\\",
    \\"name\\": \\"Antarctica\\",
    \\"slug\\": \\"antarctica\\",
  },
  Object {
    \\"countryType\\": \\"recipient\\",
    \\"id\\": \\"AG\\",
    \\"name\\": \\"Antigua & Barbuda\\",
    \\"slug\\": \\"antigua-and-barbuda\\",
  },
  Object {
    \\"countryType\\": \\"recipient\\",
    \\"id\\": \\"AR\\",
    \\"name\\": \\"Argentina\\",
    \\"slug\\": \\"argentina\\",
  },
  Object {
    \\"countryType\\": \\"recipient\\",
    \\"id\\": \\"AM\\",
    \\"name\\": \\"Armenia\\",
    \\"slug\\": \\"armenia\\",
  },
  Object {
    \\"countryType\\": \\"\\",
    \\"id\\": \\"AW\\",
    \\"name\\": \\"Aruba\\",
    \\"slug\\": \\"aruba\\",
  },
  Object {
    \\"countryType\\": \\"donor\\",
    \\"id\\": \\"AU\\",
    \\"name\\": \\"Australia\\",
    \\"slug\\": \\"australia\\",
  },
  Object {
    \\"countryType\\": \\"donor\\",
    \\"id\\": \\"AT\\",
    \\"name\\": \\"Austria\\",
    \\"slug\\": \\"austria\\",
  },
  Object {
    \\"countryType\\": \\"recipient\\",
    \\"id\\": \\"AZ\\",
    \\"name\\": \\"Azerbaijan\\",
    \\"slug\\": \\"azerbaijan\\",
  },
  Object {
    \\"countryType\\": \\"\\",
    \\"id\\": \\"BS\\",
    \\"name\\": \\"Bahamas\\",
    \\"slug\\": \\"bahamas\\",
  },
  Object {
    \\"countryType\\": \\"recipient\\",
    \\"id\\": \\"BH\\",
    \\"name\\": \\"Bahrain\\",
    \\"slug\\": \\"bahrain\\",
  },
  Object {
    \\"countryType\\": \\"recipient\\",
    \\"id\\": \\"BD\\",
    \\"name\\": \\"Bangladesh\\",
    \\"slug\\": \\"bangladesh\\",
  },
  Object {
    \\"countryType\\": \\"recipient\\",
    \\"id\\": \\"BB\\",
    \\"name\\": \\"Barbados\\",
    \\"slug\\": \\"barbados\\",
  },
  Object {
    \\"countryType\\": \\"recipient\\",
    \\"id\\": \\"BY\\",
    \\"name\\": \\"Belarus\\",
    \\"slug\\": \\"belarus\\",
  },
  Object {
    \\"countryType\\": \\"donor\\",
    \\"id\\": \\"BE\\",
    \\"name\\": \\"Belgium\\",
    \\"slug\\": \\"belgium\\",
  },
  Object {
    \\"countryType\\": \\"recipient\\",
    \\"id\\": \\"BZ\\",
    \\"name\\": \\"Belize\\",
    \\"slug\\": \\"belize\\",
  },
  Object {
    \\"countryType\\": \\"recipient\\",
    \\"id\\": \\"BJ\\",
    \\"name\\": \\"Benin\\",
    \\"slug\\": \\"benin\\",
  },
  Object {
    \\"countryType\\": \\"\\",
    \\"id\\": \\"BM\\",
    \\"name\\": \\"Bermuda\\",
    \\"slug\\": \\"bermuda\\",
  },
  Object {
    \\"countryType\\": \\"recipient\\",
    \\"id\\": \\"BT\\",
    \\"name\\": \\"Bhutan\\",
    \\"slug\\": \\"bhutan\\",
  },
  Object {
    \\"countryType\\": \\"recipient\\",
    \\"id\\": \\"BO\\",
    \\"name\\": \\"Bolivia\\",
    \\"slug\\": \\"bolivia\\",
  },
  Object {
    \\"countryType\\": \\"\\",
    \\"id\\": \\"BQ\\",
    \\"name\\": \\"BES Islands\\",
    \\"slug\\": \\"bes-islands\\",
  },
  Object {
    \\"countryType\\": \\"recipient\\",
    \\"id\\": \\"BA\\",
    \\"name\\": \\"Bosnia & Herzegovina\\",
    \\"slug\\": \\"bosnia-and-herzegovina\\",
  },
  Object {
    \\"countryType\\": \\"recipient\\",
    \\"id\\": \\"BW\\",
    \\"name\\": \\"Botswana\\",
    \\"slug\\": \\"botswana\\",
  },
  Object {
    \\"countryType\\": \\"\\",
    \\"id\\": \\"BV\\",
    \\"name\\": \\"Bouvet Island\\",
    \\"slug\\": \\"bouvet-island\\",
  },
  Object {
    \\"countryType\\": \\"recipient\\",
    \\"id\\": \\"BR\\",
    \\"name\\": \\"Brazil\\",
    \\"slug\\": \\"brazil\\",
  },
  Object {
    \\"countryType\\": \\"\\",
    \\"id\\": \\"IO\\",
    \\"name\\": \\"British Indian Ocean Territory\\",
    \\"slug\\": \\"british-indian-ocean-territory\\",
  },
  Object {
    \\"countryType\\": \\"\\",
    \\"id\\": \\"BN\\",
    \\"name\\": \\"Brunei\\",
    \\"slug\\": \\"brunei\\",
  },
  Object {
    \\"countryType\\": \\"donor\\",
    \\"id\\": \\"BG\\",
    \\"name\\": \\"Bulgaria\\",
    \\"slug\\": \\"bulgaria\\",
  },
  Object {
    \\"countryType\\": \\"recipient\\",
    \\"id\\": \\"BF\\",
    \\"name\\": \\"Burkina Faso\\",
    \\"slug\\": \\"burkina-faso\\",
  },
  Object {
    \\"countryType\\": \\"recipient\\",
    \\"id\\": \\"BI\\",
    \\"name\\": \\"Burundi\\",
    \\"slug\\": \\"burundi\\",
  },
  Object {
    \\"countryType\\": \\"recipient\\",
    \\"id\\": \\"KH\\",
    \\"name\\": \\"Cambodia\\",
    \\"slug\\": \\"cambodia\\",
  },
  Object {
    \\"countryType\\": \\"recipient\\",
    \\"id\\": \\"CM\\",
    \\"name\\": \\"Cameroon\\",
    \\"slug\\": \\"cameroon\\",
  },
  Object {
    \\"countryType\\": \\"donor\\",
    \\"id\\": \\"CA\\",
    \\"name\\": \\"Canada\\",
    \\"slug\\": \\"canada\\",
  },
  Object {
    \\"countryType\\": \\"recipient\\",
    \\"id\\": \\"CV\\",
    \\"name\\": \\"Cape Verde\\",
    \\"slug\\": \\"cape-verde\\",
  },
  Object {
    \\"countryType\\": \\"\\",
    \\"id\\": \\"KY\\",
    \\"name\\": \\"Cayman Islands\\",
    \\"slug\\": \\"cayman-islands\\",
  },
  Object {
    \\"countryType\\": \\"recipient\\",
    \\"id\\": \\"CF\\",
    \\"name\\": \\"CAR\\",
    \\"slug\\": \\"car\\",
  },
  Object {
    \\"countryType\\": \\"recipient\\",
    \\"id\\": \\"TD\\",
    \\"name\\": \\"Chad\\",
    \\"slug\\": \\"chad\\",
  },
  Object {
    \\"countryType\\": \\"recipient\\",
    \\"id\\": \\"CL\\",
    \\"name\\": \\"Chile\\",
    \\"slug\\": \\"chile\\",
  },
  Object {
    \\"countryType\\": \\"recipient\\",
    \\"id\\": \\"CN\\",
    \\"name\\": \\"China\\",
    \\"slug\\": \\"china\\",
  },
  Object {
    \\"countryType\\": \\"\\",
    \\"id\\": \\"CX\\",
    \\"name\\": \\"Christmas Island\\",
    \\"slug\\": \\"christmas-island\\",
  },
  Object {
    \\"countryType\\": \\"\\",
    \\"id\\": \\"CC\\",
    \\"name\\": \\"Cocos (Keeling) Islands\\",
    \\"slug\\": \\"cocos-keeling-islands\\",
  },
  Object {
    \\"countryType\\": \\"recipient\\",
    \\"id\\": \\"CO\\",
    \\"name\\": \\"Colombia\\",
    \\"slug\\": \\"colombia\\",
  },
  Object {
    \\"countryType\\": \\"recipient\\",
    \\"id\\": \\"KM\\",
    \\"name\\": \\"Comoros\\",
    \\"slug\\": \\"comoros\\",
  },
  Object {
    \\"countryType\\": \\"recipient\\",
    \\"id\\": \\"CG\\",
    \\"name\\": \\"Congo\\",
    \\"slug\\": \\"congo\\",
  },
  Object {
    \\"countryType\\": \\"recipient\\",
    \\"id\\": \\"CD\\",
    \\"name\\": \\"DRC\\",
    \\"slug\\": \\"drc\\",
  },
  Object {
    \\"countryType\\": \\"recipient\\",
    \\"id\\": \\"CK\\",
    \\"name\\": \\"Cook Islands\\",
    \\"slug\\": \\"cook-islands\\",
  },
  Object {
    \\"countryType\\": \\"recipient\\",
    \\"id\\": \\"CR\\",
    \\"name\\": \\"Costa Rica\\",
    \\"slug\\": \\"costa-rica\\",
  },
  Object {
    \\"countryType\\": \\"recipient\\",
    \\"id\\": \\"CI\\",
    \\"name\\": \\"Côte d'Ivoire\\",
    \\"slug\\": \\"cote-divoire\\",
  },
  Object {
    \\"countryType\\": \\"crossover\\",
    \\"id\\": \\"country-unspecified\\",
    \\"name\\": \\"Country not specified\\",
    \\"slug\\": \\"country-unspecified\\",
  },
  Object {
    \\"countryType\\": \\"donor\\",
    \\"id\\": \\"HR\\",
    \\"name\\": \\"Croatia\\",
    \\"slug\\": \\"croatia\\",
  },
  Object {
    \\"countryType\\": \\"recipient\\",
    \\"id\\": \\"CU\\",
    \\"name\\": \\"Cuba\\",
    \\"slug\\": \\"cuba\\",
  },
  Object {
    \\"countryType\\": \\"\\",
    \\"id\\": \\"CW\\",
    \\"name\\": \\"Curacao\\",
    \\"slug\\": \\"curacao\\",
  },
  Object {
    \\"countryType\\": \\"donor\\",
    \\"id\\": \\"CY\\",
    \\"name\\": \\"Cyprus\\",
    \\"slug\\": \\"cyprus\\",
  },
  Object {
    \\"countryType\\": \\"donor\\",
    \\"id\\": \\"CZ\\",
    \\"name\\": \\"Czech Republic\\",
    \\"slug\\": \\"czech-republic\\",
  },
  Object {
    \\"countryType\\": \\"donor\\",
    \\"id\\": \\"DK\\",
    \\"name\\": \\"Denmark\\",
    \\"slug\\": \\"denmark\\",
  },
  Object {
    \\"countryType\\": \\"recipient\\",
    \\"id\\": \\"DJ\\",
    \\"name\\": \\"Djibouti\\",
    \\"slug\\": \\"djibouti\\",
  },
  Object {
    \\"countryType\\": \\"recipient\\",
    \\"id\\": \\"DM\\",
    \\"name\\": \\"Dominica\\",
    \\"slug\\": \\"dominica\\",
  },
  Object {
    \\"countryType\\": \\"recipient\\",
    \\"id\\": \\"DO\\",
    \\"name\\": \\"Dominican Republic\\",
    \\"slug\\": \\"dominican-republic\\",
  },
  Object {
    \\"countryType\\": \\"recipient\\",
    \\"id\\": \\"EC\\",
    \\"name\\": \\"Ecuador\\",
    \\"slug\\": \\"ecuador\\",
  },
  Object {
    \\"countryType\\": \\"recipient\\",
    \\"id\\": \\"EG\\",
    \\"name\\": \\"Egypt\\",
    \\"slug\\": \\"egypt\\",
  },
  Object {
    \\"countryType\\": \\"recipient\\",
    \\"id\\": \\"SV\\",
    \\"name\\": \\"El Salvador\\",
    \\"slug\\": \\"el-salvador\\",
  },
  Object {
    \\"countryType\\": \\"recipient\\",
    \\"id\\": \\"GQ\\",
    \\"name\\": \\"Equatorial Guinea\\",
    \\"slug\\": \\"equatorial-guinea\\",
  },
  Object {
    \\"countryType\\": \\"recipient\\",
    \\"id\\": \\"ER\\",
    \\"name\\": \\"Eritrea\\",
    \\"slug\\": \\"eritrea\\",
  },
  Object {
    \\"countryType\\": \\"donor\\",
    \\"id\\": \\"EE\\",
    \\"name\\": \\"Estonia\\",
    \\"slug\\": \\"estonia\\",
  },
  Object {
    \\"countryType\\": \\"recipient\\",
    \\"id\\": \\"ET\\",
    \\"name\\": \\"Ethiopia\\",
    \\"slug\\": \\"ethiopia\\",
  },
  Object {
    \\"countryType\\": \\"\\",
    \\"id\\": \\"FK\\",
    \\"name\\": \\"Falkland Islands\\",
    \\"slug\\": \\"falkland-islands\\",
  },
  Object {
    \\"countryType\\": \\"\\",
    \\"id\\": \\"FO\\",
    \\"name\\": \\"Faroe Islands\\",
    \\"slug\\": \\"faroe-islands\\",
  },
  Object {
    \\"countryType\\": \\"recipient\\",
    \\"id\\": \\"FJ\\",
    \\"name\\": \\"Fiji\\",
    \\"slug\\": \\"fiji\\",
  },
  Object {
    \\"countryType\\": \\"donor\\",
    \\"id\\": \\"FI\\",
    \\"name\\": \\"Finland\\",
    \\"slug\\": \\"finland\\",
  },
  Object {
    \\"countryType\\": \\"donor\\",
    \\"id\\": \\"FR\\",
    \\"name\\": \\"France\\",
    \\"slug\\": \\"france\\",
  },
  Object {
    \\"countryType\\": \\"\\",
    \\"id\\": \\"GF\\",
    \\"name\\": \\"French Guiana\\",
    \\"slug\\": \\"french-guiana\\",
  },
  Object {
    \\"countryType\\": \\"\\",
    \\"id\\": \\"PF\\",
    \\"name\\": \\"French Polynesia\\",
    \\"slug\\": \\"french-polynesia\\",
  },
  Object {
    \\"countryType\\": \\"\\",
    \\"id\\": \\"TF\\",
    \\"name\\": \\"French Southern Territories\\",
    \\"slug\\": \\"french-southern-territories\\",
  },
  Object {
    \\"countryType\\": \\"recipient\\",
    \\"id\\": \\"GA\\",
    \\"name\\": \\"Gabon\\",
    \\"slug\\": \\"gabon\\",
  },
  Object {
    \\"countryType\\": \\"recipient\\",
    \\"id\\": \\"GM\\",
    \\"name\\": \\"Gambia\\",
    \\"slug\\": \\"gambia\\",
  },
  Object {
    \\"countryType\\": \\"recipient\\",
    \\"id\\": \\"GE\\",
    \\"name\\": \\"Georgia\\",
    \\"slug\\": \\"georgia\\",
  },
  Object {
    \\"countryType\\": \\"donor\\",
    \\"id\\": \\"DE\\",
    \\"name\\": \\"Germany\\",
    \\"slug\\": \\"germany\\",
  },
  Object {
    \\"countryType\\": \\"recipient\\",
    \\"id\\": \\"GH\\",
    \\"name\\": \\"Ghana\\",
    \\"slug\\": \\"ghana\\",
  },
  Object {
    \\"countryType\\": \\"\\",
    \\"id\\": \\"GI\\",
    \\"name\\": \\"Gibraltar\\",
    \\"slug\\": \\"gibraltar\\",
  },
  Object {
    \\"countryType\\": \\"donor\\",
    \\"id\\": \\"GR\\",
    \\"name\\": \\"Greece\\",
    \\"slug\\": \\"greece\\",
  },
  Object {
    \\"countryType\\": \\"\\",
    \\"id\\": \\"GL\\",
    \\"name\\": \\"Greenland\\",
    \\"slug\\": \\"greenland\\",
  },
  Object {
    \\"countryType\\": \\"recipient\\",
    \\"id\\": \\"GD\\",
    \\"name\\": \\"Grenada\\",
    \\"slug\\": \\"grenada\\",
  },
  Object {
    \\"countryType\\": \\"\\",
    \\"id\\": \\"GP\\",
    \\"name\\": \\"Guadeloupe\\",
    \\"slug\\": \\"guadeloupe\\",
  },
  Object {
    \\"countryType\\": \\"\\",
    \\"id\\": \\"GU\\",
    \\"name\\": \\"Guam\\",
    \\"slug\\": \\"guam\\",
  },
  Object {
    \\"countryType\\": \\"recipient\\",
    \\"id\\": \\"GT\\",
    \\"name\\": \\"Guatemala\\",
    \\"slug\\": \\"guatemala\\",
  },
  Object {
    \\"countryType\\": \\"\\",
    \\"id\\": \\"GG\\",
    \\"name\\": \\"Guernsey\\",
    \\"slug\\": \\"guernsey\\",
  },
  Object {
    \\"countryType\\": \\"recipient\\",
    \\"id\\": \\"GN\\",
    \\"name\\": \\"Guinea\\",
    \\"slug\\": \\"guinea\\",
  },
  Object {
    \\"countryType\\": \\"recipient\\",
    \\"id\\": \\"GW\\",
    \\"name\\": \\"Guinea-Bissau\\",
    \\"slug\\": \\"guinea-bissau\\",
  },
  Object {
    \\"countryType\\": \\"recipient\\",
    \\"id\\": \\"GY\\",
    \\"name\\": \\"Guyana\\",
    \\"slug\\": \\"guyana\\",
  },
  Object {
    \\"countryType\\": \\"recipient\\",
    \\"id\\": \\"HT\\",
    \\"name\\": \\"Haiti\\",
    \\"slug\\": \\"haiti\\",
  },
  Object {
    \\"countryType\\": \\"\\",
    \\"id\\": \\"HM\\",
    \\"name\\": \\"Heard Island & McDonald Islands\\",
    \\"slug\\": \\"heard-island-and-mcdonald-islands\\",
  },
  Object {
    \\"countryType\\": \\"\\",
    \\"id\\": \\"VA\\",
    \\"name\\": \\"Holy See (Vatican City State)\\",
    \\"slug\\": \\"holy-see-vatican-city-state\\",
  },
  Object {
    \\"countryType\\": \\"recipient\\",
    \\"id\\": \\"HN\\",
    \\"name\\": \\"Honduras\\",
    \\"slug\\": \\"honduras\\",
  },
  Object {
    \\"countryType\\": \\"\\",
    \\"id\\": \\"HK\\",
    \\"name\\": \\"Hong Kong\\",
    \\"slug\\": \\"hong-kong\\",
  },
  Object {
    \\"countryType\\": \\"donor\\",
    \\"id\\": \\"HU\\",
    \\"name\\": \\"Hungary\\",
    \\"slug\\": \\"hungary\\",
  },
  Object {
    \\"countryType\\": \\"donor\\",
    \\"id\\": \\"IS\\",
    \\"name\\": \\"Iceland\\",
    \\"slug\\": \\"iceland\\",
  },
  Object {
    \\"countryType\\": \\"recipient\\",
    \\"id\\": \\"IN\\",
    \\"name\\": \\"India\\",
    \\"slug\\": \\"india\\",
  },
  Object {
    \\"countryType\\": \\"recipient\\",
    \\"id\\": \\"ID\\",
    \\"name\\": \\"Indonesia\\",
    \\"slug\\": \\"indonesia\\",
  },
  Object {
    \\"countryType\\": \\"recipient\\",
    \\"id\\": \\"IR\\",
    \\"name\\": \\"Iran\\",
    \\"slug\\": \\"iran\\",
  },
  Object {
    \\"countryType\\": \\"recipient\\",
    \\"id\\": \\"IQ\\",
    \\"name\\": \\"Iraq\\",
    \\"slug\\": \\"iraq\\",
  },
  Object {
    \\"countryType\\": \\"donor\\",
    \\"id\\": \\"IE\\",
    \\"name\\": \\"Ireland\\",
    \\"slug\\": \\"ireland\\",
  },
  Object {
    \\"countryType\\": \\"\\",
    \\"id\\": \\"IM\\",
    \\"name\\": \\"Isle of Man\\",
    \\"slug\\": \\"isle-of-man\\",
  },
  Object {
    \\"countryType\\": \\"donor\\",
    \\"id\\": \\"IL\\",
    \\"name\\": \\"Israel\\",
    \\"slug\\": \\"israel\\",
  },
  Object {
    \\"countryType\\": \\"donor\\",
    \\"id\\": \\"IT\\",
    \\"name\\": \\"Italy\\",
    \\"slug\\": \\"italy\\",
  },
  Object {
    \\"countryType\\": \\"recipient\\",
    \\"id\\": \\"JM\\",
    \\"name\\": \\"Jamaica\\",
    \\"slug\\": \\"jamaica\\",
  },
  Object {
    \\"countryType\\": \\"donor\\",
    \\"id\\": \\"JP\\",
    \\"name\\": \\"Japan\\",
    \\"slug\\": \\"japan\\",
  },
  Object {
    \\"countryType\\": \\"\\",
    \\"id\\": \\"JE\\",
    \\"name\\": \\"Jersey\\",
    \\"slug\\": \\"jersey\\",
  },
  Object {
    \\"countryType\\": \\"recipient\\",
    \\"id\\": \\"JO\\",
    \\"name\\": \\"Jordan\\",
    \\"slug\\": \\"jordan\\",
  },
  Object {
    \\"countryType\\": \\"crossover\\",
    \\"id\\": \\"KZ\\",
    \\"name\\": \\"Kazakhstan\\",
    \\"slug\\": \\"kazakhstan\\",
  },
  Object {
    \\"countryType\\": \\"recipient\\",
    \\"id\\": \\"KE\\",
    \\"name\\": \\"Kenya\\",
    \\"slug\\": \\"kenya\\",
  },
  Object {
    \\"countryType\\": \\"recipient\\",
    \\"id\\": \\"KI\\",
    \\"name\\": \\"Kiribati\\",
    \\"slug\\": \\"kiribati\\",
  },
  Object {
    \\"countryType\\": \\"recipient\\",
    \\"id\\": \\"KP\\",
    \\"name\\": \\"North Korea\\",
    \\"slug\\": \\"north-korea\\",
  },
  Object {
    \\"countryType\\": \\"donor\\",
    \\"id\\": \\"KR\\",
    \\"name\\": \\"Korea\\",
    \\"slug\\": \\"south-korea\\",
  },
  Object {
    \\"countryType\\": \\"recipient\\",
    \\"id\\": \\"XK\\",
    \\"name\\": \\"Kosovo\\",
    \\"slug\\": \\"kosovo\\",
  },
  Object {
    \\"countryType\\": \\"donor\\",
    \\"id\\": \\"KW\\",
    \\"name\\": \\"Kuwait\\",
    \\"slug\\": \\"kuwait\\",
  },
  Object {
    \\"countryType\\": \\"recipient\\",
    \\"id\\": \\"KG\\",
    \\"name\\": \\"Kyrgyzstan\\",
    \\"slug\\": \\"kyrgyzstan\\",
  },
  Object {
    \\"countryType\\": \\"recipient\\",
    \\"id\\": \\"LA\\",
    \\"name\\": \\"Lao\\",
    \\"slug\\": \\"lao\\",
  },
  Object {
    \\"countryType\\": \\"donor\\",
    \\"id\\": \\"LV\\",
    \\"name\\": \\"Latvia\\",
    \\"slug\\": \\"latvia\\",
  },
  Object {
    \\"countryType\\": \\"recipient\\",
    \\"id\\": \\"LB\\",
    \\"name\\": \\"Lebanon\\",
    \\"slug\\": \\"lebanon\\",
  },
  Object {
    \\"countryType\\": \\"recipient\\",
    \\"id\\": \\"LS\\",
    \\"name\\": \\"Lesotho\\",
    \\"slug\\": \\"lesotho\\",
  },
  Object {
    \\"countryType\\": \\"recipient\\",
    \\"id\\": \\"LR\\",
    \\"name\\": \\"Liberia\\",
    \\"slug\\": \\"liberia\\",
  },
  Object {
    \\"countryType\\": \\"recipient\\",
    \\"id\\": \\"LY\\",
    \\"name\\": \\"Libya\\",
    \\"slug\\": \\"libya\\",
  },
  Object {
    \\"countryType\\": \\"donor\\",
    \\"id\\": \\"LI\\",
    \\"name\\": \\"Liechtenstein\\",
    \\"slug\\": \\"liechtenstein\\",
  },
  Object {
    \\"countryType\\": \\"donor\\",
    \\"id\\": \\"LT\\",
    \\"name\\": \\"Lithuania\\",
    \\"slug\\": \\"lithuania\\",
  },
  Object {
    \\"countryType\\": \\"donor\\",
    \\"id\\": \\"LU\\",
    \\"name\\": \\"Luxembourg\\",
    \\"slug\\": \\"luxembourg\\",
  },
  Object {
    \\"countryType\\": \\"\\",
    \\"id\\": \\"MO\\",
    \\"name\\": \\"Macao\\",
    \\"slug\\": \\"macao\\",
  },
  Object {
    \\"countryType\\": \\"recipient\\",
    \\"id\\": \\"MK\\",
    \\"name\\": \\"Macedonia\\",
    \\"slug\\": \\"macedonia\\",
  },
  Object {
    \\"countryType\\": \\"recipient\\",
    \\"id\\": \\"MG\\",
    \\"name\\": \\"Madagascar\\",
    \\"slug\\": \\"madagascar\\",
  },
  Object {
    \\"countryType\\": \\"recipient\\",
    \\"id\\": \\"MW\\",
    \\"name\\": \\"Malawi\\",
    \\"slug\\": \\"malawi\\",
  },
  Object {
    \\"countryType\\": \\"recipient\\",
    \\"id\\": \\"MY\\",
    \\"name\\": \\"Malaysia\\",
    \\"slug\\": \\"malaysia\\",
  },
  Object {
    \\"countryType\\": \\"recipient\\",
    \\"id\\": \\"MV\\",
    \\"name\\": \\"Maldives\\",
    \\"slug\\": \\"maldives\\",
  },
  Object {
    \\"countryType\\": \\"recipient\\",
    \\"id\\": \\"ML\\",
    \\"name\\": \\"Mali\\",
    \\"slug\\": \\"mali\\",
  },
  Object {
    \\"countryType\\": \\"donor\\",
    \\"id\\": \\"MT\\",
    \\"name\\": \\"Malta\\",
    \\"slug\\": \\"malta\\",
  },
  Object {
    \\"countryType\\": \\"recipient\\",
    \\"id\\": \\"MH\\",
    \\"name\\": \\"Marshall Islands\\",
    \\"slug\\": \\"marshall-islands\\",
  },
  Object {
    \\"countryType\\": \\"\\",
    \\"id\\": \\"MQ\\",
    \\"name\\": \\"Martinique\\",
    \\"slug\\": \\"martinique\\",
  },
  Object {
    \\"countryType\\": \\"recipient\\",
    \\"id\\": \\"MR\\",
    \\"name\\": \\"Mauritania\\",
    \\"slug\\": \\"mauritania\\",
  },
  Object {
    \\"countryType\\": \\"recipient\\",
    \\"id\\": \\"MU\\",
    \\"name\\": \\"Mauritius\\",
    \\"slug\\": \\"mauritius\\",
  },
  Object {
    \\"countryType\\": \\"recipient\\",
    \\"id\\": \\"YT\\",
    \\"name\\": \\"Mayotte\\",
    \\"slug\\": \\"mayotte\\",
  },
  Object {
    \\"countryType\\": \\"recipient\\",
    \\"id\\": \\"MX\\",
    \\"name\\": \\"Mexico\\",
    \\"slug\\": \\"mexico\\",
  },
  Object {
    \\"countryType\\": \\"recipient\\",
    \\"id\\": \\"FM\\",
    \\"name\\": \\"Micronesia\\",
    \\"slug\\": \\"micronesia\\",
  },
  Object {
    \\"countryType\\": \\"recipient\\",
    \\"id\\": \\"MD\\",
    \\"name\\": \\"Moldova\\",
    \\"slug\\": \\"moldova\\",
  },
  Object {
    \\"countryType\\": \\"\\",
    \\"id\\": \\"MC\\",
    \\"name\\": \\"Monaco\\",
    \\"slug\\": \\"monaco\\",
  },
  Object {
    \\"countryType\\": \\"recipient\\",
    \\"id\\": \\"MN\\",
    \\"name\\": \\"Mongolia\\",
    \\"slug\\": \\"mongolia\\",
  },
  Object {
    \\"countryType\\": \\"recipient\\",
    \\"id\\": \\"ME\\",
    \\"name\\": \\"Montenegro\\",
    \\"slug\\": \\"montenegro\\",
  },
  Object {
    \\"countryType\\": \\"recipient\\",
    \\"id\\": \\"MS\\",
    \\"name\\": \\"Montserrat\\",
    \\"slug\\": \\"montserrat\\",
  },
  Object {
    \\"countryType\\": \\"recipient\\",
    \\"id\\": \\"MA\\",
    \\"name\\": \\"Morocco\\",
    \\"slug\\": \\"morocco\\",
  },
  Object {
    \\"countryType\\": \\"recipient\\",
    \\"id\\": \\"MZ\\",
    \\"name\\": \\"Mozambique\\",
    \\"slug\\": \\"mozambique\\",
  },
  Object {
    \\"countryType\\": \\"recipient\\",
    \\"id\\": \\"MM\\",
    \\"name\\": \\"Myanmar\\",
    \\"slug\\": \\"myanmar\\",
  },
  Object {
    \\"countryType\\": \\"recipient\\",
    \\"id\\": \\"NA\\",
    \\"name\\": \\"Namibia\\",
    \\"slug\\": \\"namibia\\",
  },
  Object {
    \\"countryType\\": \\"recipient\\",
    \\"id\\": \\"NR\\",
    \\"name\\": \\"Nauru\\",
    \\"slug\\": \\"nauru\\",
  },
  Object {
    \\"countryType\\": \\"recipient\\",
    \\"id\\": \\"NP\\",
    \\"name\\": \\"Nepal\\",
    \\"slug\\": \\"nepal\\",
  },
  Object {
    \\"countryType\\": \\"donor\\",
    \\"id\\": \\"NL\\",
    \\"name\\": \\"Netherlands\\",
    \\"slug\\": \\"netherlands\\",
  },
  Object {
    \\"countryType\\": \\"\\",
    \\"id\\": \\"ANHH\\",
    \\"name\\": \\"Netherlands Antilles\\",
    \\"slug\\": \\"netherlands-antilles\\",
  },
  Object {
    \\"countryType\\": \\"\\",
    \\"id\\": \\"NC\\",
    \\"name\\": \\"New Caledonia\\",
    \\"slug\\": \\"new-caledonia\\",
  },
  Object {
    \\"countryType\\": \\"donor\\",
    \\"id\\": \\"NZ\\",
    \\"name\\": \\"New Zealand\\",
    \\"slug\\": \\"new-zealand\\",
  },
  Object {
    \\"countryType\\": \\"recipient\\",
    \\"id\\": \\"NI\\",
    \\"name\\": \\"Nicaragua\\",
    \\"slug\\": \\"nicaragua\\",
  },
  Object {
    \\"countryType\\": \\"recipient\\",
    \\"id\\": \\"NE\\",
    \\"name\\": \\"Niger\\",
    \\"slug\\": \\"niger\\",
  },
  Object {
    \\"countryType\\": \\"recipient\\",
    \\"id\\": \\"NG\\",
    \\"name\\": \\"Nigeria\\",
    \\"slug\\": \\"nigeria\\",
  },
  Object {
    \\"countryType\\": \\"recipient\\",
    \\"id\\": \\"NU\\",
    \\"name\\": \\"Niue\\",
    \\"slug\\": \\"niue\\",
  },
  Object {
    \\"countryType\\": \\"\\",
    \\"id\\": \\"NF\\",
    \\"name\\": \\"Norfolk Island\\",
    \\"slug\\": \\"norfolk-island\\",
  },
  Object {
    \\"countryType\\": \\"\\",
    \\"id\\": \\"MP\\",
    \\"name\\": \\"Northern Mariana Islands\\",
    \\"slug\\": \\"northern-mariana-islands\\",
  },
  Object {
    \\"countryType\\": \\"donor\\",
    \\"id\\": \\"NO\\",
    \\"name\\": \\"Norway\\",
    \\"slug\\": \\"norway\\",
  },
  Object {
    \\"countryType\\": \\"recipient\\",
    \\"id\\": \\"OM\\",
    \\"name\\": \\"Oman\\",
    \\"slug\\": \\"oman\\",
  },
  Object {
    \\"countryType\\": \\"recipient\\",
    \\"id\\": \\"PK\\",
    \\"name\\": \\"Pakistan\\",
    \\"slug\\": \\"pakistan\\",
  },
  Object {
    \\"countryType\\": \\"recipient\\",
    \\"id\\": \\"PW\\",
    \\"name\\": \\"Palau\\",
    \\"slug\\": \\"palau\\",
  },
  Object {
    \\"countryType\\": \\"recipient\\",
    \\"id\\": \\"PS\\",
    \\"name\\": \\"Palestine\\",
    \\"slug\\": \\"palestine\\",
  },
  Object {
    \\"countryType\\": \\"recipient\\",
    \\"id\\": \\"PA\\",
    \\"name\\": \\"Panama\\",
    \\"slug\\": \\"panama\\",
  },
  Object {
    \\"countryType\\": \\"recipient\\",
    \\"id\\": \\"PG\\",
    \\"name\\": \\"Papua New Guinea\\",
    \\"slug\\": \\"papua-new-guinea\\",
  },
  Object {
    \\"countryType\\": \\"recipient\\",
    \\"id\\": \\"PY\\",
    \\"name\\": \\"Paraguay\\",
    \\"slug\\": \\"paraguay\\",
  },
  Object {
    \\"countryType\\": \\"recipient\\",
    \\"id\\": \\"PE\\",
    \\"name\\": \\"Peru\\",
    \\"slug\\": \\"peru\\",
  },
  Object {
    \\"countryType\\": \\"recipient\\",
    \\"id\\": \\"PH\\",
    \\"name\\": \\"Philippines\\",
    \\"slug\\": \\"philippines\\",
  },
  Object {
    \\"countryType\\": \\"\\",
    \\"id\\": \\"PN\\",
    \\"name\\": \\"Pitcairn\\",
    \\"slug\\": \\"pitcairn\\",
  },
  Object {
    \\"countryType\\": \\"donor\\",
    \\"id\\": \\"PL\\",
    \\"name\\": \\"Poland\\",
    \\"slug\\": \\"poland\\",
  },
  Object {
    \\"countryType\\": \\"donor\\",
    \\"id\\": \\"PT\\",
    \\"name\\": \\"Portugal\\",
    \\"slug\\": \\"portugal\\",
  },
  Object {
    \\"countryType\\": \\"\\",
    \\"id\\": \\"PR\\",
    \\"name\\": \\"Puerto Rico\\",
    \\"slug\\": \\"puerto-rico\\",
  },
  Object {
    \\"countryType\\": \\"\\",
    \\"id\\": \\"QA\\",
    \\"name\\": \\"Qatar\\",
    \\"slug\\": \\"qatar\\",
  },
  Object {
    \\"countryType\\": \\"\\",
    \\"id\\": \\"RE\\",
    \\"name\\": \\"Reunion\\",
    \\"slug\\": \\"réunion\\",
  },
  Object {
    \\"countryType\\": \\"donor\\",
    \\"id\\": \\"RO\\",
    \\"name\\": \\"Romania\\",
    \\"slug\\": \\"romania\\",
  },
  Object {
    \\"countryType\\": \\"donor\\",
    \\"id\\": \\"RU\\",
    \\"name\\": \\"Russian Federation\\",
    \\"slug\\": \\"russian-federation\\",
  },
  Object {
    \\"countryType\\": \\"recipient\\",
    \\"id\\": \\"RW\\",
    \\"name\\": \\"Rwanda\\",
    \\"slug\\": \\"rwanda\\",
  },
  Object {
    \\"countryType\\": \\"\\",
    \\"id\\": \\"BL\\",
    \\"name\\": \\"Saint Barthelemy\\",
    \\"slug\\": \\"saint-barthelemy\\",
  },
  Object {
    \\"countryType\\": \\"recipient\\",
    \\"id\\": \\"SH\\",
    \\"name\\": \\"Saint Helena, Ascension & Tristan da Cunha\\",
    \\"slug\\": \\"saint-helena-ascension-and-tristan-da-cunha\\",
  },
  Object {
    \\"countryType\\": \\"recipient\\",
    \\"id\\": \\"KN\\",
    \\"name\\": \\"Saint Kitts and Nevis\\",
    \\"slug\\": \\"saint-kitts-and-nevis\\",
  },
  Object {
    \\"countryType\\": \\"recipient\\",
    \\"id\\": \\"LC\\",
    \\"name\\": \\"Saint Lucia\\",
    \\"slug\\": \\"saint-lucia\\",
  },
  Object {
    \\"countryType\\": \\"\\",
    \\"id\\": \\"MF\\",
    \\"name\\": \\"Saint Martin\\",
    \\"slug\\": \\"saint-martin\\",
  },
  Object {
    \\"countryType\\": \\"\\",
    \\"id\\": \\"PM\\",
    \\"name\\": \\"Saint Pierre & Miquelon\\",
    \\"slug\\": \\"saint-pierre-and-miquelon\\",
  },
  Object {
    \\"countryType\\": \\"recipient\\",
    \\"id\\": \\"VC\\",
    \\"name\\": \\"Saint Vincent & the Grenadines\\",
    \\"slug\\": \\"saint-vincent-and-the-grenadines\\",
  },
  Object {
    \\"countryType\\": \\"recipient\\",
    \\"id\\": \\"WS\\",
    \\"name\\": \\"Samoa\\",
    \\"slug\\": \\"samoa\\",
  },
  Object {
    \\"countryType\\": \\"\\",
    \\"id\\": \\"SM\\",
    \\"name\\": \\"San Marino\\",
    \\"slug\\": \\"san-marino\\",
  },
  Object {
    \\"countryType\\": \\"recipient\\",
    \\"id\\": \\"ST\\",
    \\"name\\": \\"Sao Tome & Principe\\",
    \\"slug\\": \\"sao-tome-and-principe\\",
  },
  Object {
    \\"countryType\\": \\"donor\\",
    \\"id\\": \\"SA\\",
    \\"name\\": \\"Saudi Arabia\\",
    \\"slug\\": \\"saudi-arabia\\",
  },
  Object {
    \\"countryType\\": \\"recipient\\",
    \\"id\\": \\"SN\\",
    \\"name\\": \\"Senegal\\",
    \\"slug\\": \\"senegal\\",
  },
  Object {
    \\"countryType\\": \\"recipient\\",
    \\"id\\": \\"RS\\",
    \\"name\\": \\"Serbia\\",
    \\"slug\\": \\"serbia\\",
  },
  Object {
    \\"countryType\\": \\"recipient\\",
    \\"id\\": \\"SC\\",
    \\"name\\": \\"Seychelles\\",
    \\"slug\\": \\"seychelles\\",
  },
  Object {
    \\"countryType\\": \\"recipient\\",
    \\"id\\": \\"SL\\",
    \\"name\\": \\"Sierra Leone\\",
    \\"slug\\": \\"sierra-leone\\",
  },
  Object {
    \\"countryType\\": \\"\\",
    \\"id\\": \\"SG\\",
    \\"name\\": \\"Singapore\\",
    \\"slug\\": \\"singapore\\",
  },
  Object {
    \\"countryType\\": \\"\\",
    \\"id\\": \\"SX\\",
    \\"name\\": \\"Sint Maarten (Dutch part)\\",
    \\"slug\\": \\"sint-maarten-dutch-part\\",
  },
  Object {
    \\"countryType\\": \\"donor\\",
    \\"id\\": \\"SK\\",
    \\"name\\": \\"Slovak Republic\\",
    \\"slug\\": \\"slovakia\\",
  },
  Object {
    \\"countryType\\": \\"donor\\",
    \\"id\\": \\"SI\\",
    \\"name\\": \\"Slovenia\\",
    \\"slug\\": \\"slovenia\\",
  },
  Object {
    \\"countryType\\": \\"recipient\\",
    \\"id\\": \\"SB\\",
    \\"name\\": \\"Solomon Islands\\",
    \\"slug\\": \\"solomon-islands\\",
  },
  Object {
    \\"countryType\\": \\"recipient\\",
    \\"id\\": \\"SO\\",
    \\"name\\": \\"Somalia\\",
    \\"slug\\": \\"somalia\\",
  },
  Object {
    \\"countryType\\": \\"recipient\\",
    \\"id\\": \\"ZA\\",
    \\"name\\": \\"South Africa\\",
    \\"slug\\": \\"south-africa\\",
  },
  Object {
    \\"countryType\\": \\"\\",
    \\"id\\": \\"GS\\",
    \\"name\\": \\"South Georgia & the South Sandwich Islands\\",
    \\"slug\\": \\"south-georgia-and-the-south-sandwich-islands\\",
  },
  Object {
    \\"countryType\\": \\"recipient\\",
    \\"id\\": \\"SS\\",
    \\"name\\": \\"South Sudan\\",
    \\"slug\\": \\"south-sudan\\",
  },
  Object {
    \\"countryType\\": \\"donor\\",
    \\"id\\": \\"ES\\",
    \\"name\\": \\"Spain\\",
    \\"slug\\": \\"spain\\",
  },
  Object {
    \\"countryType\\": \\"recipient\\",
    \\"id\\": \\"LK\\",
    \\"name\\": \\"Sri Lanka\\",
    \\"slug\\": \\"sri-lanka\\",
  },
  Object {
    \\"countryType\\": \\"recipient\\",
    \\"id\\": \\"SD\\",
    \\"name\\": \\"Sudan\\",
    \\"slug\\": \\"sudan\\",
  },
  Object {
    \\"countryType\\": \\"recipient\\",
    \\"id\\": \\"SR\\",
    \\"name\\": \\"Suriname\\",
    \\"slug\\": \\"suriname\\",
  },
  Object {
    \\"countryType\\": \\"\\",
    \\"id\\": \\"SJ\\",
    \\"name\\": \\"Svalbard & Jan Mayen\\",
    \\"slug\\": \\"svalbard-and-jan-mayen\\",
  },
  Object {
    \\"countryType\\": \\"recipient\\",
    \\"id\\": \\"SZ\\",
    \\"name\\": \\"Swaziland\\",
    \\"slug\\": \\"swaziland\\",
  },
  Object {
    \\"countryType\\": \\"donor\\",
    \\"id\\": \\"SE\\",
    \\"name\\": \\"Sweden\\",
    \\"slug\\": \\"sweden\\",
  },
  Object {
    \\"countryType\\": \\"donor\\",
    \\"id\\": \\"CH\\",
    \\"name\\": \\"Switzerland\\",
    \\"slug\\": \\"switzerland\\",
  },
  Object {
    \\"countryType\\": \\"recipient\\",
    \\"id\\": \\"SY\\",
    \\"name\\": \\"Syria\\",
    \\"slug\\": \\"syria\\",
  },
  Object {
    \\"countryType\\": \\"donor\\",
    \\"id\\": \\"TW\\",
    \\"name\\": \\"Taiwan\\",
    \\"slug\\": \\"taiwan\\",
  },
  Object {
    \\"countryType\\": \\"recipient\\",
    \\"id\\": \\"TJ\\",
    \\"name\\": \\"Tajikistan\\",
    \\"slug\\": \\"tajikistan\\",
  },
  Object {
    \\"countryType\\": \\"recipient\\",
    \\"id\\": \\"TZ\\",
    \\"name\\": \\"Tanzania\\",
    \\"slug\\": \\"tanzania\\",
  },
  Object {
    \\"countryType\\": \\"crossover\\",
    \\"id\\": \\"TH\\",
    \\"name\\": \\"Thailand\\",
    \\"slug\\": \\"thailand\\",
  },
  Object {
    \\"countryType\\": \\"crossover\\",
    \\"id\\": \\"TL\\",
    \\"name\\": \\"Timor-Leste\\",
    \\"slug\\": \\"timor-leste\\",
  },
  Object {
    \\"countryType\\": \\"recipient\\",
    \\"id\\": \\"TG\\",
    \\"name\\": \\"Togo\\",
    \\"slug\\": \\"togo\\",
  },
  Object {
    \\"countryType\\": \\"recipient\\",
    \\"id\\": \\"TK\\",
    \\"name\\": \\"Tokelau\\",
    \\"slug\\": \\"tokelau\\",
  },
  Object {
    \\"countryType\\": \\"recipient\\",
    \\"id\\": \\"TO\\",
    \\"name\\": \\"Tonga\\",
    \\"slug\\": \\"tonga\\",
  },
  Object {
    \\"countryType\\": \\"recipient\\",
    \\"id\\": \\"TT\\",
    \\"name\\": \\"Trinidad & Tobago\\",
    \\"slug\\": \\"trinidad-and-tobago\\",
  },
  Object {
    \\"countryType\\": \\"recipient\\",
    \\"id\\": \\"TN\\",
    \\"name\\": \\"Tunisia\\",
    \\"slug\\": \\"tunisia\\",
  },
  Object {
    \\"countryType\\": \\"crossover\\",
    \\"id\\": \\"TR\\",
    \\"name\\": \\"Turkey\\",
    \\"slug\\": \\"turkey\\",
  },
  Object {
    \\"countryType\\": \\"recipient\\",
    \\"id\\": \\"TM\\",
    \\"name\\": \\"Turkmenistan\\",
    \\"slug\\": \\"turkmenistan\\",
  },
  Object {
    \\"countryType\\": \\"recipient\\",
    \\"id\\": \\"TC\\",
    \\"name\\": \\"Turks & Caicos Islands\\",
    \\"slug\\": \\"turks-and-caicos-islands\\",
  },
  Object {
    \\"countryType\\": \\"recipient\\",
    \\"id\\": \\"TV\\",
    \\"name\\": \\"Tuvalu\\",
    \\"slug\\": \\"tuvalu\\",
  },
  Object {
    \\"countryType\\": \\"recipient\\",
    \\"id\\": \\"UG\\",
    \\"name\\": \\"Uganda\\",
    \\"slug\\": \\"uganda\\",
  },
  Object {
    \\"countryType\\": \\"donor\\",
    \\"id\\": \\"GB\\",
    \\"name\\": \\"United Kingdom\\",
    \\"slug\\": \\"united-kingdom\\",
  },
  Object {
    \\"countryType\\": \\"recipient\\",
    \\"id\\": \\"UA\\",
    \\"name\\": \\"Ukraine\\",
    \\"slug\\": \\"ukraine\\",
  },
  Object {
    \\"countryType\\": \\"donor\\",
    \\"id\\": \\"AE\\",
    \\"name\\": \\"UAE\\",
    \\"slug\\": \\"uae\\",
  },
  Object {
    \\"countryType\\": \\"donor\\",
    \\"id\\": \\"US\\",
    \\"name\\": \\"United States\\",
    \\"slug\\": \\"usa\\",
  },
  Object {
    \\"countryType\\": \\"\\",
    \\"id\\": \\"UM\\",
    \\"name\\": \\"United States Minor Outlying Islands\\",
    \\"slug\\": \\"united-states-minor-outlying-islands\\",
  },
  Object {
    \\"countryType\\": \\"recipient\\",
    \\"id\\": \\"UY\\",
    \\"name\\": \\"Uruguay\\",
    \\"slug\\": \\"uruguay\\",
  },
  Object {
    \\"countryType\\": \\"recipient\\",
    \\"id\\": \\"UZ\\",
    \\"name\\": \\"Uzbekistan\\",
    \\"slug\\": \\"uzbekistan\\",
  },
  Object {
    \\"countryType\\": \\"recipient\\",
    \\"id\\": \\"VU\\",
    \\"name\\": \\"Vanuatu\\",
    \\"slug\\": \\"vanuatu\\",
  },
  Object {
    \\"countryType\\": \\"recipient\\",
    \\"id\\": \\"VE\\",
    \\"name\\": \\"Venezuela\\",
    \\"slug\\": \\"venezuela\\",
  },
  Object {
    \\"countryType\\": \\"recipient\\",
    \\"id\\": \\"VN\\",
    \\"name\\": \\"Viet Nam\\",
    \\"slug\\": \\"viet-nam\\",
  },
  Object {
    \\"countryType\\": \\"\\",
    \\"id\\": \\"VG\\",
    \\"name\\": \\"Virgin Islands (GB)\\",
    \\"slug\\": \\"virgin-islands-gb\\",
  },
  Object {
    \\"countryType\\": \\"\\",
    \\"id\\": \\"VI\\",
    \\"name\\": \\"Virgin Islands (US)\\",
    \\"slug\\": \\"virgin-islands-us\\",
  },
  Object {
    \\"countryType\\": \\"recipient\\",
    \\"id\\": \\"WF\\",
    \\"name\\": \\"Wallis & Futuna\\",
    \\"slug\\": \\"wallis-and-futuna\\",
  },
  Object {
    \\"countryType\\": \\"\\",
    \\"id\\": \\"EH\\",
    \\"name\\": \\"Western Sahara\\",
    \\"slug\\": \\"western-sahara\\",
  },
  Object {
    \\"countryType\\": \\"recipient\\",
    \\"id\\": \\"YE\\",
    \\"name\\": \\"Yemen\\",
    \\"slug\\": \\"yemen\\",
  },
  Object {
    \\"countryType\\": \\"recipient\\",
    \\"id\\": \\"ZM\\",
    \\"name\\": \\"Zambia\\",
    \\"slug\\": \\"zambia\\",
  },
  Object {
    \\"countryType\\": \\"recipient\\",
    \\"id\\": \\"ZW\\",
    \\"name\\": \\"Zimbabwe\\",
    \\"slug\\": \\"zimbabwe\\",
  },
]"
`;

exports[`Site Global narratives and refrence module should return colors 1`] = `
"Array [
  Object {
    \\"id\\": \\"red\\",
    \\"value\\": \\"#e8443a\\",
  },
  Object {
    \\"id\\": \\"red-light\\",
    \\"value\\": \\"#f0826d\\",
  },
  Object {
    \\"id\\": \\"red-lighter\\",
    \\"value\\": \\"#fbd7cb\\",
  },
  Object {
    \\"id\\": \\"red-dark\\",
    \\"value\\": \\"#bc2629\\",
  },
  Object {
    \\"id\\": \\"red-darker\\",
    \\"value\\": \\"#8f1b13\\",
  },
  Object {
    \\"id\\": \\"white\\",
    \\"value\\": \\"#ffffff\\",
  },
  Object {
    \\"id\\": \\"yellow\\",
    \\"value\\": \\"#f49b21\\",
  },
  Object {
    \\"id\\": \\"yellow-lighter\\",
    \\"value\\": \\"#fee7c1\\",
  },
  Object {
    \\"id\\": \\"yellow-light\\",
    \\"value\\": \\"#f9b865\\",
  },
  Object {
    \\"id\\": \\"yellow-dark\\",
    \\"value\\": \\"#e48a00\\",
  },
  Object {
    \\"id\\": \\"yellow-darker\\",
    \\"value\\": \\"#a85d00\\",
  },
  Object {
    \\"id\\": \\"orange\\",
    \\"value\\": \\"#eb642b\\",
  },
  Object {
    \\"id\\": \\"orange-lighter\\",
    \\"value\\": \\"#fcdbbf\\",
  },
  Object {
    \\"id\\": \\"orange-light\\",
    \\"value\\": \\"#f18e5e\\",
  },
  Object {
    \\"id\\": \\"orange-dark\\",
    \\"value\\": \\"#d85b31\\",
  },
  Object {
    \\"id\\": \\"orange-darker\\",
    \\"value\\": \\"#973915\\",
  },
  Object {
    \\"id\\": \\"pink\\",
    \\"value\\": \\"#c2135b\\",
  },
  Object {
    \\"id\\": \\"pink-lighter\\",
    \\"value\\": \\"#f6b8c1\\",
  },
  Object {
    \\"id\\": \\"pink-light\\",
    \\"value\\": \\"#d64278\\",
  },
  Object {
    \\"id\\": \\"pink-dark\\",
    \\"value\\": \\"#ad1257\\",
  },
  Object {
    \\"id\\": \\"pink-darker\\",
    \\"value\\": \\"#7e1850\\",
  },
  Object {
    \\"id\\": \\"purple\\",
    \\"value\\": \\"#893f90\\",
  },
  Object {
    \\"id\\": \\"purple-lighter\\",
    \\"value\\": \\"#deb5d6\\",
  },
  Object {
    \\"id\\": \\"purple-light\\",
    \\"value\\": \\"#a45ea1\\",
  },
  Object {
    \\"id\\": \\"purple-dark\\",
    \\"value\\": \\"#7b3b89\\",
  },
  Object {
    \\"id\\": \\"purple-darker\\",
    \\"value\\": \\"#551f65\\",
  },
  Object {
    \\"id\\": \\"blue\\",
    \\"value\\": \\"#0089cc\\",
  },
  Object {
    \\"id\\": \\"blue-lighter\\",
    \\"value\\": \\"#bcd4f0\\",
  },
  Object {
    \\"id\\": \\"blue-light\\",
    \\"value\\": \\"#5da3d9\\",
  },
  Object {
    \\"id\\": \\"blue-dark\\",
    \\"value\\": \\"#0071b1\\",
  },
  Object {
    \\"id\\": \\"blue-darker\\",
    \\"value\\": \\"#0c457b\\",
  },
  Object {
    \\"id\\": \\"green\\",
    \\"value\\": \\"#109e68\\",
  },
  Object {
    \\"id\\": \\"green-lighter\\",
    \\"value\\": \\"#b1d8bb\\",
  },
  Object {
    \\"id\\": \\"green-light\\",
    \\"value\\": \\"#5ab88a\\",
  },
  Object {
    \\"id\\": \\"green-dark\\",
    \\"value\\": \\"#007851\\",
  },
  Object {
    \\"id\\": \\"green-darker\\",
    \\"value\\": \\"#065139\\",
  },
  Object {
    \\"id\\": \\"grey\\",
    \\"value\\": \\"#6a6569\\",
  },
  Object {
    \\"id\\": \\"grey-lighter\\",
    \\"value\\": \\"#e9e7e8\\",
  },
  Object {
    \\"id\\": \\"grey-light\\",
    \\"value\\": \\"#d0cccf\\",
  },
  Object {
    \\"id\\": \\"grey-dark\\",
    \\"value\\": \\"#555053\\",
  },
  Object {
    \\"id\\": \\"grey-darker\\",
    \\"value\\": \\"#443e42\\",
  },
]"
`;
