// Jest Snapshot v1, https://goo.gl/fbAQLP

exports[`country profile DW module tests should return government finance data for Uganda && somalia && Turkey 1`] = `
"Object {
  \\"gvtUg\\": Object {
    \\"currencyCode\\": \\"GHS\\",
    \\"currencyUSD\\": \\"constant 2015 USD\\",
    \\"expenditure\\": Array [
      Object {
        \\"budget_type\\": \\"Actual\\",
        \\"color\\": \\"#eb642b\\",
        \\"id\\": \\"GH\\",
        \\"l1\\": \\"total-expenditure\\",
        \\"l2\\": \\"capital-expenditure\\",
        \\"l3\\": \\"domestically-financed\\",
        \\"l4\\": null,
        \\"l5\\": null,
        \\"l6\\": null,
        \\"levels\\": Array [
          \\"Total Expenditure\\",
          \\"Capital Expenditure\\",
          \\"Domestically Financed\\",
        ],
        \\"row_id\\": 32679,
        \\"uid\\": \\"Syhe6VKZZjW\\",
        \\"value\\": 327218907.2,
        \\"value_ncu\\": 1220000000,
        \\"year\\": 2015,
      },
      Object {
        \\"budget_type\\": \\"Actual\\",
        \\"color\\": \\"#109e68\\",
        \\"id\\": \\"GH\\",
        \\"l1\\": \\"total-expenditure\\",
        \\"l2\\": \\"recurrent-expenditure\\",
        \\"l3\\": \\"compensation-of-employees\\",
        \\"l4\\": null,
        \\"l5\\": null,
        \\"l6\\": null,
        \\"levels\\": Array [
          \\"Total Expenditure\\",
          \\"Recurrent Expenditure\\",
          \\"Compensation Of Employees\\",
        ],
        \\"row_id\\": 32680,
        \\"uid\\": \\"H1TxTEF-Wi-\\",
        \\"value\\": 3478754423,
        \\"value_ncu\\": 12900000000,
        \\"year\\": 2015,
      },
      Object {
        \\"budget_type\\": \\"Actual\\",
        \\"color\\": \\"#eb642b\\",
        \\"id\\": \\"GH\\",
        \\"l1\\": \\"total-expenditure\\",
        \\"l2\\": \\"capital-expenditure\\",
        \\"l3\\": \\"externally-financed\\",
        \\"l4\\": null,
        \\"l5\\": null,
        \\"l6\\": null,
        \\"levels\\": Array [
          \\"Total Expenditure\\",
          \\"Capital Expenditure\\",
          \\"Externally Financed\\",
        ],
        \\"row_id\\": 32684,
        \\"uid\\": \\"r1Rx6VtZZjb\\",
        \\"value\\": 1594081244,
        \\"value_ncu\\": 5920000000,
        \\"year\\": 2015,
      },
      Object {
        \\"budget_type\\": \\"Actual\\",
        \\"color\\": \\"#109e68\\",
        \\"id\\": \\"GH\\",
        \\"l1\\": \\"total-expenditure\\",
        \\"l2\\": \\"recurrent-expenditure\\",
        \\"l3\\": \\"social-transfers\\",
        \\"l4\\": null,
        \\"l5\\": null,
        \\"l6\\": null,
        \\"levels\\": Array [
          \\"Total Expenditure\\",
          \\"Recurrent Expenditure\\",
          \\"Social Transfers\\",
        ],
        \\"row_id\\": 32687,
        \\"uid\\": \\"HyJZaNYZZiZ\\",
        \\"value\\": \\"0\\",
        \\"value_ncu\\": \\"0\\",
        \\"year\\": 2015,
      },
      Object {
        \\"budget_type\\": \\"Actual\\",
        \\"color\\": \\"#109e68\\",
        \\"id\\": \\"GH\\",
        \\"l1\\": \\"total-expenditure\\",
        \\"l2\\": \\"recurrent-expenditure\\",
        \\"l3\\": \\"compensation-of-employees\\",
        \\"l4\\": \\"social-contributions\\",
        \\"l5\\": null,
        \\"l6\\": null,
        \\"levels\\": Array [
          \\"Total Expenditure\\",
          \\"Recurrent Expenditure\\",
          \\"Compensation Of Employees\\",
          \\"Social Contributions\\",
        ],
        \\"row_id\\": 32691,
        \\"uid\\": \\"B1xb64K-Wo-\\",
        \\"value\\": 418786338,
        \\"value_ncu\\": 1560000000,
        \\"year\\": 2015,
      },
      Object {
        \\"budget_type\\": \\"Actual\\",
        \\"color\\": \\"#109e68\\",
        \\"id\\": \\"GH\\",
        \\"l1\\": \\"total-expenditure\\",
        \\"l2\\": \\"recurrent-expenditure\\",
        \\"l3\\": \\"interest\\",
        \\"l4\\": null,
        \\"l5\\": null,
        \\"l6\\": null,
        \\"levels\\": Array [
          \\"Total Expenditure\\",
          \\"Recurrent Expenditure\\",
          \\"Interest\\",
        ],
        \\"row_id\\": 32692,
        \\"uid\\": \\"BJbbTEK-WoZ\\",
        \\"value\\": 2444042455,
        \\"value_ncu\\": 9080000000,
        \\"year\\": 2015,
      },
      Object {
        \\"budget_type\\": \\"Actual\\",
        \\"color\\": \\"#109e68\\",
        \\"id\\": \\"GH\\",
        \\"l1\\": \\"total-expenditure\\",
        \\"l2\\": \\"recurrent-expenditure\\",
        \\"l3\\": \\"interest\\",
        \\"l4\\": \\"domestic\\",
        \\"l5\\": null,
        \\"l6\\": null,
        \\"levels\\": Array [
          \\"Total Expenditure\\",
          \\"Recurrent Expenditure\\",
          \\"Interest\\",
          \\"Domestic\\",
        ],
        \\"row_id\\": 32693,
        \\"uid\\": \\"HkGZ6VKW-ib\\",
        \\"value\\": 1969507711,
        \\"value_ncu\\": 7310000000,
        \\"year\\": 2015,
      },
      Object {
        \\"budget_type\\": \\"Actual\\",
        \\"color\\": \\"#109e68\\",
        \\"id\\": \\"GH\\",
        \\"l1\\": \\"total-expenditure\\",
        \\"l2\\": \\"recurrent-expenditure\\",
        \\"l3\\": \\"interest\\",
        \\"l4\\": \\"foreign\\",
        \\"l5\\": null,
        \\"l6\\": null,
        \\"levels\\": Array [
          \\"Total Expenditure\\",
          \\"Recurrent Expenditure\\",
          \\"Interest\\",
          \\"Foreign\\",
        ],
        \\"row_id\\": 32695,
        \\"uid\\": \\"BJmbpVF-bj-\\",
        \\"value\\": 474534744.4,
        \\"value_ncu\\": 1760000000,
        \\"year\\": 2015,
      },
      Object {
        \\"budget_type\\": \\"Actual\\",
        \\"color\\": \\"#109e68\\",
        \\"id\\": \\"GH\\",
        \\"l1\\": \\"total-expenditure\\",
        \\"l2\\": \\"recurrent-expenditure\\",
        \\"l3\\": \\"compensation-of-employees\\",
        \\"l4\\": \\"wages-and-salaries\\",
        \\"l5\\": null,
        \\"l6\\": null,
        \\"levels\\": Array [
          \\"Total Expenditure\\",
          \\"Recurrent Expenditure\\",
          \\"Compensation Of Employees\\",
          \\"Wages And Salaries\\",
        ],
        \\"row_id\\": 32696,
        \\"uid\\": \\"ryN-aVK--iW\\",
        \\"value\\": 2842899411,
        \\"value_ncu\\": 10600000000,
        \\"year\\": 2015,
      },
      Object {
        \\"budget_type\\": \\"Actual\\",
        \\"color\\": \\"#eb642b\\",
        \\"id\\": \\"GH\\",
        \\"l1\\": \\"total-expenditure\\",
        \\"l2\\": \\"capital-expenditure\\",
        \\"l3\\": null,
        \\"l4\\": null,
        \\"l5\\": null,
        \\"l6\\": null,
        \\"levels\\": Array [
          \\"Total Expenditure\\",
          \\"Capital Expenditure\\",
        ],
        \\"row_id\\": 32698,
        \\"uid\\": \\"HySZpEK-ZsW\\",
        \\"value\\": 1921300151,
        \\"value_ncu\\": 7130000000,
        \\"year\\": 2015,
      },
      Object {
        \\"budget_type\\": \\"Actual\\",
        \\"color\\": \\"#109e68\\",
        \\"id\\": \\"GH\\",
        \\"l1\\": \\"total-expenditure\\",
        \\"l2\\": \\"recurrent-expenditure\\",
        \\"l3\\": \\"other-expense\\",
        \\"l4\\": null,
        \\"l5\\": null,
        \\"l6\\": null,
        \\"levels\\": Array [
          \\"Total Expenditure\\",
          \\"Recurrent Expenditure\\",
          \\"Other Expense\\",
        ],
        \\"row_id\\": 32702,
        \\"uid\\": \\"r1LWpVKbZsb\\",
        \\"value\\": 431982820.7,
        \\"value_ncu\\": 1600000000,
        \\"year\\": 2015,
      },
      Object {
        \\"budget_type\\": \\"Actual\\",
        \\"color\\": \\"#109e68\\",
        \\"id\\": \\"GH\\",
        \\"l1\\": \\"total-expenditure\\",
        \\"l2\\": \\"recurrent-expenditure\\",
        \\"l3\\": null,
        \\"l4\\": null,
        \\"l5\\": null,
        \\"l6\\": null,
        \\"levels\\": Array [
          \\"Total Expenditure\\",
          \\"Recurrent Expenditure\\",
        ],
        \\"row_id\\": 32705,
        \\"uid\\": \\"H1DW6Vtb-iZ\\",
        \\"value\\": 7884763742,
        \\"value_ncu\\": 29300000000,
        \\"year\\": 2015,
      },
      Object {
        \\"budget_type\\": \\"Actual\\",
        \\"color\\": \\"#109e68\\",
        \\"id\\": \\"GH\\",
        \\"l1\\": \\"total-expenditure\\",
        \\"l2\\": \\"recurrent-expenditure\\",
        \\"l3\\": \\"purchases-of-goods-and-services\\",
        \\"l4\\": null,
        \\"l5\\": null,
        \\"l6\\": null,
        \\"levels\\": Array [
          \\"Total Expenditure\\",
          \\"Recurrent Expenditure\\",
          \\"Purchases Of Goods And Services\\",
        ],
        \\"row_id\\": 32707,
        \\"uid\\": \\"rku-a4YWWsZ\\",
        \\"value\\": 373810570.5,
        \\"value_ncu\\": 1390000000,
        \\"year\\": 2015,
      },
      Object {
        \\"budget_type\\": \\"Actual\\",
        \\"color\\": \\"#109e68\\",
        \\"id\\": \\"GH\\",
        \\"l1\\": \\"total-expenditure\\",
        \\"l2\\": \\"recurrent-expenditure\\",
        \\"l3\\": \\"subsidies\\",
        \\"l4\\": null,
        \\"l5\\": null,
        \\"l6\\": null,
        \\"levels\\": Array [
          \\"Total Expenditure\\",
          \\"Recurrent Expenditure\\",
          \\"Subsidies\\",
        ],
        \\"row_id\\": 32709,
        \\"uid\\": \\"H1t-TVKW-sZ\\",
        \\"value\\": 6732899.325,
        \\"value_ncu\\": 25000000,
        \\"year\\": 2015,
      },
      Object {
        \\"budget_type\\": \\"Actual\\",
        \\"color\\": \\"#7b3b89\\",
        \\"id\\": \\"GH\\",
        \\"l1\\": \\"total-expenditure\\",
        \\"l2\\": null,
        \\"l3\\": null,
        \\"l4\\": null,
        \\"l5\\": null,
        \\"l6\\": null,
        \\"levels\\": Array [
          \\"Total Expenditure\\",
        ],
        \\"row_id\\": 32711,
        \\"uid\\": \\"S15Zp4KWZsb\\",
        \\"value\\": 9805794577,
        \\"value_ncu\\": 36400000000,
        \\"year\\": 2015,
      },
      Object {
        \\"budget_type\\": \\"Actual\\",
        \\"color\\": \\"#109e68\\",
        \\"id\\": \\"GH\\",
        \\"l1\\": \\"total-expenditure\\",
        \\"l2\\": \\"recurrent-expenditure\\",
        \\"l3\\": \\"compensation-of-employees\\",
        \\"l4\\": \\"deferred-wages\\",
        \\"l5\\": null,
        \\"l6\\": null,
        \\"levels\\": Array [
          \\"Total Expenditure\\",
          \\"Recurrent Expenditure\\",
          \\"Compensation Of Employees\\",
          \\"Deferred Wages\\",
        ],
        \\"row_id\\": 32713,
        \\"uid\\": \\"r1sZpVF-Wj-\\",
        \\"value\\": 217068674.2,
        \\"value_ncu\\": 806000000,
        \\"year\\": 2015,
      },
      Object {
        \\"budget_type\\": \\"Actual\\",
        \\"color\\": \\"#109e68\\",
        \\"id\\": \\"GH\\",
        \\"l1\\": \\"total-expenditure\\",
        \\"l2\\": \\"recurrent-expenditure\\",
        \\"l3\\": \\"grants-to-other-government-units\\",
        \\"l4\\": null,
        \\"l5\\": null,
        \\"l6\\": null,
        \\"levels\\": Array [
          \\"Total Expenditure\\",
          \\"Recurrent Expenditure\\",
          \\"Grants To Other Government Units\\",
        ],
        \\"row_id\\": 32714,
        \\"uid\\": \\"BknZ6NFbZiW\\",
        \\"value\\": 1149171257,
        \\"value_ncu\\": 4270000000,
        \\"year\\": 2015,
      },
    ],
    \\"finance\\": Array [
      Object {
        \\"budget_type\\": \\"Actual\\",
        \\"color\\": \\"#5da3d9\\",
        \\"id\\": \\"GH\\",
        \\"l1\\": \\"financing\\",
        \\"l2\\": \\"net-external-finance\\",
        \\"l3\\": \\"amortization\\",
        \\"l4\\": null,
        \\"l5\\": null,
        \\"l6\\": null,
        \\"levels\\": Array [
          \\"Financing\\",
          \\"Net External Finance\\",
          \\"Amortization\\",
        ],
        \\"row_id\\": 32681,
        \\"uid\\": \\"HkrpEKb-ib\\",
        \\"value\\": -736309870.2,
        \\"value_ncu\\": -2730000000,
        \\"year\\": 2015,
      },
      Object {
        \\"budget_type\\": \\"Actual\\",
        \\"color\\": \\"#5da3d9\\",
        \\"id\\": \\"GH\\",
        \\"l1\\": \\"financing\\",
        \\"l2\\": \\"net-external-finance\\",
        \\"l3\\": \\"loans\\",
        \\"l4\\": null,
        \\"l5\\": null,
        \\"l6\\": null,
        \\"levels\\": Array [
          \\"Financing\\",
          \\"Net External Finance\\",
          \\"Loans\\",
        ],
        \\"row_id\\": 32682,
        \\"uid\\": \\"BJLa4K--s-\\",
        \\"value\\": 2319349159,
        \\"value_ncu\\": 8610000000,
        \\"year\\": 2015,
      },
      Object {
        \\"budget_type\\": \\"Actual\\",
        \\"color\\": \\"#5da3d9\\",
        \\"id\\": \\"GH\\",
        \\"l1\\": \\"financing\\",
        \\"l2\\": \\"net-domestic-finance\\",
        \\"l3\\": null,
        \\"l4\\": null,
        \\"l5\\": null,
        \\"l6\\": null,
        \\"levels\\": Array [
          \\"Financing\\",
          \\"Net Domestic Finance\\",
        ],
        \\"row_id\\": 32683,
        \\"uid\\": \\"rkP6EFb-iW\\",
        \\"value\\": 772667526.5,
        \\"value_ncu\\": 2870000000,
        \\"year\\": 2015,
      },
      Object {
        \\"budget_type\\": \\"Actual\\",
        \\"color\\": \\"#5da3d9\\",
        \\"id\\": \\"GH\\",
        \\"l1\\": \\"financing\\",
        \\"l2\\": \\"net-external-finance\\",
        \\"l3\\": null,
        \\"l4\\": null,
        \\"l5\\": null,
        \\"l6\\": null,
        \\"levels\\": Array [
          \\"Financing\\",
          \\"Net External Finance\\",
        ],
        \\"row_id\\": 32690,
        \\"uid\\": \\"H1_aVF--jZ\\",
        \\"value\\": 1583039289,
        \\"value_ncu\\": 5880000000,
        \\"year\\": 2015,
      },
      Object {
        \\"budget_type\\": \\"Actual\\",
        \\"color\\": \\"#7b3b89\\",
        \\"id\\": \\"GH\\",
        \\"l1\\": \\"financing\\",
        \\"l2\\": null,
        \\"l3\\": null,
        \\"l4\\": null,
        \\"l5\\": null,
        \\"l6\\": null,
        \\"levels\\": Array [
          \\"Financing\\",
        ],
        \\"row_id\\": 32703,
        \\"uid\\": \\"rJY64YW-j-\\",
        \\"value\\": 2355706816,
        \\"value_ncu\\": 8750000000,
        \\"year\\": 2015,
      },
      Object {
        \\"budget_type\\": \\"Actual\\",
        \\"color\\": \\"#5da3d9\\",
        \\"id\\": \\"GH\\",
        \\"l1\\": \\"financing\\",
        \\"l2\\": \\"net-external-finance\\",
        \\"l3\\": \\"gross-financing-gap\\",
        \\"l4\\": null,
        \\"l5\\": null,
        \\"l6\\": null,
        \\"levels\\": Array [
          \\"Financing\\",
          \\"Net External Finance\\",
          \\"Gross Financing Gap\\",
        ],
        \\"row_id\\": 32708,
        \\"uid\\": \\"B1c6EYWZsb\\",
        \\"value\\": 0.01428708,
        \\"value_ncu\\": 0.053049508,
        \\"year\\": 2015,
      },
    ],
    \\"grantsAsPcOfRevenue\\": Object {
      \\"toolTip\\": Object {
        \\"heading\\": \\"Grants, % of government revenue, data is for 2015\\",
        \\"source\\": \\"Development Initiatives based on IMF Article IV publications and World Economic Outlook.\\",
      },
      \\"value\\": \\"10.0\\",
    },
    \\"revenueAndGrants\\": Array [
      Object {
        \\"budget_type\\": \\"Actual\\",
        \\"color\\": \\"#bc2629\\",
        \\"id\\": \\"GH\\",
        \\"l1\\": \\"total-revenue-and-grants\\",
        \\"l2\\": \\"revenue\\",
        \\"l3\\": \\"tax-revenue\\",
        \\"l4\\": null,
        \\"l5\\": null,
        \\"l6\\": null,
        \\"levels\\": Array [
          \\"Total Revenue And Grants\\",
          \\"Revenue\\",
          \\"Tax Revenue\\",
        ],
        \\"row_id\\": 32685,
        \\"uid\\": \\"r1IGaEYb-ob\\",
        \\"value\\": 5778174201,
        \\"value_ncu\\": 21500000000,
        \\"year\\": 2015,
      },
      Object {
        \\"budget_type\\": \\"Actual\\",
        \\"color\\": \\"#bc2629\\",
        \\"id\\": \\"GH\\",
        \\"l1\\": \\"total-revenue-and-grants\\",
        \\"l2\\": \\"revenue\\",
        \\"l3\\": \\"tax-revenue\\",
        \\"l4\\": \\"direct-taxes\\",
        \\"l5\\": null,
        \\"l6\\": null,
        \\"levels\\": Array [
          \\"Total Revenue And Grants\\",
          \\"Revenue\\",
          \\"Tax Revenue\\",
          \\"Direct Taxes\\",
        ],
        \\"row_id\\": 32686,
        \\"uid\\": \\"BJPMaEtZ-ob\\",
        \\"value\\": 2344934177,
        \\"value_ncu\\": 8710000000,
        \\"year\\": 2015,
      },
      Object {
        \\"budget_type\\": \\"Actual\\",
        \\"color\\": \\"#bc2629\\",
        \\"id\\": \\"GH\\",
        \\"l1\\": \\"total-revenue-and-grants\\",
        \\"l2\\": \\"revenue\\",
        \\"l3\\": \\"tax-revenue\\",
        \\"l4\\": \\"indirect-taxes\\",
        \\"l5\\": null,
        \\"l6\\": null,
        \\"levels\\": Array [
          \\"Total Revenue And Grants\\",
          \\"Revenue\\",
          \\"Tax Revenue\\",
          \\"Indirect Taxes\\",
        ],
        \\"row_id\\": 32688,
        \\"uid\\": \\"BkOfp4KZZiZ\\",
        \\"value\\": 2504638549,
        \\"value_ncu\\": 9300000000,
        \\"year\\": 2015,
      },
      Object {
        \\"budget_type\\": \\"Actual\\",
        \\"color\\": \\"#0071b1\\",
        \\"id\\": \\"GH\\",
        \\"l1\\": \\"total-revenue-and-grants\\",
        \\"l2\\": \\"grants\\",
        \\"l3\\": null,
        \\"l4\\": null,
        \\"l5\\": null,
        \\"l6\\": null,
        \\"levels\\": Array [
          \\"Total Revenue And Grants\\",
          \\"Grants\\",
        ],
        \\"row_id\\": 32689,
        \\"uid\\": \\"H1KG64KZbs-\\",
        \\"value\\": 724190651.4,
        \\"value_ncu\\": 2690000000,
        \\"year\\": 2015,
      },
      Object {
        \\"budget_type\\": \\"Actual\\",
        \\"color\\": \\"#bc2629\\",
        \\"id\\": \\"GH\\",
        \\"l1\\": \\"total-revenue-and-grants\\",
        \\"l2\\": \\"revenue\\",
        \\"l3\\": \\"tax-revenue\\",
        \\"l4\\": \\"trade-taxes\\",
        \\"l5\\": null,
        \\"l6\\": null,
        \\"levels\\": Array [
          \\"Total Revenue And Grants\\",
          \\"Revenue\\",
          \\"Tax Revenue\\",
          \\"Trade Taxes\\",
        ],
        \\"row_id\\": 32694,
        \\"uid\\": \\"Hk5M64FW-j-\\",
        \\"value\\": 928870790.9,
        \\"value_ncu\\": 3450000000,
        \\"year\\": 2015,
      },
      Object {
        \\"budget_type\\": \\"Actual\\",
        \\"color\\": \\"#bc2629\\",
        \\"id\\": \\"GH\\",
        \\"l1\\": \\"total-revenue-and-grants\\",
        \\"l2\\": \\"revenue\\",
        \\"l3\\": \\"other-tax-revenues\\",
        \\"l4\\": null,
        \\"l5\\": null,
        \\"l6\\": null,
        \\"levels\\": Array [
          \\"Total Revenue And Grants\\",
          \\"Revenue\\",
          \\"Other Tax Revenues\\",
        ],
        \\"row_id\\": 32697,
        \\"uid\\": \\"SyjGa4KZWs-\\",
        \\"value\\": 77832316.2,
        \\"value_ncu\\": 289000000,
        \\"year\\": 2015,
      },
      Object {
        \\"budget_type\\": \\"Actual\\",
        \\"color\\": \\"#7b3b89\\",
        \\"id\\": \\"GH\\",
        \\"l1\\": \\"total-revenue-and-grants\\",
        \\"l2\\": null,
        \\"l3\\": null,
        \\"l4\\": null,
        \\"l5\\": null,
        \\"l6\\": null,
        \\"levels\\": Array [
          \\"Total Revenue And Grants\\",
        ],
        \\"row_id\\": 32699,
        \\"uid\\": \\"rknM6VK-WoW\\",
        \\"value\\": 7224131660,
        \\"value_ncu\\": 26800000000,
        \\"year\\": 2015,
      },
      Object {
        \\"budget_type\\": \\"Actual\\",
        \\"color\\": \\"#bc2629\\",
        \\"id\\": \\"GH\\",
        \\"l1\\": \\"total-revenue-and-grants\\",
        \\"l2\\": \\"revenue\\",
        \\"l3\\": \\"other-revenue\\",
        \\"l4\\": null,
        \\"l5\\": null,
        \\"l6\\": null,
        \\"levels\\": Array [
          \\"Total Revenue And Grants\\",
          \\"Revenue\\",
          \\"Other Revenue\\",
        ],
        \\"row_id\\": 32700,
        \\"uid\\": \\"Bk6GpVKWZib\\",
        \\"value\\": 643934491.4,
        \\"value_ncu\\": 2390000000,
        \\"year\\": 2015,
      },
      Object {
        \\"budget_type\\": \\"Actual\\",
        \\"color\\": \\"#bc2629\\",
        \\"id\\": \\"GH\\",
        \\"l1\\": \\"total-revenue-and-grants\\",
        \\"l2\\": \\"revenue\\",
        \\"l3\\": null,
        \\"l4\\": null,
        \\"l5\\": null,
        \\"l6\\": null,
        \\"levels\\": Array [
          \\"Total Revenue And Grants\\",
          \\"Revenue\\",
        ],
        \\"row_id\\": 32712,
        \\"uid\\": \\"BJRzpNK-boZ\\",
        \\"value\\": 6422108692,
        \\"value_ncu\\": 23800000000,
        \\"year\\": 2015,
      },
    ],
    \\"spendingAllocation\\": Object {
      \\"data\\": Array [
        Object {
          \\"color\\": \\"#eb642b\\",
          \\"id\\": \\"capital-expenditure\\",
          \\"level\\": 2,
          \\"name\\": \\"Capital Expenditure\\",
          \\"sectoral\\": \\"FALSE\\",
          \\"uid\\": \\"BynVFZWjb\\",
          \\"value\\": 3842600302.2,
        },
        Object {
          \\"color\\": \\"#109e68\\",
          \\"id\\": \\"recurrent-expenditure\\",
          \\"level\\": 2,
          \\"name\\": \\"Recurrent Expenditure\\",
          \\"sectoral\\": \\"FALSE\\",
          \\"uid\\": \\"rJxh4KbboW\\",
          \\"value\\": 21692055046.125,
        },
      ],
      \\"toolTip\\": Object {
        \\"heading\\": \\"Government finance by economic type. Data is for 2015.\\",
        \\"source\\": \\"Development Initiatives based on IMF Staff reports.\\",
      },
    },
    \\"startYear\\": 2015,
    \\"totalRevenue\\": Object {
      \\"toolTip\\": Object {
        \\"heading\\": \\"Non-grant government revenue. Data is for 2015.\\",
        \\"source\\": \\"Development Initiatives based on IMF Staff reports.\\",
      },
      \\"value\\": \\"6.4bn\\",
    },
  },
}"
`;
