// Jest Snapshot v1, https://goo.gl/fbAQLP

exports[`country profile DW module tests should return overview tab data for Austria 1`] = `
"Object {
  \\"averageIncomerPerPerson\\": Object {
    \\"data\\": Array [
      Object {
        \\"id\\": \\"RO\\",
        \\"name\\": \\"Romania\\",
        \\"uid\\": \\"HyveTGyRyiW\\",
        \\"value\\": 9500,
        \\"year\\": 2015,
      },
      Object {
        \\"id\\": \\"RO\\",
        \\"name\\": \\"Romania\\",
        \\"uid\\": \\"rkuxpMkRksZ\\",
        \\"value\\": 8258.92,
        \\"year\\": 2014,
      },
      Object {
        \\"id\\": \\"RO\\",
        \\"name\\": \\"Romania\\",
        \\"uid\\": \\"HJYgTfk0koZ\\",
        \\"value\\": 8053.08,
        \\"year\\": 2013,
      },
      Object {
        \\"id\\": \\"RO\\",
        \\"name\\": \\"Romania\\",
        \\"uid\\": \\"rycgaM1CkiW\\",
        \\"value\\": 8192.54,
        \\"year\\": 2012,
      },
      Object {
        \\"id\\": \\"RO\\",
        \\"name\\": \\"Romania\\",
        \\"uid\\": \\"BksxpM10koW\\",
        \\"value\\": 7396.61,
        \\"year\\": 2011,
      },
      Object {
        \\"id\\": \\"RO\\",
        \\"name\\": \\"Romania\\",
        \\"uid\\": \\"rkneafyAyiZ\\",
        \\"value\\": 8090.3,
        \\"year\\": 2010,
      },
      Object {
        \\"id\\": \\"RO\\",
        \\"name\\": \\"Romania\\",
        \\"uid\\": \\"SyTlpf1R1i-\\",
        \\"value\\": 8361.76,
        \\"year\\": 2009,
      },
      Object {
        \\"id\\": \\"RO\\",
        \\"name\\": \\"Romania\\",
        \\"uid\\": \\"rkCx6Mk0ks-\\",
        \\"value\\": 7063.84,
        \\"year\\": 2008,
      },
      Object {
        \\"id\\": \\"RO\\",
        \\"name\\": \\"Romania\\",
        \\"uid\\": \\"H1JbTfJA1jW\\",
        \\"value\\": 6009.23,
        \\"year\\": 2007,
      },
      Object {
        \\"id\\": \\"RO\\",
        \\"name\\": \\"Romania\\",
        \\"uid\\": \\"BkgZ6fkA1jW\\",
        \\"value\\": 5945,
        \\"year\\": 2006,
      },
      Object {
        \\"id\\": \\"RO\\",
        \\"name\\": \\"Romania\\",
        \\"uid\\": \\"S1ZWTz1CJjZ\\",
        \\"value\\": 5401.44,
        \\"year\\": 2005,
      },
      Object {
        \\"id\\": \\"RO\\",
        \\"name\\": \\"Romania\\",
        \\"uid\\": \\"rJMZTzk0kiW\\",
        \\"value\\": 5194.83,
        \\"year\\": 2004,
      },
      Object {
        \\"id\\": \\"RO\\",
        \\"name\\": \\"Romania\\",
        \\"uid\\": \\"Sym-pMJ0ksW\\",
        \\"value\\": 4724.47,
        \\"year\\": 2003,
      },
      Object {
        \\"id\\": \\"RO\\",
        \\"name\\": \\"Romania\\",
        \\"uid\\": \\"r1NZaGkAJs-\\",
        \\"value\\": 4883.14,
        \\"year\\": 2002,
      },
      Object {
        \\"id\\": \\"RO\\",
        \\"name\\": \\"Romania\\",
        \\"uid\\": \\"H1rWaMkCyob\\",
        \\"value\\": 4781.18,
        \\"year\\": 2001,
      },
      Object {
        \\"id\\": \\"RO\\",
        \\"name\\": \\"Romania\\",
        \\"uid\\": \\"rJL-afyCJib\\",
        \\"value\\": 4755.01,
        \\"year\\": 2000,
      },
      Object {
        \\"id\\": \\"RO\\",
        \\"name\\": \\"Romania\\",
        \\"uid\\": \\"rkDZTz1AJiZ\\",
        \\"value\\": 4505.74,
        \\"year\\": 1999,
      },
      Object {
        \\"id\\": \\"RO\\",
        \\"name\\": \\"Romania\\",
        \\"uid\\": \\"S1uWpzJR1sb\\",
        \\"value\\": 3780.77,
        \\"year\\": 1998,
      },
      Object {
        \\"id\\": \\"RO\\",
        \\"name\\": \\"Romania\\",
        \\"uid\\": \\"SkYbazk01ob\\",
        \\"value\\": 4770.78,
        \\"year\\": 1997,
      },
      Object {
        \\"id\\": \\"RO\\",
        \\"name\\": \\"Romania\\",
        \\"uid\\": \\"rk5b6zyAyjW\\",
        \\"value\\": 5229.71,
        \\"year\\": 1996,
      },
      Object {
        \\"id\\": \\"RO\\",
        \\"name\\": \\"Romania\\",
        \\"uid\\": \\"H1obpz1CkjZ\\",
        \\"value\\": 4555.19,
        \\"year\\": 1995,
      },
      Object {
        \\"id\\": \\"RO\\",
        \\"name\\": \\"Romania\\",
        \\"uid\\": \\"rJhZTMy0yj-\\",
        \\"value\\": 4246.94,
        \\"year\\": 1994,
      },
      Object {
        \\"id\\": \\"RO\\",
        \\"name\\": \\"Romania\\",
        \\"uid\\": \\"BJp-6MJ0ysZ\\",
        \\"value\\": 4368.44,
        \\"year\\": 1993,
      },
      Object {
        \\"id\\": \\"RO\\",
        \\"name\\": \\"Romania\\",
        \\"uid\\": \\"S10Z6zyC1jZ\\",
        \\"value\\": 6083.77,
        \\"year\\": 1992,
      },
    ],
    \\"toolTip\\": Object {
      \\"heading\\": \\"GNI (2015 US$) per capita\\",
      \\"source\\": \\"Development Initiatives based on World Bank World Development Indicators, series code NY.GNP.PCAP.CD.\\",
    },
  },
  \\"domesticResources\\": null,
  \\"governmentSpendPerPerson\\": Object {
    \\"toolTip\\": Object {
      \\"heading\\": \\"Government spending per person, 2015 PPP$. Data is for 2015 or most recent year prior\\",
      \\"source\\": \\"Development Initiatives based on IMF Article IV publications and World Economic Outlook.\\",
    },
    \\"value\\": \\"No data\\",
  },
  \\"incomeDistTrend\\": Object {
    \\"data\\": Array [
      Object {
        \\"color\\": \\"#e8443a\\",
        \\"quintileName\\": \\"value bottom 20%\\",
        \\"uid\\": \\"BkJf6G1RysW\\",
        \\"value\\": 8.88,
      },
      Object {
        \\"color\\": \\"#847e84\\",
        \\"quintileName\\": \\"value 2nd quintile\\",
        \\"uid\\": \\"HJlzpfJ0kiW\\",
        \\"value\\": 13.71,
      },
      Object {
        \\"color\\": \\"#847e84\\",
        \\"quintileName\\": \\"value 3rd quintile\\",
        \\"uid\\": \\"B1WM6GkA1o-\\",
        \\"value\\": 17.94,
      },
      Object {
        \\"color\\": \\"#847e84\\",
        \\"quintileName\\": \\"value 4th quintile\\",
        \\"uid\\": \\"ryGGTMJCkj-\\",
        \\"value\\": 23.1,
      },
      Object {
        \\"color\\": \\"#847e84\\",
        \\"quintileName\\": \\"value 5th quintile\\",
        \\"uid\\": \\"rJQMaMkAyob\\",
        \\"value\\": 36.36,
      },
    ],
    \\"toolTip\\": Object {
      \\"heading\\": \\"Percentage of income received by each quintile of the population. Data is for 2014 or most recent year prior.\\",
      \\"source\\": \\"World Bank World Development Indicators, series code SI.DST.FRST.20, SI.DST.02ND.20, SI.DST.03RD.20, SI.DST.04TH.20 and SI.DST.05TH.20.\\",
    },
  },
  \\"internationalResources\\": null,
  \\"poorestPeople\\": null,
  \\"population\\": null,
}"
`;
