// Jest Snapshot v1, https://goo.gl/fbAQLP

exports[`Unbundling aid DW module tests getting unbundling aid data of various types 1`] = `
"Object {
  \\"dataA\\": Array [
    Object {
      \\"color\\": \\"#0089cc\\",
      \\"id\\": \\"VC\\",
      \\"name\\": \\"Saint Vincent & the Grenadines\\",
      \\"uid\\": \\"S1YwL0BUb\\",
      \\"value\\": 18457245.90771,
      \\"year\\": 2015,
    },
    Object {
      \\"color\\": \\"#5da3d9\\",
      \\"id\\": \\"LK\\",
      \\"name\\": \\"Sri Lanka\\",
      \\"uid\\": \\"rygtv8AS8-\\",
      \\"value\\": 826930044.611,
      \\"year\\": 2015,
    },
    Object {
      \\"color\\": \\"#8f1b13\\",
      \\"id\\": \\"GA\\",
      \\"name\\": \\"Gabon\\",
      \\"uid\\": \\"HkbYDUCHIZ\\",
      \\"value\\": 116481813.4694,
      \\"year\\": 2015,
    },
    Object {
      \\"color\\": \\"#a85d00\\",
      \\"id\\": \\"DZ\\",
      \\"name\\": \\"Algeria\\",
      \\"uid\\": \\"HJfFv8CHIb\\",
      \\"value\\": 193714386.267,
      \\"year\\": 2015,
    },
    Object {
      \\"color\\": \\"#443e42\\",
      \\"id\\": \\"JO\\",
      \\"name\\": \\"Jordan\\",
      \\"uid\\": \\"HJ7YDUABIb\\",
      \\"value\\": 2388276979.1674,
      \\"year\\": 2015,
    },
    Object {
      \\"color\\": \\"#551f65\\",
      \\"id\\": \\"BO\\",
      \\"name\\": \\"Bolivia\\",
      \\"uid\\": \\"HyNKP80rUW\\",
      \\"value\\": 842094205.5298926,
      \\"year\\": 2015,
    },
    Object {
      \\"color\\": \\"#8f1b13\\",
      \\"id\\": \\"MR\\",
      \\"name\\": \\"Mauritania\\",
      \\"uid\\": \\"SyHFDICr8Z\\",
      \\"value\\": 388129980.703,
      \\"year\\": 2015,
    },
    Object {
      \\"color\\": \\"#8f1b13\\",
      \\"id\\": \\"MU\\",
      \\"name\\": \\"Mauritius\\",
      \\"uid\\": \\"r1UFwL0rIZ\\",
      \\"value\\": 119394652.4985,
      \\"year\\": 2015,
    },
    Object {
      \\"color\\": \\"#551f65\\",
      \\"id\\": \\"UY\\",
      \\"name\\": \\"Uruguay\\",
      \\"uid\\": \\"SkwtwL0BI-\\",
      \\"value\\": 48171048.01081,
      \\"year\\": 2015,
    },
    Object {
      \\"color\\": \\"#973915\\",
      \\"id\\": \\"TK\\",
      \\"name\\": \\"Tokelau\\",
      \\"uid\\": \\"SkuYwI0SLW\\",
      \\"value\\": 8731220.573,
      \\"year\\": 2015,
    },
    Object {
      \\"color\\": \\"#973915\\",
      \\"id\\": \\"PW\\",
      \\"name\\": \\"Palau\\",
      \\"uid\\": \\"ryYYvIABIb\\",
      \\"value\\": 13930459.629,
      \\"year\\": 2015,
    },
    Object {
      \\"color\\": \\"#973915\\",
      \\"id\\": \\"TV\\",
      \\"name\\": \\"Tuvalu\\",
      \\"uid\\": \\"rJcYwURBUW\\",
      \\"value\\": 50114839.718,
      \\"year\\": 2015,
    },
    Object {
      \\"color\\": \\"#5da3d9\\",
      \\"id\\": \\"TJ\\",
      \\"name\\": \\"Tajikistan\\",
      \\"uid\\": \\"S1itwUAHIZ\\",
      \\"value\\": 472227879.329,
      \\"year\\": 2015,
    },
    Object {
      \\"color\\": \\"#0089cc\\",
      \\"id\\": \\"MX\\",
      \\"name\\": \\"Mexico\\",
      \\"uid\\": \\"SJ2tw8Cr8b\\",
      \\"value\\": 503949823.98621,
      \\"year\\": 2015,
    },
    Object {
      \\"color\\": \\"#e48a00\\",
      \\"id\\": \\"LA\\",
      \\"name\\": \\"Lao\\",
      \\"uid\\": \\"HJatv8CBLZ\\",
      \\"value\\": 538885900.5471,
      \\"year\\": 2015,
    },
    Object {
      \\"color\\": \\"#973915\\",
      \\"id\\": \\"FJ\\",
      \\"name\\": \\"Fiji\\",
      \\"uid\\": \\"ByRFvIABUb\\",
      \\"value\\": 103492891.8839,
      \\"year\\": 2015,
    },
    Object {
      \\"color\\": \\"#5da3d9\\",
      \\"id\\": \\"BD\\",
      \\"name\\": \\"Bangladesh\\",
      \\"uid\\": \\"H1JeFwU0HUW\\",
      \\"value\\": 3189680896.0088,
      \\"year\\": 2015,
    },
    Object {
      \\"color\\": \\"#0089cc\\",
      \\"id\\": \\"AG\\",
      \\"name\\": \\"Antigua & Barbuda\\",
      \\"uid\\": \\"B1xxtwU0HUb\\",
      \\"value\\": 2742702.971,
      \\"year\\": 2015,
    },
    Object {
      \\"color\\": \\"#0089cc\\",
      \\"id\\": \\"HT\\",
      \\"name\\": \\"Haiti\\",
      \\"uid\\": \\"BJbgYvICBUW\\",
      \\"value\\": 1054701060.8712,
      \\"year\\": 2015,
    },
    Object {
      \\"color\\": \\"#0089cc\\",
      \\"id\\": \\"BZ\\",
      \\"name\\": \\"Belize\\",
      \\"uid\\": \\"rkMltPU0SUb\\",
      \\"value\\": 34633893.0491,
      \\"year\\": 2015,
    },
    Object {
      \\"color\\": \\"#8f1b13\\",
      \\"id\\": \\"SC\\",
      \\"name\\": \\"Seychelles\\",
      \\"uid\\": \\"r1XeKDIABIZ\\",
      \\"value\\": 11411050.954,
      \\"year\\": 2015,
    },
    Object {
      \\"color\\": \\"#8f1b13\\",
      \\"id\\": \\"ZW\\",
      \\"name\\": \\"Zimbabwe\\",
      \\"uid\\": \\"rkVeKPIRSI-\\",
      \\"value\\": 814965906.1001,
      \\"year\\": 2015,
    },
    Object {
      \\"color\\": \\"#8f1b13\\",
      \\"id\\": \\"GM\\",
      \\"name\\": \\"Gambia\\",
      \\"uid\\": \\"BkSlYD8AH8-\\",
      \\"value\\": 128791668.354,
      \\"year\\": 2015,
    },
    Object {
      \\"color\\": \\"#8f1b13\\",
      \\"id\\": \\"CM\\",
      \\"name\\": \\"Cameroon\\",
      \\"uid\\": \\"ryLlKvIAS8Z\\",
      \\"value\\": 729258301.799,
      \\"year\\": 2015,
    },
    Object {
      \\"color\\": \\"#0c457b\\",
      \\"id\\": \\"BA\\",
      \\"name\\": \\"Bosnia & Herzegovina\\",
      \\"uid\\": \\"rywlYDURHU-\\",
      \\"value\\": 517970213.1829,
      \\"year\\": 2015,
    },
    Object {
      \\"color\\": \\"#0c457b\\",
      \\"id\\": \\"ex-yugoslavia\\",
      \\"name\\": \\"States Ex-Yugoslavia unspecified\\",
      \\"uid\\": \\"BkugYvLAr8W\\",
      \\"value\\": 6439929.625,
      \\"year\\": 2015,
    },
    Object {
      \\"color\\": \\"#8f1b13\\",
      \\"id\\": \\"ZA\\",
      \\"name\\": \\"South Africa\\",
      \\"uid\\": \\"HyYetv8AHUZ\\",
      \\"value\\": 1545643546.2013,
      \\"year\\": 2015,
    },
    Object {
      \\"color\\": \\"#5da3d9\\",
      \\"id\\": \\"BT\\",
      \\"name\\": \\"Bhutan\\",
      \\"uid\\": \\"r1qxtwUASLb\\",
      \\"value\\": 107773434.1609,
      \\"year\\": 2015,
    },
    Object {
      \\"color\\": \\"#8f1b13\\",
      \\"id\\": \\"LS\\",
      \\"name\\": \\"Lesotho\\",
      \\"uid\\": \\"SJjxtDLArIb\\",
      \\"value\\": 103623883.45242,
      \\"year\\": 2015,
    },
    Object {
      \\"color\\": \\"#973915\\",
      \\"id\\": \\"NU\\",
      \\"name\\": \\"Niue\\",
      \\"uid\\": \\"HJhxtPLRr8Z\\",
      \\"value\\": 19537000.68571,
      \\"year\\": 2015,
    },
    Object {
      \\"color\\": \\"#8f1b13\\",
      \\"id\\": \\"CD\\",
      \\"name\\": \\"DRC\\",
      \\"uid\\": \\"ryTxtDURBLb\\",
      \\"value\\": 2719315269.8767,
      \\"year\\": 2015,
    },
    Object {
      \\"color\\": \\"#8f1b13\\",
      \\"id\\": \\"NE\\",
      \\"name\\": \\"Niger\\",
      \\"uid\\": \\"ry0eYvU0rU-\\",
      \\"value\\": 899221530.5393,
      \\"year\\": 2015,
    },
    Object {
      \\"color\\": \\"#5da3d9\\",
      \\"id\\": \\"PK\\",
      \\"name\\": \\"Pakistan\\",
      \\"uid\\": \\"BkJWtvU0BUZ\\",
      \\"value\\": 4362842226.27594,
      \\"year\\": 2015,
    },
    Object {
      \\"color\\": \\"#0089cc\\",
      \\"id\\": \\"CU\\",
      \\"name\\": \\"Cuba\\",
      \\"uid\\": \\"HJebtDIRSI-\\",
      \\"value\\": 559270119.679,
      \\"year\\": 2015,
    },
    Object {
      \\"color\\": \\"#0089cc\\",
      \\"id\\": \\"north-central-america\\",
      \\"name\\": \\"North & Central America, regional\\",
      \\"uid\\": \\"r1WWFw8CHL-\\",
      \\"value\\": 438882212.677,
      \\"year\\": 2015,
    },
    Object {
      \\"color\\": \\"#0c457b\\",
      \\"id\\": \\"TR\\",
      \\"name\\": \\"Turkey\\",
      \\"uid\\": \\"BkfZtPI0BIZ\\",
      \\"value\\": 3194422279.66473,
      \\"year\\": 2015,
    },
    Object {
      \\"color\\": \\"#8f1b13\\",
      \\"id\\": \\"DJ\\",
      \\"name\\": \\"Djibouti\\",
      \\"uid\\": \\"HymZKvIABL-\\",
      \\"value\\": 194242955.6511,
      \\"year\\": 2015,
    },
    Object {
      \\"color\\": \\"#8f1b13\\",
      \\"id\\": \\"ML\\",
      \\"name\\": \\"Mali\\",
      \\"uid\\": \\"SkEWYP8CrU-\\",
      \\"value\\": 1281947313.4604,
      \\"year\\": 2015,
    },
    Object {
      \\"color\\": \\"#0089cc\\",
      \\"id\\": \\"GD\\",
      \\"name\\": \\"Grenada\\",
      \\"uid\\": \\"BySZFvIRS8W\\",
      \\"value\\": 35756377.725,
      \\"year\\": 2015,
    },
    Object {
      \\"color\\": \\"#0c457b\\",
      \\"id\\": \\"BY\\",
      \\"name\\": \\"Belarus\\",
      \\"uid\\": \\"HyU-Kw80SIb\\",
      \\"value\\": 109513117.5573,
      \\"year\\": 2015,
    },
    Object {
      \\"color\\": \\"#973915\\",
      \\"id\\": \\"TO\\",
      \\"name\\": \\"Tonga\\",
      \\"uid\\": \\"B1P-YD8CB8-\\",
      \\"value\\": 71096127.77371,
      \\"year\\": 2015,
    },
    Object {
      \\"color\\": \\"#a85d00\\",
      \\"id\\": \\"EG\\",
      \\"name\\": \\"Egypt\\",
      \\"uid\\": \\"ByuWFDIRHL-\\",
      \\"value\\": 3539847389.1095,
      \\"year\\": 2015,
    },
    Object {
      \\"color\\": \\"#5da3d9\\",
      \\"id\\": \\"UZ\\",
      \\"name\\": \\"Uzbekistan\\",
      \\"uid\\": \\"r1tZYvLCBUZ\\",
      \\"value\\": 501623935.7203,
      \\"year\\": 2015,
    },
    Object {
      \\"color\\": \\"#0c457b\\",
      \\"id\\": \\"ME\\",
      \\"name\\": \\"Montenegro\\",
      \\"uid\\": \\"rJ5WYv8RrIW\\",
      \\"value\\": 139980604.0061,
      \\"year\\": 2015,
    },
    Object {
      \\"color\\": \\"#8f1b13\\",
      \\"id\\": \\"CI\\",
      \\"name\\": \\"Côte d'Ivoire\\",
      \\"uid\\": \\"HJsZYP80HU-\\",
      \\"value\\": 989243688.3326,
      \\"year\\": 2015,
    },
    Object {
      \\"color\\": \\"#8f1b13\\",
      \\"id\\": \\"MZ\\",
      \\"name\\": \\"Mozambique\\",
      \\"uid\\": \\"BJn-YvI0rLW\\",
      \\"value\\": 1955340081.03731,
      \\"year\\": 2015,
    },
    Object {
      \\"color\\": \\"#973915\\",
      \\"id\\": \\"PG\\",
      \\"name\\": \\"Papua New Guinea\\",
      \\"uid\\": \\"rJpbtwLCHUW\\",
      \\"value\\": 627657487.7786,
      \\"year\\": 2015,
    },
    Object {
      \\"color\\": \\"#6a6569\\",
      \\"id\\": \\"bilateral-unspecified\\",
      \\"name\\": \\"Bilateral, unspecified\\",
      \\"uid\\": \\"rkAZYPL0r8b\\",
      \\"value\\": 38027520288.1302,
      \\"year\\": 2015,
    },
    Object {
      \\"color\\": \\"#5da3d9\\",
      \\"id\\": \\"KZ\\",
      \\"name\\": \\"Kazakhstan\\",
      \\"uid\\": \\"S1JzKDLRSUW\\",
      \\"value\\": 131148137.981,
      \\"year\\": 2015,
    },
    Object {
      \\"color\\": \\"#443e42\\",
      \\"id\\": \\"middle-east\\",
      \\"name\\": \\"Middle East, regional\\",
      \\"uid\\": \\"B1lGKwLASIW\\",
      \\"value\\": 6144011563.8911,
      \\"year\\": 2015,
    },
    Object {
      \\"color\\": \\"#e48a00\\",
      \\"id\\": \\"KP\\",
      \\"name\\": \\"North Korea\\",
      \\"uid\\": \\"B1WMtw80BL-\\",
      \\"value\\": 133805781.14,
      \\"year\\": 2015,
    },
    Object {
      \\"color\\": \\"#8f1b13\\",
      \\"id\\": \\"AO\\",
      \\"name\\": \\"Angola\\",
      \\"uid\\": \\"H1fzYDLABLW\\",
      \\"value\\": 453352309.8251,
      \\"year\\": 2015,
    },
    Object {
      \\"color\\": \\"#5da3d9\\",
      \\"id\\": \\"south-central-asia\\",
      \\"name\\": \\"South & Central Asia, regional\\",
      \\"uid\\": \\"ryXMYDL0BU-\\",
      \\"value\\": 202583327.518,
      \\"year\\": 2015,
    },
    Object {
      \\"color\\": \\"#551f65\\",
      \\"id\\": \\"BR\\",
      \\"name\\": \\"Brazil\\",
      \\"uid\\": \\"ByNGYvIRHUb\\",
      \\"value\\": 1182749705.58154,
      \\"year\\": 2015,
    },
    Object {
      \\"color\\": \\"#551f65\\",
      \\"id\\": \\"AR\\",
      \\"name\\": \\"Argentina\\",
      \\"uid\\": \\"BySzYP8CHU-\\",
      \\"value\\": 147172988.2654,
      \\"year\\": 2015,
    },
    Object {
      \\"color\\": \\"#5da3d9\\",
      \\"id\\": \\"MM\\",
      \\"name\\": \\"Myanmar\\",
      \\"uid\\": \\"HkIzKD8ASUb\\",
      \\"value\\": 1222794363.39981,
      \\"year\\": 2015,
    },
    Object {
      \\"color\\": \\"#8f1b13\\",
      \\"id\\": \\"SZ\\",
      \\"name\\": \\"Swaziland\\",
      \\"uid\\": \\"BJwGKvLCrL-\\",
      \\"value\\": 105317784.10771,
      \\"year\\": 2015,
    },
    Object {
      \\"color\\": \\"#0089cc\\",
      \\"id\\": \\"MS\\",
      \\"name\\": \\"Montserrat\\",
      \\"uid\\": \\"r1_zYPIASUb\\",
      \\"value\\": 53091931.491,
      \\"year\\": 2015,
    },
    Object {
      \\"color\\": \\"#551f65\\",
      \\"id\\": \\"GY\\",
      \\"name\\": \\"Guyana\\",
      \\"uid\\": \\"H1FztDICSUb\\",
      \\"value\\": 61724729.6483,
      \\"year\\": 2015,
    },
    Object {
      \\"color\\": \\"#e48a00\\",
      \\"id\\": \\"east-asia\\",
      \\"name\\": \\"Far East Asia, regional\\",
      \\"uid\\": \\"S19zYvL0H8-\\",
      \\"value\\": 317186259.7038,
      \\"year\\": 2015,
    },
    Object {
      \\"color\\": \\"#e48a00\\",
      \\"id\\": \\"TL\\",
      \\"name\\": \\"Timor-Leste\\",
      \\"uid\\": \\"SJszKDUABLW\\",
      \\"value\\": 212511523.13481,
      \\"year\\": 2015,
    },
    Object {
      \\"color\\": \\"#973915\\",
      \\"id\\": \\"CK\\",
      \\"name\\": \\"Cook Islands\\",
      \\"uid\\": \\"SJ3fFP8ASUb\\",
      \\"value\\": 26537347.239,
      \\"year\\": 2015,
    },
    Object {
      \\"color\\": \\"#5da3d9\\",
      \\"id\\": \\"MV\\",
      \\"name\\": \\"Maldives\\",
      \\"uid\\": \\"rJ6GFw8ArLW\\",
      \\"value\\": 38889090.1924,
      \\"year\\": 2015,
    },
    Object {
      \\"color\\": \\"#551f65\\",
      \\"id\\": \\"CO\\",
      \\"name\\": \\"Colombia\\",
      \\"uid\\": \\"HkAzKw8RSUZ\\",
      \\"value\\": 1417576291.20011,
      \\"year\\": 2015,
    },
    Object {
      \\"color\\": \\"#973915\\",
      \\"id\\": \\"NR\\",
      \\"name\\": \\"Nauru\\",
      \\"uid\\": \\"Bky7KDIArIb\\",
      \\"value\\": 31254626.36542,
      \\"year\\": 2015,
    },
    Object {
      \\"color\\": \\"#8f1b13\\",
      \\"id\\": \\"TG\\",
      \\"name\\": \\"Togo\\",
      \\"uid\\": \\"rJgXFvUCH8Z\\",
      \\"value\\": 228139827.6171,
      \\"year\\": 2015,
    },
    Object {
      \\"color\\": \\"#443e42\\",
      \\"id\\": \\"YE\\",
      \\"name\\": \\"Yemen\\",
      \\"uid\\": \\"HyWXKD8CrUb\\",
      \\"value\\": 1646394906.527,
      \\"year\\": 2015,
    },
    Object {
      \\"color\\": \\"#0089cc\\",
      \\"id\\": \\"CR\\",
      \\"name\\": \\"Costa Rica\\",
      \\"uid\\": \\"S1MQtDL0H8Z\\",
      \\"value\\": 136804141.2685,
      \\"year\\": 2015,
    },
    Object {
      \\"color\\": \\"#8f1b13\\",
      \\"id\\": \\"NA\\",
      \\"name\\": \\"Namibia\\",
      \\"uid\\": \\"ry77tPU0rUW\\",
      \\"value\\": 180414920.8353,
      \\"year\\": 2015,
    },
    Object {
      \\"color\\": \\"#8f1b13\\",
      \\"id\\": \\"SS\\",
      \\"name\\": \\"South Sudan\\",
      \\"uid\\": \\"S14XKvI0r8W\\",
      \\"value\\": 1694475839.421,
      \\"year\\": 2015,
    },
    Object {
      \\"color\\": \\"#e48a00\\",
      \\"id\\": \\"MN\\",
      \\"name\\": \\"Mongolia\\",
      \\"uid\\": \\"ByHQKvUCSIW\\",
      \\"value\\": 293702778.7494,
      \\"year\\": 2015,
    },
    Object {
      \\"color\\": \\"#973915\\",
      \\"id\\": \\"KI\\",
      \\"name\\": \\"Kiribati\\",
      \\"uid\\": \\"ryLQtwL0BL-\\",
      \\"value\\": 65309446.9301,
      \\"year\\": 2015,
    },
    Object {
      \\"color\\": \\"#973915\\",
      \\"id\\": \\"oceania\\",
      \\"name\\": \\"Oceania, regional\\",
      \\"uid\\": \\"Skv7FvL0SIW\\",
      \\"value\\": 228157420.661,
      \\"year\\": 2015,
    },
    Object {
      \\"color\\": \\"#8f1b13\\",
      \\"id\\": \\"BW\\",
      \\"name\\": \\"Botswana\\",
      \\"uid\\": \\"SyOXFvLCHL-\\",
      \\"value\\": 81012052.16362,
      \\"year\\": 2015,
    },
    Object {
      \\"color\\": \\"#551f65\\",
      \\"id\\": \\"VE\\",
      \\"name\\": \\"Venezuela\\",
      \\"uid\\": \\"H1tQFDURrU-\\",
      \\"value\\": 41703153.99691,
      \\"year\\": 2015,
    },
    Object {
      \\"color\\": \\"#5da3d9\\",
      \\"id\\": \\"south-asia\\",
      \\"name\\": \\"South Asia, regional\\",
      \\"uid\\": \\"SJcXYv8ABIb\\",
      \\"value\\": 104880347.6498,
      \\"year\\": 2015,
    },
    Object {
      \\"color\\": \\"#8f1b13\\",
      \\"id\\": \\"CG\\",
      \\"name\\": \\"Congo\\",
      \\"uid\\": \\"H1s7YwI0SLZ\\",
      \\"value\\": 131766134.6891,
      \\"year\\": 2015,
    },
    Object {
      \\"color\\": \\"#0c457b\\",
      \\"id\\": \\"AL\\",
      \\"name\\": \\"Albania\\",
      \\"uid\\": \\"rkhmKPI0B8Z\\",
      \\"value\\": 424181123.2141,
      \\"year\\": 2015,
    },
    Object {
      \\"color\\": \\"#443e42\\",
      \\"id\\": \\"IQ\\",
      \\"name\\": \\"Iraq\\",
      \\"uid\\": \\"HJp7tDUCBL-\\",
      \\"value\\": 1497062921.4391,
      \\"year\\": 2015,
    },
    Object {
      \\"color\\": \\"#e48a00\\",
      \\"id\\": \\"PH\\",
      \\"name\\": \\"Philippines\\",
      \\"uid\\": \\"B107KwLCSLZ\\",
      \\"value\\": 1199974330.0555,
      \\"year\\": 2015,
    },
    Object {
      \\"color\\": \\"#8f1b13\\",
      \\"id\\": \\"SD\\",
      \\"name\\": \\"Sudan\\",
      \\"uid\\": \\"ryJVYv8RBU-\\",
      \\"value\\": 1050213641.8969,
      \\"year\\": 2015,
    },
    Object {
      \\"color\\": \\"#a85d00\\",
      \\"id\\": \\"TN\\",
      \\"name\\": \\"Tunisia\\",
      \\"uid\\": \\"Hyl4YPURHI-\\",
      \\"value\\": 893552495.2026,
      \\"year\\": 2015,
    },
    Object {
      \\"color\\": \\"#0c457b\\",
      \\"id\\": \\"RS\\",
      \\"name\\": \\"Serbia\\",
      \\"uid\\": \\"Hy-4tPLRS8b\\",
      \\"value\\": 729283678.6652,
      \\"year\\": 2015,
    },
    Object {
      \\"color\\": \\"#e48a00\\",
      \\"id\\": \\"TH\\",
      \\"name\\": \\"Thailand\\",
      \\"uid\\": \\"SkM4KPU0rUW\\",
      \\"value\\": 327083043.6872088,
      \\"year\\": 2015,
    },
    Object {
      \\"color\\": \\"#5da3d9\\",
      \\"id\\": \\"central-asia\\",
      \\"name\\": \\"Central Asia, regional\\",
      \\"uid\\": \\"BJ7EFDURHLZ\\",
      \\"value\\": 150089798.5302,
      \\"year\\": 2015,
    },
    Object {
      \\"color\\": \\"#6a6569\\",
      \\"id\\": \\"asia\\",
      \\"name\\": \\"Asia, regional\\",
      \\"uid\\": \\"Bk4VFv8ASUb\\",
      \\"value\\": 1241572639.67105,
      \\"year\\": 2015,
    },
    Object {
      \\"color\\": \\"#8f1b13\\",
      \\"id\\": \\"BJ\\",
      \\"name\\": \\"Benin\\",
      \\"uid\\": \\"BkH4KPLRSU-\\",
      \\"value\\": 467501086.226,
      \\"year\\": 2015,
    },
    Object {
      \\"color\\": \\"#0c457b\\",
      \\"id\\": \\"MD\\",
      \\"name\\": \\"Moldova\\",
      \\"uid\\": \\"BJINKvICHU-\\",
      \\"value\\": 370789249.8834,
      \\"year\\": 2015,
    },
    Object {
      \\"color\\": \\"#0089cc\\",
      \\"id\\": \\"DO\\",
      \\"name\\": \\"Dominican Republic\\",
      \\"uid\\": \\"H1wEtPI0rIb\\",
      \\"value\\": 347767890.1483,
      \\"year\\": 2015,
    },
    Object {
      \\"color\\": \\"#551f65\\",
      \\"id\\": \\"PY\\",
      \\"name\\": \\"Paraguay\\",
      \\"uid\\": \\"H1d4KDICHLW\\",
      \\"value\\": 129685413.155,
      \\"year\\": 2015,
    },
    Object {
      \\"color\\": \\"#5da3d9\\",
      \\"id\\": \\"AF\\",
      \\"name\\": \\"Afghanistan\\",
      \\"uid\\": \\"r1YNKPICH8b\\",
      \\"value\\": 4304432652.0908,
      \\"year\\": 2015,
    },
    Object {
      \\"color\\": \\"#8f1b13\\",
      \\"id\\": \\"RW\\",
      \\"name\\": \\"Rwanda\\",
      \\"uid\\": \\"Byq4FPU0H8-\\",
      \\"value\\": 1108463663.32131,
      \\"year\\": 2015,
    },
    Object {
      \\"color\\": \\"#8f1b13\\",
      \\"id\\": \\"south-of-sahara\\",
      \\"name\\": \\"South of Sahara, regional\\",
      \\"uid\\": \\"SkoNFP8ASLZ\\",
      \\"value\\": 2625984063.44539,
      \\"year\\": 2015,
    },
    Object {
      \\"color\\": \\"#8f1b13\\",
      \\"id\\": \\"NG\\",
      \\"name\\": \\"Nigeria\\",
      \\"uid\\": \\"S1nNFwL0rIZ\\",
      \\"value\\": 2538197422.67681,
      \\"year\\": 2015,
    },
    Object {
      \\"color\\": \\"#e48a00\\",
      \\"id\\": \\"CN\\",
      \\"name\\": \\"China\\",
      \\"uid\\": \\"B16VKPURHU-\\",
      \\"value\\": 1490930237.8675,
      \\"year\\": 2015,
    },
    Object {
      \\"color\\": \\"#973915\\",
      \\"id\\": \\"WS\\",
      \\"name\\": \\"Samoa\\",
      \\"uid\\": \\"Hy0NKwLRSIb\\",
      \\"value\\": 102092899.6231,
      \\"year\\": 2015,
    },
    Object {
      \\"color\\": \\"#8f1b13\\",
      \\"id\\": \\"KE\\",
      \\"name\\": \\"Kenya\\",
      \\"uid\\": \\"H1yrtwURBLW\\",
      \\"value\\": 2761547575.73732,
      \\"year\\": 2015,
    },
    Object {
      \\"color\\": \\"#8f1b13\\",
      \\"id\\": \\"MW\\",
      \\"name\\": \\"Malawi\\",
      \\"uid\\": \\"r1xrYPUCHIZ\\",
      \\"value\\": 1105564731.63442,
      \\"year\\": 2015,
    },
    Object {
      \\"color\\": \\"#8f1b13\\",
      \\"id\\": \\"GN\\",
      \\"name\\": \\"Guinea\\",
      \\"uid\\": \\"r1WBKDIAHL-\\",
      \\"value\\": 601873169.949,
      \\"year\\": 2015,
    },
    Object {
      \\"color\\": \\"#0089cc\\",
      \\"id\\": \\"PA\\",
      \\"name\\": \\"Panama\\",
      \\"uid\\": \\"B1GrYvLABUZ\\",
      \\"value\\": 32002236.5207,
      \\"year\\": 2015,
    },
    Object {
      \\"color\\": \\"#8f1b13\\",
      \\"id\\": \\"MG\\",
      \\"name\\": \\"Madagascar\\",
      \\"uid\\": \\"SJmBYDLRBLb\\",
      \\"value\\": 728602505.5641,
      \\"year\\": 2015,
    },
    Object {
      \\"color\\": \\"#e48a00\\",
      \\"id\\": \\"ID\\",
      \\"name\\": \\"Indonesia\\",
      \\"uid\\": \\"S1EHKv8CrIb\\",
      \\"value\\": 2027130655.3552,
      \\"year\\": 2015,
    },
    Object {
      \\"color\\": \\"#973915\\",
      \\"id\\": \\"FM\\",
      \\"name\\": \\"Micronesia\\",
      \\"uid\\": \\"SkrBFD8CS8-\\",
      \\"value\\": 84819420.74271,
      \\"year\\": 2015,
    },
    Object {
      \\"color\\": \\"#5da3d9\\",
      \\"id\\": \\"AM\\",
      \\"name\\": \\"Armenia\\",
      \\"uid\\": \\"Bk8BKDLRrIW\\",
      \\"value\\": 409173900.834,
      \\"year\\": 2015,
    },
    Object {
      \\"color\\": \\"#8f1b13\\",
      \\"id\\": \\"GQ\\",
      \\"name\\": \\"Equatorial Guinea\\",
      \\"uid\\": \\"SyvSYwI0rLZ\\",
      \\"value\\": 10975793.5234,
      \\"year\\": 2015,
    },
    Object {
      \\"color\\": \\"#0c457b\\",
      \\"id\\": \\"UA\\",
      \\"name\\": \\"Ukraine\\",
      \\"uid\\": \\"B1_rKDUArLW\\",
      \\"value\\": 1481415215.0011,
      \\"year\\": 2015,
    },
    Object {
      \\"color\\": \\"#443e42\\",
      \\"id\\": \\"IR\\",
      \\"name\\": \\"Iran\\",
      \\"uid\\": \\"SktrFDICHUb\\",
      \\"value\\": 121962820.29131,
      \\"year\\": 2015,
    },
    Object {
      \\"color\\": \\"#551f65\\",
      \\"id\\": \\"CL\\",
      \\"name\\": \\"Chile\\",
      \\"uid\\": \\"HkcrKvU0H8Z\\",
      \\"value\\": 84826171.1616,
      \\"year\\": 2015,
    },
    Object {
      \\"color\\": \\"#8f1b13\\",
      \\"id\\": \\"CF\\",
      \\"name\\": \\"CAR\\",
      \\"uid\\": \\"SksrKwIASL-\\",
      \\"value\\": 504983381.426,
      \\"year\\": 2015,
    },
    Object {
      \\"color\\": \\"#6a6569\\",
      \\"id\\": \\"africa\\",
      \\"name\\": \\"Africa, regional\\",
      \\"uid\\": \\"B1hHFv80SIW\\",
      \\"value\\": 3545313720.61752,
      \\"year\\": 2015,
    },
    Object {
      \\"color\\": \\"#8f1b13\\",
      \\"id\\": \\"TZ\\",
      \\"name\\": \\"Tanzania\\",
      \\"uid\\": \\"S1TSFvUCBIW\\",
      \\"value\\": 2706164457.66742,
      \\"year\\": 2015,
    },
    Object {
      \\"color\\": \\"#8f1b13\\",
      \\"id\\": \\"SO\\",
      \\"name\\": \\"Somalia\\",
      \\"uid\\": \\"HJRHKPUCrLW\\",
      \\"value\\": 1258707656.7824,
      \\"year\\": 2015,
    },
    Object {
      \\"color\\": \\"#8f1b13\\",
      \\"id\\": \\"TD\\",
      \\"name\\": \\"Chad\\",
      \\"uid\\": \\"ByJ8FDL0r8b\\",
      \\"value\\": 1239325318.9576,
      \\"year\\": 2015,
    },
    Object {
      \\"color\\": \\"#8f1b13\\",
      \\"id\\": \\"SH\\",
      \\"name\\": \\"Saint Helena, Ascension & Tristan da Cunha\\",
      \\"uid\\": \\"HygUFvIAHU-\\",
      \\"value\\": 93883797.74,
      \\"year\\": 2015,
    },
    Object {
      \\"color\\": \\"#8f1b13\\",
      \\"id\\": \\"GW\\",
      \\"name\\": \\"Guinea-Bissau\\",
      \\"uid\\": \\"BJbLFPIAHUZ\\",
      \\"value\\": 99169214.76,
      \\"year\\": 2015,
    },
    Object {
      \\"color\\": \\"#443e42\\",
      \\"id\\": \\"LB\\",
      \\"name\\": \\"Lebanon\\",
      \\"uid\\": \\"Skf8FPU0HUW\\",
      \\"value\\": 1162866350.452,
      \\"year\\": 2015,
    },
    Object {
      \\"color\\": \\"#0089cc\\",
      \\"id\\": \\"HN\\",
      \\"name\\": \\"Honduras\\",
      \\"uid\\": \\"H17IFD8CHLZ\\",
      \\"value\\": 599502245.08781,
      \\"year\\": 2015,
    },
    Object {
      \\"color\\": \\"#443e42\\",
      \\"id\\": \\"PS\\",
      \\"name\\": \\"Palestine\\",
      \\"uid\\": \\"SJ48YPI0rIb\\",
      \\"value\\": 1878696314.1875,
      \\"year\\": 2015,
    },
    Object {
      \\"color\\": \\"#5da3d9\\",
      \\"id\\": \\"KG\\",
      \\"name\\": \\"Kyrgyzstan\\",
      \\"uid\\": \\"rJSUKwURHUb\\",
      \\"value\\": 831357384.97431,
      \\"year\\": 2015,
    },
    Object {
      \\"color\\": \\"#a85d00\\",
      \\"id\\": \\"MA\\",
      \\"name\\": \\"Morocco\\",
      \\"uid\\": \\"SkUUFwUASIZ\\",
      \\"value\\": 1885637592.7049,
      \\"year\\": 2015,
    },
    Object {
      \\"color\\": \\"#8f1b13\\",
      \\"id\\": \\"CV\\",
      \\"name\\": \\"Cape Verde\\",
      \\"uid\\": \\"BJwUtw8AH8-\\",
      \\"value\\": 175126220.98,
      \\"year\\": 2015,
    },
    Object {
      \\"color\\": \\"#8f1b13\\",
      \\"id\\": \\"BF\\",
      \\"name\\": \\"Burkina Faso\\",
      \\"uid\\": \\"BJdLtwLRrLb\\",
      \\"value\\": 1069722665.646,
      \\"year\\": 2015,
    },
    Object {
      \\"color\\": \\"#0c457b\\",
      \\"id\\": \\"MK\\",
      \\"name\\": \\"Macedonia\\",
      \\"uid\\": \\"BkFUtwL0B8W\\",
      \\"value\\": 285412959.4156,
      \\"year\\": 2015,
    },
    Object {
      \\"color\\": \\"#0089cc\\",
      \\"id\\": \\"NI\\",
      \\"name\\": \\"Nicaragua\\",
      \\"uid\\": \\"ry5UtDUCrLZ\\",
      \\"value\\": 516517618.9194,
      \\"year\\": 2015,
    },
    Object {
      \\"color\\": \\"#0c457b\\",
      \\"id\\": \\"europe\\",
      \\"name\\": \\"Europe, regional\\",
      \\"uid\\": \\"ByoItDURB8b\\",
      \\"value\\": 1071072963.8728,
      \\"year\\": 2015,
    },
    Object {
      \\"color\\": \\"#0089cc\\",
      \\"id\\": \\"LC\\",
      \\"name\\": \\"Saint Lucia\\",
      \\"uid\\": \\"H138YPICSU-\\",
      \\"value\\": 22975352.49071,
      \\"year\\": 2015,
    },
    Object {
      \\"color\\": \\"#5da3d9\\",
      \\"id\\": \\"NP\\",
      \\"name\\": \\"Nepal\\",
      \\"uid\\": \\"HJ6IKwL0HUZ\\",
      \\"value\\": 1356514605.846042,
      \\"year\\": 2015,
    },
    Object {
      \\"color\\": \\"#8f1b13\\",
      \\"id\\": \\"UG\\",
      \\"name\\": \\"Uganda\\",
      \\"uid\\": \\"rkC8Yw8RBIb\\",
      \\"value\\": 1696501638.9257026,
      \\"year\\": 2015,
    },
    Object {
      \\"color\\": \\"#973915\\",
      \\"id\\": \\"WF\\",
      \\"name\\": \\"Wallis & Futuna\\",
      \\"uid\\": \\"ry1vYvL0SLb\\",
      \\"value\\": 106447487.31,
      \\"year\\": 2015,
    },
    Object {
      \\"color\\": \\"#8f1b13\\",
      \\"id\\": \\"ET\\",
      \\"name\\": \\"Ethiopia\\",
      \\"uid\\": \\"SJeDKPLRH8b\\",
      \\"value\\": 3352722498.06871,
      \\"year\\": 2015,
    },
    Object {
      \\"color\\": \\"#551f65\\",
      \\"id\\": \\"SR\\",
      \\"name\\": \\"Suriname\\",
      \\"uid\\": \\"HkbwtDIAS8Z\\",
      \\"value\\": 17461652.791,
      \\"year\\": 2015,
    },
    Object {
      \\"color\\": \\"#8f1b13\\",
      \\"id\\": \\"ER\\",
      \\"name\\": \\"Eritrea\\",
      \\"uid\\": \\"HyGwYP8AS8b\\",
      \\"value\\": 95494544.552,
      \\"year\\": 2015,
    },
    Object {
      \\"color\\": \\"#6a6569\\",
      \\"id\\": \\"america\\",
      \\"name\\": \\"America, regional\\",
      \\"uid\\": \\"BkmDYwUASUZ\\",
      \\"value\\": 1373826715.8581,
      \\"year\\": 2015,
    },
    Object {
      \\"color\\": \\"#5da3d9\\",
      \\"id\\": \\"GE\\",
      \\"name\\": \\"Georgia\\",
      \\"uid\\": \\"ByNDFv8CH8Z\\",
      \\"value\\": 559053620.135645,
      \\"year\\": 2015,
    },
    Object {
      \\"color\\": \\"#8f1b13\\",
      \\"id\\": \\"KM\\",
      \\"name\\": \\"Comoros\\",
      \\"uid\\": \\"HyrvFvURHIW\\",
      \\"value\\": 69983438.0702,
      \\"year\\": 2015,
    },
    Object {
      \\"color\\": \\"#a85d00\\",
      \\"id\\": \\"north-of-sahara\\",
      \\"name\\": \\"North of Sahara, regional\\",
      \\"uid\\": \\"Sy8DtPUCHL-\\",
      \\"value\\": 330772955.4101,
      \\"year\\": 2015,
    },
    Object {
      \\"color\\": \\"#0089cc\\",
      \\"id\\": \\"JM\\",
      \\"name\\": \\"Jamaica\\",
      \\"uid\\": \\"B1wwtv8RHI-\\",
      \\"value\\": 104722855.19432,
      \\"year\\": 2015,
    },
    Object {
      \\"color\\": \\"#973915\\",
      \\"id\\": \\"VU\\",
      \\"name\\": \\"Vanuatu\\",
      \\"uid\\": \\"Bkuwtw8RBLZ\\",
      \\"value\\": 189997948.73261,
      \\"year\\": 2015,
    },
    Object {
      \\"color\\": \\"#8f1b13\\",
      \\"id\\": \\"SL\\",
      \\"name\\": \\"Sierra Leone\\",
      \\"uid\\": \\"BkKPFv80BLW\\",
      \\"value\\": 1021195776.58641,
      \\"year\\": 2015,
    },
    Object {
      \\"color\\": \\"#e48a00\\",
      \\"id\\": \\"MY\\",
      \\"name\\": \\"Malaysia\\",
      \\"uid\\": \\"SycvYvL0BLZ\\",
      \\"value\\": 125023930.4007,
      \\"year\\": 2015,
    },
    Object {
      \\"color\\": \\"#a85d00\\",
      \\"id\\": \\"LY\\",
      \\"name\\": \\"Libya\\",
      \\"uid\\": \\"B1svYPICHUb\\",
      \\"value\\": 157764674.09,
      \\"year\\": 2015,
    },
    Object {
      \\"color\\": \\"#e48a00\\",
      \\"id\\": \\"VN\\",
      \\"name\\": \\"Viet Nam\\",
      \\"uid\\": \\"Bk3vFwURBIZ\\",
      \\"value\\": 3895493299.94611,
      \\"year\\": 2015,
    },
    Object {
      \\"color\\": \\"#973915\\",
      \\"id\\": \\"SB\\",
      \\"name\\": \\"Solomon Islands\\",
      \\"uid\\": \\"HypvFvL0HLZ\\",
      \\"value\\": 196251880.5751,
      \\"year\\": 2015,
    },
    Object {
      \\"color\\": \\"#551f65\\",
      \\"id\\": \\"EC\\",
      \\"name\\": \\"Ecuador\\",
      \\"uid\\": \\"HkCPKwIAB8b\\",
      \\"value\\": 383804916.402,
      \\"year\\": 2015,
    },
    Object {
      \\"color\\": \\"#6a6569\\",
      \\"id\\": \\"west-indies\\",
      \\"name\\": \\"West Indies, regional\\",
      \\"uid\\": \\"HyydYvIRHUW\\",
      \\"value\\": 162590892.67071,
      \\"year\\": 2015,
    },
    Object {
      \\"color\\": \\"#973915\\",
      \\"id\\": \\"MH\\",
      \\"name\\": \\"Marshall Islands\\",
      \\"uid\\": \\"SJg_YD8RrUW\\",
      \\"value\\": 59680978.0669,
      \\"year\\": 2015,
    },
    Object {
      \\"color\\": \\"#8f1b13\\",
      \\"id\\": \\"GH\\",
      \\"name\\": \\"Ghana\\",
      \\"uid\\": \\"HkbuFvIRSI-\\",
      \\"value\\": 1882129282.3422,
      \\"year\\": 2015,
    },
    Object {
      \\"color\\": \\"#5da3d9\\",
      \\"id\\": \\"AZ\\",
      \\"name\\": \\"Azerbaijan\\",
      \\"uid\\": \\"B1GutwI0rUb\\",
      \\"value\\": 160299119.2983,
      \\"year\\": 2015,
    },
    Object {
      \\"color\\": \\"#5da3d9\\",
      \\"id\\": \\"IN\\",
      \\"name\\": \\"India\\",
      \\"uid\\": \\"S1XOYDLAB8Z\\",
      \\"value\\": 5328901800.89339,
      \\"year\\": 2015,
    },
    Object {
      \\"color\\": \\"#0089cc\\",
      \\"id\\": \\"SV\\",
      \\"name\\": \\"El Salvador\\",
      \\"uid\\": \\"B14_KvLCrIb\\",
      \\"value\\": 149694907.24661,
      \\"year\\": 2015,
    },
    Object {
      \\"color\\": \\"#e48a00\\",
      \\"id\\": \\"KH\\",
      \\"name\\": \\"Cambodia\\",
      \\"uid\\": \\"HJS_YvI0HUW\\",
      \\"value\\": 756594960.71341,
      \\"year\\": 2015,
    },
    Object {
      \\"color\\": \\"#551f65\\",
      \\"id\\": \\"south-america\\",
      \\"name\\": \\"South America, regional\\",
      \\"uid\\": \\"BJ8uYP8CrLb\\",
      \\"value\\": 326725910.8164,
      \\"year\\": 2015,
    },
    Object {
      \\"color\\": \\"#8f1b13\\",
      \\"id\\": \\"ZM\\",
      \\"name\\": \\"Zambia\\",
      \\"uid\\": \\"S1vutDI0SIZ\\",
      \\"value\\": 883234614.914054,
      \\"year\\": 2015,
    },
    Object {
      \\"color\\": \\"#443e42\\",
      \\"id\\": \\"SY\\",
      \\"name\\": \\"Syria\\",
      \\"uid\\": \\"ryOOKwLCSUb\\",
      \\"value\\": 4889339854.348,
      \\"year\\": 2015,
    },
    Object {
      \\"color\\": \\"#0089cc\\",
      \\"id\\": \\"GT\\",
      \\"name\\": \\"Guatemala\\",
      \\"uid\\": \\"HkFdKwIRrUb\\",
      \\"value\\": 455347845.3032026,
      \\"year\\": 2015,
    },
    Object {
      \\"color\\": \\"#8f1b13\\",
      \\"id\\": \\"ST\\",
      \\"name\\": \\"Sao Tome & Principe\\",
      \\"uid\\": \\"SJ5uFDLCHI-\\",
      \\"value\\": 53346067.839,
      \\"year\\": 2015,
    },
    Object {
      \\"color\\": \\"#8f1b13\\",
      \\"id\\": \\"SN\\",
      \\"name\\": \\"Senegal\\",
      \\"uid\\": \\"r1i_tv80BUb\\",
      \\"value\\": 981756115.466768,
      \\"year\\": 2015,
    },
    Object {
      \\"color\\": \\"#5da3d9\\",
      \\"id\\": \\"TM\\",
      \\"name\\": \\"Turkmenistan\\",
      \\"uid\\": \\"r12uFPICSU-\\",
      \\"value\\": 27097053.0161,
      \\"year\\": 2015,
    },
    Object {
      \\"color\\": \\"#0089cc\\",
      \\"id\\": \\"DM\\",
      \\"name\\": \\"Dominica\\",
      \\"uid\\": \\"HyadYPUCHLW\\",
      \\"value\\": 21235452.58971,
      \\"year\\": 2015,
    },
    Object {
      \\"color\\": \\"#8f1b13\\",
      \\"id\\": \\"BI\\",
      \\"name\\": \\"Burundi\\",
      \\"uid\\": \\"rJR_FPICH8b\\",
      \\"value\\": 397197246.9547,
      \\"year\\": 2015,
    },
    Object {
      \\"color\\": \\"#551f65\\",
      \\"id\\": \\"PE\\",
      \\"name\\": \\"Peru\\",
      \\"uid\\": \\"HJkYFPLRB8W\\",
      \\"value\\": 523373971.93911,
      \\"year\\": 2015,
    },
    Object {
      \\"color\\": \\"#8f1b13\\",
      \\"id\\": \\"LR\\",
      \\"name\\": \\"Liberia\\",
      \\"uid\\": \\"r1eKKvIAr8W\\",
      \\"value\\": 1139451949.36391,
      \\"year\\": 2015,
    },
    Object {
      \\"color\\": \\"#0c457b\\",
      \\"id\\": \\"XK\\",
      \\"name\\": \\"Kosovo\\",
      \\"uid\\": \\"B1ZFYPU0r8Z\\",
      \\"value\\": 441689421.7065,
      \\"year\\": 2015,
    },
  ],
  \\"dataB\\": Array [
    Object {
      \\"color\\": \\"#5da3d9\\",
      \\"id\\": \\"AF\\",
      \\"name\\": \\"Afghanistan\\",
      \\"uid\\": \\"S1qwLRS8W\\",
      \\"value\\": 83961708.3,
      \\"year\\": 2015,
    },
    Object {
      \\"color\\": \\"#6a6569\\",
      \\"id\\": \\"africa\\",
      \\"name\\": \\"Africa, regional\\",
      \\"uid\\": \\"H1ecP8CBIZ\\",
      \\"value\\": 381896669.25,
      \\"year\\": 2015,
    },
    Object {
      \\"color\\": \\"#0089cc\\",
      \\"id\\": \\"AG\\",
      \\"name\\": \\"Antigua & Barbuda\\",
      \\"uid\\": \\"rkZcwLArU-\\",
      \\"value\\": 16677.4,
      \\"year\\": 2015,
    },
    Object {
      \\"color\\": \\"#0c457b\\",
      \\"id\\": \\"AL\\",
      \\"name\\": \\"Albania\\",
      \\"uid\\": \\"Hyz5vICrUZ\\",
      \\"value\\": 5866208.04,
      \\"year\\": 2015,
    },
    Object {
      \\"color\\": \\"#5da3d9\\",
      \\"id\\": \\"AM\\",
      \\"name\\": \\"Armenia\\",
      \\"uid\\": \\"HJ75w8RrUZ\\",
      \\"value\\": 81757041.69,
      \\"year\\": 2015,
    },
    Object {
      \\"color\\": \\"#6a6569\\",
      \\"id\\": \\"america\\",
      \\"name\\": \\"America, regional\\",
      \\"uid\\": \\"HyEqD8CrIb\\",
      \\"value\\": 60293883.2,
      \\"year\\": 2015,
    },
    Object {
      \\"color\\": \\"#8f1b13\\",
      \\"id\\": \\"AO\\",
      \\"name\\": \\"Angola\\",
      \\"uid\\": \\"ryrcvUCrLZ\\",
      \\"value\\": 84158.334,
      \\"year\\": 2015,
    },
    Object {
      \\"color\\": \\"#551f65\\",
      \\"id\\": \\"AR\\",
      \\"name\\": \\"Argentina\\",
      \\"uid\\": \\"r1I9vURBUb\\",
      \\"value\\": 1290425.57,
      \\"year\\": 2015,
    },
    Object {
      \\"color\\": \\"#6a6569\\",
      \\"id\\": \\"asia\\",
      \\"name\\": \\"Asia, regional\\",
      \\"uid\\": \\"Bywcv8AHIb\\",
      \\"value\\": 74599093.76,
      \\"year\\": 2015,
    },
    Object {
      \\"color\\": \\"#5da3d9\\",
      \\"id\\": \\"AZ\\",
      \\"name\\": \\"Azerbaijan\\",
      \\"uid\\": \\"S1OqvICH8b\\",
      \\"value\\": 2735790.673,
      \\"year\\": 2015,
    },
    Object {
      \\"color\\": \\"#0c457b\\",
      \\"id\\": \\"BA\\",
      \\"name\\": \\"Bosnia & Herzegovina\\",
      \\"uid\\": \\"SyK5DIArI-\\",
      \\"value\\": 57652007.93,
      \\"year\\": 2015,
    },
    Object {
      \\"color\\": \\"#5da3d9\\",
      \\"id\\": \\"BD\\",
      \\"name\\": \\"Bangladesh\\",
      \\"uid\\": \\"SJ9qwICr8b\\",
      \\"value\\": 109224620.854,
      \\"year\\": 2015,
    },
    Object {
      \\"color\\": \\"#8f1b13\\",
      \\"id\\": \\"BF\\",
      \\"name\\": \\"Burkina Faso\\",
      \\"uid\\": \\"SkscD8RrIZ\\",
      \\"value\\": 9621174.332,
      \\"year\\": 2015,
    },
    Object {
      \\"color\\": \\"#8f1b13\\",
      \\"id\\": \\"BI\\",
      \\"name\\": \\"Burundi\\",
      \\"uid\\": \\"HJn5DLAHLZ\\",
      \\"value\\": 3216561.34,
      \\"year\\": 2015,
    },
    Object {
      \\"color\\": \\"#6a6569\\",
      \\"id\\": \\"bilateral-unspecified\\",
      \\"name\\": \\"Bilateral, unspecified\\",
      \\"uid\\": \\"BkT5DUCHIZ\\",
      \\"value\\": 1630817445.0112,
      \\"year\\": 2015,
    },
    Object {
      \\"color\\": \\"#8f1b13\\",
      \\"id\\": \\"BJ\\",
      \\"name\\": \\"Benin\\",
      \\"uid\\": \\"S1A9wL0HLZ\\",
      \\"value\\": 10773690.17,
      \\"year\\": 2015,
    },
    Object {
      \\"color\\": \\"#551f65\\",
      \\"id\\": \\"BO\\",
      \\"name\\": \\"Bolivia\\",
      \\"uid\\": \\"SJ1lcvUASIZ\\",
      \\"value\\": 13369037.65,
      \\"year\\": 2015,
    },
    Object {
      \\"color\\": \\"#551f65\\",
      \\"id\\": \\"BR\\",
      \\"name\\": \\"Brazil\\",
      \\"uid\\": \\"Hkex9PI0HUb\\",
      \\"value\\": 168347875.98,
      \\"year\\": 2015,
    },
    Object {
      \\"color\\": \\"#5da3d9\\",
      \\"id\\": \\"BT\\",
      \\"name\\": \\"Bhutan\\",
      \\"uid\\": \\"S1bl9DURrUZ\\",
      \\"value\\": 28618639.34,
      \\"year\\": 2015,
    },
    Object {
      \\"color\\": \\"#8f1b13\\",
      \\"id\\": \\"BW\\",
      \\"name\\": \\"Botswana\\",
      \\"uid\\": \\"rkzgcDL0rUb\\",
      \\"value\\": 73801.64,
      \\"year\\": 2015,
    },
    Object {
      \\"color\\": \\"#0c457b\\",
      \\"id\\": \\"BY\\",
      \\"name\\": \\"Belarus\\",
      \\"uid\\": \\"Sk7gqvICHLW\\",
      \\"value\\": 2302548.62,
      \\"year\\": 2015,
    },
    Object {
      \\"color\\": \\"#0089cc\\",
      \\"id\\": \\"BZ\\",
      \\"name\\": \\"Belize\\",
      \\"uid\\": \\"r1EeqwICH8W\\",
      \\"value\\": 345744,
      \\"year\\": 2015,
    },
    Object {
      \\"color\\": \\"#8f1b13\\",
      \\"id\\": \\"CD\\",
      \\"name\\": \\"DRC\\",
      \\"uid\\": \\"HkBl5PLCB8W\\",
      \\"value\\": 16274356.92,
      \\"year\\": 2015,
    },
    Object {
      \\"color\\": \\"#5da3d9\\",
      \\"id\\": \\"central-asia\\",
      \\"name\\": \\"Central Asia, regional\\",
      \\"uid\\": \\"rkLgqwLCrLZ\\",
      \\"value\\": 4285183.1,
      \\"year\\": 2015,
    },
    Object {
      \\"color\\": \\"#8f1b13\\",
      \\"id\\": \\"CF\\",
      \\"name\\": \\"CAR\\",
      \\"uid\\": \\"Sywlcw8CH8W\\",
      \\"value\\": 307208.9,
      \\"year\\": 2015,
    },
    Object {
      \\"color\\": \\"#8f1b13\\",
      \\"id\\": \\"CG\\",
      \\"name\\": \\"Congo\\",
      \\"uid\\": \\"BJ_lcvI0S8-\\",
      \\"value\\": 1022158.4,
      \\"year\\": 2015,
    },
    Object {
      \\"color\\": \\"#8f1b13\\",
      \\"id\\": \\"CI\\",
      \\"name\\": \\"Côte d'Ivoire\\",
      \\"uid\\": \\"HJKlcDIArU-\\",
      \\"value\\": 19463842.18,
      \\"year\\": 2015,
    },
    Object {
      \\"color\\": \\"#973915\\",
      \\"id\\": \\"CK\\",
      \\"name\\": \\"Cook Islands\\",
      \\"uid\\": \\"HJ9l5DIArLZ\\",
      \\"value\\": 939.214,
      \\"year\\": 2015,
    },
    Object {
      \\"color\\": \\"#551f65\\",
      \\"id\\": \\"CL\\",
      \\"name\\": \\"Chile\\",
      \\"uid\\": \\"BJilqDI0BUb\\",
      \\"value\\": 2791619.506,
      \\"year\\": 2015,
    },
    Object {
      \\"color\\": \\"#8f1b13\\",
      \\"id\\": \\"CM\\",
      \\"name\\": \\"Cameroon\\",
      \\"uid\\": \\"Skhlqw8RHIW\\",
      \\"value\\": 1004148.82,
      \\"year\\": 2015,
    },
    Object {
      \\"color\\": \\"#e48a00\\",
      \\"id\\": \\"CN\\",
      \\"name\\": \\"China\\",
      \\"uid\\": \\"Bk6l5wLArI-\\",
      \\"value\\": 42420278.44,
      \\"year\\": 2015,
    },
    Object {
      \\"color\\": \\"#551f65\\",
      \\"id\\": \\"CO\\",
      \\"name\\": \\"Colombia\\",
      \\"uid\\": \\"HyRxqvU0BIZ\\",
      \\"value\\": 9343175.91,
      \\"year\\": 2015,
    },
    Object {
      \\"color\\": \\"#0089cc\\",
      \\"id\\": \\"CR\\",
      \\"name\\": \\"Costa Rica\\",
      \\"uid\\": \\"By1b5wLArUZ\\",
      \\"value\\": 12626229.23,
      \\"year\\": 2015,
    },
    Object {
      \\"color\\": \\"#0089cc\\",
      \\"id\\": \\"CU\\",
      \\"name\\": \\"Cuba\\",
      \\"uid\\": \\"r1l-9vIRSUW\\",
      \\"value\\": 647204.6,
      \\"year\\": 2015,
    },
    Object {
      \\"color\\": \\"#8f1b13\\",
      \\"id\\": \\"CV\\",
      \\"name\\": \\"Cape Verde\\",
      \\"uid\\": \\"B1ZZqP8ArL-\\",
      \\"value\\": 6254131.208,
      \\"year\\": 2015,
    },
    Object {
      \\"color\\": \\"#8f1b13\\",
      \\"id\\": \\"DJ\\",
      \\"name\\": \\"Djibouti\\",
      \\"uid\\": \\"B1zbqDI0rLb\\",
      \\"value\\": 591787.7,
      \\"year\\": 2015,
    },
    Object {
      \\"color\\": \\"#0089cc\\",
      \\"id\\": \\"DM\\",
      \\"name\\": \\"Dominica\\",
      \\"uid\\": \\"SJQb9wIRSLZ\\",
      \\"value\\": 38603.8,
      \\"year\\": 2015,
    },
    Object {
      \\"color\\": \\"#0089cc\\",
      \\"id\\": \\"DO\\",
      \\"name\\": \\"Dominican Republic\\",
      \\"uid\\": \\"Sy4WcPIRrLZ\\",
      \\"value\\": 3077281.11,
      \\"year\\": 2015,
    },
    Object {
      \\"color\\": \\"#a85d00\\",
      \\"id\\": \\"DZ\\",
      \\"name\\": \\"Algeria\\",
      \\"uid\\": \\"HkHZcP8Rr8b\\",
      \\"value\\": 2388511.82,
      \\"year\\": 2015,
    },
    Object {
      \\"color\\": \\"#e48a00\\",
      \\"id\\": \\"east-asia\\",
      \\"name\\": \\"Far East Asia, regional\\",
      \\"uid\\": \\"SJIbcDL0HU-\\",
      \\"value\\": 4419754.43,
      \\"year\\": 2015,
    },
    Object {
      \\"color\\": \\"#551f65\\",
      \\"id\\": \\"EC\\",
      \\"name\\": \\"Ecuador\\",
      \\"uid\\": \\"r1wbcDLASUZ\\",
      \\"value\\": 11320356.35,
      \\"year\\": 2015,
    },
    Object {
      \\"color\\": \\"#a85d00\\",
      \\"id\\": \\"EG\\",
      \\"name\\": \\"Egypt\\",
      \\"uid\\": \\"BydWcDLRSIZ\\",
      \\"value\\": 98125065.44,
      \\"year\\": 2015,
    },
    Object {
      \\"color\\": \\"#8f1b13\\",
      \\"id\\": \\"ET\\",
      \\"name\\": \\"Ethiopia\\",
      \\"uid\\": \\"Sktb5PICrU-\\",
      \\"value\\": 32644789.736,
      \\"year\\": 2015,
    },
    Object {
      \\"color\\": \\"#0c457b\\",
      \\"id\\": \\"europe\\",
      \\"name\\": \\"Europe, regional\\",
      \\"uid\\": \\"ryc-5wU0SUb\\",
      \\"value\\": 132792185.3806,
      \\"year\\": 2015,
    },
    Object {
      \\"color\\": \\"#973915\\",
      \\"id\\": \\"FJ\\",
      \\"name\\": \\"Fiji\\",
      \\"uid\\": \\"S1obcv8CSLb\\",
      \\"value\\": 1459519.18,
      \\"year\\": 2015,
    },
    Object {
      \\"color\\": \\"#973915\\",
      \\"id\\": \\"FM\\",
      \\"name\\": \\"Micronesia\\",
      \\"uid\\": \\"B1nW5P8RSIZ\\",
      \\"value\\": 495354.714,
      \\"year\\": 2015,
    },
    Object {
      \\"color\\": \\"#8f1b13\\",
      \\"id\\": \\"GA\\",
      \\"name\\": \\"Gabon\\",
      \\"uid\\": \\"rk6-cvL0r8-\\",
      \\"value\\": 10271.5,
      \\"year\\": 2015,
    },
    Object {
      \\"color\\": \\"#0089cc\\",
      \\"id\\": \\"GD\\",
      \\"name\\": \\"Grenada\\",
      \\"uid\\": \\"Hk0Z9w8RSIZ\\",
      \\"value\\": 3542733,
      \\"year\\": 2015,
    },
    Object {
      \\"color\\": \\"#5da3d9\\",
      \\"id\\": \\"GE\\",
      \\"name\\": \\"Georgia\\",
      \\"uid\\": \\"Hkkf9vURBUW\\",
      \\"value\\": 39562391.917,
      \\"year\\": 2015,
    },
    Object {
      \\"color\\": \\"#8f1b13\\",
      \\"id\\": \\"GH\\",
      \\"name\\": \\"Ghana\\",
      \\"uid\\": \\"H1eMcDURSL-\\",
      \\"value\\": 32467497.77,
      \\"year\\": 2015,
    },
    Object {
      \\"color\\": \\"#8f1b13\\",
      \\"id\\": \\"GM\\",
      \\"name\\": \\"Gambia\\",
      \\"uid\\": \\"HJWGqDI0HUb\\",
      \\"value\\": 1452945.42,
      \\"year\\": 2015,
    },
    Object {
      \\"color\\": \\"#8f1b13\\",
      \\"id\\": \\"GN\\",
      \\"name\\": \\"Guinea\\",
      \\"uid\\": \\"r1GG9DIRr8b\\",
      \\"value\\": 934372.63,
      \\"year\\": 2015,
    },
    Object {
      \\"color\\": \\"#0089cc\\",
      \\"id\\": \\"GT\\",
      \\"name\\": \\"Guatemala\\",
      \\"uid\\": \\"SJXf9P8CSL-\\",
      \\"value\\": 5605002.122,
      \\"year\\": 2015,
    },
    Object {
      \\"color\\": \\"#8f1b13\\",
      \\"id\\": \\"GW\\",
      \\"name\\": \\"Guinea-Bissau\\",
      \\"uid\\": \\"Bk4MqvL0B8-\\",
      \\"value\\": 46143.7,
      \\"year\\": 2015,
    },
    Object {
      \\"color\\": \\"#551f65\\",
      \\"id\\": \\"GY\\",
      \\"name\\": \\"Guyana\\",
      \\"uid\\": \\"H1SGqv8AS8W\\",
      \\"value\\": 1295003.28,
      \\"year\\": 2015,
    },
    Object {
      \\"color\\": \\"#0089cc\\",
      \\"id\\": \\"HN\\",
      \\"name\\": \\"Honduras\\",
      \\"uid\\": \\"B18f5DICSIW\\",
      \\"value\\": 8522645.294,
      \\"year\\": 2015,
    },
    Object {
      \\"color\\": \\"#0089cc\\",
      \\"id\\": \\"HT\\",
      \\"name\\": \\"Haiti\\",
      \\"uid\\": \\"SkvzqDUCH8b\\",
      \\"value\\": 18233170.4,
      \\"year\\": 2015,
    },
    Object {
      \\"color\\": \\"#e48a00\\",
      \\"id\\": \\"ID\\",
      \\"name\\": \\"Indonesia\\",
      \\"uid\\": \\"BJ_fqPIAHUb\\",
      \\"value\\": 24720312.97,
      \\"year\\": 2015,
    },
    Object {
      \\"color\\": \\"#5da3d9\\",
      \\"id\\": \\"IN\\",
      \\"name\\": \\"India\\",
      \\"uid\\": \\"S1Yf9PLRSUb\\",
      \\"value\\": 768204926.898,
      \\"year\\": 2015,
    },
    Object {
      \\"color\\": \\"#443e42\\",
      \\"id\\": \\"IQ\\",
      \\"name\\": \\"Iraq\\",
      \\"uid\\": \\"SJ5f5w80rU-\\",
      \\"value\\": 18386636.1,
      \\"year\\": 2015,
    },
    Object {
      \\"color\\": \\"#443e42\\",
      \\"id\\": \\"IR\\",
      \\"name\\": \\"Iran\\",
      \\"uid\\": \\"HkoMcD8ASL-\\",
      \\"value\\": 116899.11,
      \\"year\\": 2015,
    },
    Object {
      \\"color\\": \\"#0089cc\\",
      \\"id\\": \\"JM\\",
      \\"name\\": \\"Jamaica\\",
      \\"uid\\": \\"BJ2f9PU0SUb\\",
      \\"value\\": 1965869.89,
      \\"year\\": 2015,
    },
    Object {
      \\"color\\": \\"#443e42\\",
      \\"id\\": \\"JO\\",
      \\"name\\": \\"Jordan\\",
      \\"uid\\": \\"BJazcP8RHUW\\",
      \\"value\\": 35249885.56,
      \\"year\\": 2015,
    },
    Object {
      \\"color\\": \\"#8f1b13\\",
      \\"id\\": \\"KE\\",
      \\"name\\": \\"Kenya\\",
      \\"uid\\": \\"ByAMqDU0HLb\\",
      \\"value\\": 46839224.48,
      \\"year\\": 2015,
    },
    Object {
      \\"color\\": \\"#5da3d9\\",
      \\"id\\": \\"KG\\",
      \\"name\\": \\"Kyrgyzstan\\",
      \\"uid\\": \\"H1kXqPURS8W\\",
      \\"value\\": 23030376.709,
      \\"year\\": 2015,
    },
    Object {
      \\"color\\": \\"#e48a00\\",
      \\"id\\": \\"KH\\",
      \\"name\\": \\"Cambodia\\",
      \\"uid\\": \\"rJx75DURBL-\\",
      \\"value\\": 24629438.14,
      \\"year\\": 2015,
    },
    Object {
      \\"color\\": \\"#973915\\",
      \\"id\\": \\"KI\\",
      \\"name\\": \\"Kiribati\\",
      \\"uid\\": \\"rkb79PUArUb\\",
      \\"value\\": 1443209.214,
      \\"year\\": 2015,
    },
    Object {
      \\"color\\": \\"#8f1b13\\",
      \\"id\\": \\"KM\\",
      \\"name\\": \\"Comoros\\",
      \\"uid\\": \\"S1fQ5DIRrUW\\",
      \\"value\\": 1370129.4,
      \\"year\\": 2015,
    },
    Object {
      \\"color\\": \\"#e48a00\\",
      \\"id\\": \\"KP\\",
      \\"name\\": \\"North Korea\\",
      \\"uid\\": \\"HJmX9vURHUZ\\",
      \\"value\\": 117290,
      \\"year\\": 2015,
    },
    Object {
      \\"color\\": \\"#5da3d9\\",
      \\"id\\": \\"KZ\\",
      \\"name\\": \\"Kazakhstan\\",
      \\"uid\\": \\"BJN7cw8RrL-\\",
      \\"value\\": 844154.1,
      \\"year\\": 2015,
    },
    Object {
      \\"color\\": \\"#e48a00\\",
      \\"id\\": \\"LA\\",
      \\"name\\": \\"Lao\\",
      \\"uid\\": \\"HkB79w80rUb\\",
      \\"value\\": 6726442.83,
      \\"year\\": 2015,
    },
    Object {
      \\"color\\": \\"#443e42\\",
      \\"id\\": \\"LB\\",
      \\"name\\": \\"Lebanon\\",
      \\"uid\\": \\"SJIQqDURBUZ\\",
      \\"value\\": 2767459.66,
      \\"year\\": 2015,
    },
    Object {
      \\"color\\": \\"#0089cc\\",
      \\"id\\": \\"LC\\",
      \\"name\\": \\"Saint Lucia\\",
      \\"uid\\": \\"HJvQ9v8ArLW\\",
      \\"value\\": 821064.9,
      \\"year\\": 2015,
    },
    Object {
      \\"color\\": \\"#5da3d9\\",
      \\"id\\": \\"LK\\",
      \\"name\\": \\"Sri Lanka\\",
      \\"uid\\": \\"S1uQqP8CHIb\\",
      \\"value\\": 101327432,
      \\"year\\": 2015,
    },
    Object {
      \\"color\\": \\"#8f1b13\\",
      \\"id\\": \\"LR\\",
      \\"name\\": \\"Liberia\\",
      \\"uid\\": \\"rkKQ9v8CBLb\\",
      \\"value\\": 10308792.2,
      \\"year\\": 2015,
    },
    Object {
      \\"color\\": \\"#8f1b13\\",
      \\"id\\": \\"LS\\",
      \\"name\\": \\"Lesotho\\",
      \\"uid\\": \\"BycQcvIASIb\\",
      \\"value\\": 736243.684,
      \\"year\\": 2015,
    },
    Object {
      \\"color\\": \\"#a85d00\\",
      \\"id\\": \\"LY\\",
      \\"name\\": \\"Libya\\",
      \\"uid\\": \\"Syj79wIRBL-\\",
      \\"value\\": 425000,
      \\"year\\": 2015,
    },
    Object {
      \\"color\\": \\"#a85d00\\",
      \\"id\\": \\"MA\\",
      \\"name\\": \\"Morocco\\",
      \\"uid\\": \\"Hy3Q5PIAHUZ\\",
      \\"value\\": 6284327.8,
      \\"year\\": 2015,
    },
    Object {
      \\"color\\": \\"#0c457b\\",
      \\"id\\": \\"MD\\",
      \\"name\\": \\"Moldova\\",
      \\"uid\\": \\"HJamqwLRrU-\\",
      \\"value\\": 8708912.119,
      \\"year\\": 2015,
    },
    Object {
      \\"color\\": \\"#0c457b\\",
      \\"id\\": \\"ME\\",
      \\"name\\": \\"Montenegro\\",
      \\"uid\\": \\"SJR7qP8RrUZ\\",
      \\"value\\": 41891115.127,
      \\"year\\": 2015,
    },
    Object {
      \\"color\\": \\"#8f1b13\\",
      \\"id\\": \\"MG\\",
      \\"name\\": \\"Madagascar\\",
      \\"uid\\": \\"BkJEqwIASLb\\",
      \\"value\\": 1640626.73,
      \\"year\\": 2015,
    },
    Object {
      \\"color\\": \\"#973915\\",
      \\"id\\": \\"MH\\",
      \\"name\\": \\"Marshall Islands\\",
      \\"uid\\": \\"Hyg4cPICSIb\\",
      \\"value\\": 41459.114,
      \\"year\\": 2015,
    },
    Object {
      \\"color\\": \\"#443e42\\",
      \\"id\\": \\"middle-east\\",
      \\"name\\": \\"Middle East, regional\\",
      \\"uid\\": \\"HJ-45vUASIW\\",
      \\"value\\": 8087092.25,
      \\"year\\": 2015,
    },
    Object {
      \\"color\\": \\"#0c457b\\",
      \\"id\\": \\"MK\\",
      \\"name\\": \\"Macedonia\\",
      \\"uid\\": \\"ByzNcwUAHIb\\",
      \\"value\\": 84088871.226,
      \\"year\\": 2015,
    },
    Object {
      \\"color\\": \\"#8f1b13\\",
      \\"id\\": \\"ML\\",
      \\"name\\": \\"Mali\\",
      \\"uid\\": \\"SyQN9w80S8W\\",
      \\"value\\": 16221799.81,
      \\"year\\": 2015,
    },
    Object {
      \\"color\\": \\"#5da3d9\\",
      \\"id\\": \\"MM\\",
      \\"name\\": \\"Myanmar\\",
      \\"uid\\": \\"Hk4VcDUCr8-\\",
      \\"value\\": 63770390.44,
      \\"year\\": 2015,
    },
    Object {
      \\"color\\": \\"#e48a00\\",
      \\"id\\": \\"MN\\",
      \\"name\\": \\"Mongolia\\",
      \\"uid\\": \\"BJBEcvI0rLW\\",
      \\"value\\": 4169854.83,
      \\"year\\": 2015,
    },
    Object {
      \\"color\\": \\"#8f1b13\\",
      \\"id\\": \\"MR\\",
      \\"name\\": \\"Mauritania\\",
      \\"uid\\": \\"SJU4cDI0SU-\\",
      \\"value\\": 383993.8,
      \\"year\\": 2015,
    },
    Object {
      \\"color\\": \\"#0089cc\\",
      \\"id\\": \\"MS\\",
      \\"name\\": \\"Montserrat\\",
      \\"uid\\": \\"H1PVcvLRrUW\\",
      \\"value\\": 1978065.2,
      \\"year\\": 2015,
    },
    Object {
      \\"color\\": \\"#8f1b13\\",
      \\"id\\": \\"MU\\",
      \\"name\\": \\"Mauritius\\",
      \\"uid\\": \\"ByuVcvL0SIb\\",
      \\"value\\": 13077666,
      \\"year\\": 2015,
    },
    Object {
      \\"color\\": \\"#8f1b13\\",
      \\"id\\": \\"MW\\",
      \\"name\\": \\"Malawi\\",
      \\"uid\\": \\"S1tVqv80SI-\\",
      \\"value\\": 37376959.48,
      \\"year\\": 2015,
    },
    Object {
      \\"color\\": \\"#0089cc\\",
      \\"id\\": \\"MX\\",
      \\"name\\": \\"Mexico\\",
      \\"uid\\": \\"HyqNcvIRBIb\\",
      \\"value\\": 22214514.72,
      \\"year\\": 2015,
    },
    Object {
      \\"color\\": \\"#e48a00\\",
      \\"id\\": \\"MY\\",
      \\"name\\": \\"Malaysia\\",
      \\"uid\\": \\"rys4qD80rLW\\",
      \\"value\\": 400779.476,
      \\"year\\": 2015,
    },
    Object {
      \\"color\\": \\"#8f1b13\\",
      \\"id\\": \\"MZ\\",
      \\"name\\": \\"Mozambique\\",
      \\"uid\\": \\"ry245vL0B8Z\\",
      \\"value\\": 48605094.122,
      \\"year\\": 2015,
    },
    Object {
      \\"color\\": \\"#8f1b13\\",
      \\"id\\": \\"NA\\",
      \\"name\\": \\"Namibia\\",
      \\"uid\\": \\"SJaVcDLAS8b\\",
      \\"value\\": 2337333.124,
      \\"year\\": 2015,
    },
    Object {
      \\"color\\": \\"#8f1b13\\",
      \\"id\\": \\"NE\\",
      \\"name\\": \\"Niger\\",
      \\"uid\\": \\"ryC45wLRSL-\\",
      \\"value\\": 2522715.23,
      \\"year\\": 2015,
    },
    Object {
      \\"color\\": \\"#8f1b13\\",
      \\"id\\": \\"NG\\",
      \\"name\\": \\"Nigeria\\",
      \\"uid\\": \\"ryyr9vL0r8-\\",
      \\"value\\": 142631230.3,
      \\"year\\": 2015,
    },
    Object {
      \\"color\\": \\"#0089cc\\",
      \\"id\\": \\"NI\\",
      \\"name\\": \\"Nicaragua\\",
      \\"uid\\": \\"B1xHcv80SUW\\",
      \\"value\\": 3894901.814,
      \\"year\\": 2015,
    },
    Object {
      \\"color\\": \\"#0089cc\\",
      \\"id\\": \\"north-central-america\\",
      \\"name\\": \\"North & Central America, regional\\",
      \\"uid\\": \\"S1-BqvU0r8Z\\",
      \\"value\\": 18273967.84,
      \\"year\\": 2015,
    },
    Object {
      \\"color\\": \\"#a85d00\\",
      \\"id\\": \\"north-of-sahara\\",
      \\"name\\": \\"North of Sahara, regional\\",
      \\"uid\\": \\"B1Mr5vLCr8b\\",
      \\"value\\": 27914139.1,
      \\"year\\": 2015,
    },
    Object {
      \\"color\\": \\"#5da3d9\\",
      \\"id\\": \\"NP\\",
      \\"name\\": \\"Nepal\\",
      \\"uid\\": \\"rkmS5DI0HU-\\",
      \\"value\\": 129504058.946,
      \\"year\\": 2015,
    },
    Object {
      \\"color\\": \\"#973915\\",
      \\"id\\": \\"NR\\",
      \\"name\\": \\"Nauru\\",
      \\"uid\\": \\"BkEBqwUCSLb\\",
      \\"value\\": 1878.43,
      \\"year\\": 2015,
    },
    Object {
      \\"color\\": \\"#973915\\",
      \\"id\\": \\"NU\\",
      \\"name\\": \\"Niue\\",
      \\"uid\\": \\"HkrB5DU0HL-\\",
      \\"value\\": 244977.214,
      \\"year\\": 2015,
    },
    Object {
      \\"color\\": \\"#973915\\",
      \\"id\\": \\"oceania\\",
      \\"name\\": \\"Oceania, regional\\",
      \\"uid\\": \\"ByLScPLRHIZ\\",
      \\"value\\": 33354918.01,
      \\"year\\": 2015,
    },
    Object {
      \\"color\\": \\"#0089cc\\",
      \\"id\\": \\"PA\\",
      \\"name\\": \\"Panama\\",
      \\"uid\\": \\"SJDBqPICB8Z\\",
      \\"value\\": 245615.59,
      \\"year\\": 2015,
    },
    Object {
      \\"color\\": \\"#551f65\\",
      \\"id\\": \\"PE\\",
      \\"name\\": \\"Peru\\",
      \\"uid\\": \\"HyOB5PICS8W\\",
      \\"value\\": 5931588.85,
      \\"year\\": 2015,
    },
    Object {
      \\"color\\": \\"#973915\\",
      \\"id\\": \\"PG\\",
      \\"name\\": \\"Papua New Guinea\\",
      \\"uid\\": \\"H1YBqwURr8b\\",
      \\"value\\": 13535371.09,
      \\"year\\": 2015,
    },
    Object {
      \\"color\\": \\"#e48a00\\",
      \\"id\\": \\"PH\\",
      \\"name\\": \\"Philippines\\",
      \\"uid\\": \\"B19B5vU0SUZ\\",
      \\"value\\": 15877269.13,
      \\"year\\": 2015,
    },
    Object {
      \\"color\\": \\"#5da3d9\\",
      \\"id\\": \\"PK\\",
      \\"name\\": \\"Pakistan\\",
      \\"uid\\": \\"H1sr9vURSL-\\",
      \\"value\\": 330598347.41,
      \\"year\\": 2015,
    },
    Object {
      \\"color\\": \\"#443e42\\",
      \\"id\\": \\"PS\\",
      \\"name\\": \\"Palestine\\",
      \\"uid\\": \\"Hy3Hqw8AHLW\\",
      \\"value\\": 26112343.57,
      \\"year\\": 2015,
    },
    Object {
      \\"color\\": \\"#973915\\",
      \\"id\\": \\"PW\\",
      \\"name\\": \\"Palau\\",
      \\"uid\\": \\"S16BcDUASUb\\",
      \\"value\\": 15844.57,
      \\"year\\": 2015,
    },
    Object {
      \\"color\\": \\"#551f65\\",
      \\"id\\": \\"PY\\",
      \\"name\\": \\"Paraguay\\",
      \\"uid\\": \\"ry0H5vL0HL-\\",
      \\"value\\": 1099350.77,
      \\"year\\": 2015,
    },
    Object {
      \\"color\\": \\"#0c457b\\",
      \\"id\\": \\"RS\\",
      \\"name\\": \\"Serbia\\",
      \\"uid\\": \\"BkJ85vIASLb\\",
      \\"value\\": 241271777.582,
      \\"year\\": 2015,
    },
    Object {
      \\"color\\": \\"#8f1b13\\",
      \\"id\\": \\"RW\\",
      \\"name\\": \\"Rwanda\\",
      \\"uid\\": \\"SJe85v80HU-\\",
      \\"value\\": 25106505.6,
      \\"year\\": 2015,
    },
    Object {
      \\"color\\": \\"#973915\\",
      \\"id\\": \\"SB\\",
      \\"name\\": \\"Solomon Islands\\",
      \\"uid\\": \\"HyWU5DICSL-\\",
      \\"value\\": 5206675.55,
      \\"year\\": 2015,
    },
    Object {
      \\"color\\": \\"#8f1b13\\",
      \\"id\\": \\"SC\\",
      \\"name\\": \\"Seychelles\\",
      \\"uid\\": \\"ByMIqDIABUb\\",
      \\"value\\": 549156,
      \\"year\\": 2015,
    },
    Object {
      \\"color\\": \\"#8f1b13\\",
      \\"id\\": \\"SD\\",
      \\"name\\": \\"Sudan\\",
      \\"uid\\": \\"S1XI5vUCBIZ\\",
      \\"value\\": 143684.8,
      \\"year\\": 2015,
    },
    Object {
      \\"color\\": \\"#8f1b13\\",
      \\"id\\": \\"SL\\",
      \\"name\\": \\"Sierra Leone\\",
      \\"uid\\": \\"rJ48qPURrIb\\",
      \\"value\\": 656365.68,
      \\"year\\": 2015,
    },
    Object {
      \\"color\\": \\"#8f1b13\\",
      \\"id\\": \\"SN\\",
      \\"name\\": \\"Senegal\\",
      \\"uid\\": \\"ByS8cDUABL-\\",
      \\"value\\": 8889627.2,
      \\"year\\": 2015,
    },
    Object {
      \\"color\\": \\"#8f1b13\\",
      \\"id\\": \\"SO\\",
      \\"name\\": \\"Somalia\\",
      \\"uid\\": \\"rkL8qwIRHIb\\",
      \\"value\\": 16514134.7,
      \\"year\\": 2015,
    },
    Object {
      \\"color\\": \\"#551f65\\",
      \\"id\\": \\"south-america\\",
      \\"name\\": \\"South America, regional\\",
      \\"uid\\": \\"ryDI9w8CB8b\\",
      \\"value\\": 5774496.159,
      \\"year\\": 2015,
    },
    Object {
      \\"color\\": \\"#5da3d9\\",
      \\"id\\": \\"south-asia\\",
      \\"name\\": \\"South Asia, regional\\",
      \\"uid\\": \\"Sk_I5wLCrLZ\\",
      \\"value\\": 241782.73,
      \\"year\\": 2015,
    },
    Object {
      \\"color\\": \\"#5da3d9\\",
      \\"id\\": \\"south-central-asia\\",
      \\"name\\": \\"South & Central Asia, regional\\",
      \\"uid\\": \\"BJt85DL0rLZ\\",
      \\"value\\": 1747150,
      \\"year\\": 2015,
    },
    Object {
      \\"color\\": \\"#8f1b13\\",
      \\"id\\": \\"south-of-sahara\\",
      \\"name\\": \\"South of Sahara, regional\\",
      \\"uid\\": \\"S1985vICSUZ\\",
      \\"value\\": 46899623.59,
      \\"year\\": 2015,
    },
    Object {
      \\"color\\": \\"#551f65\\",
      \\"id\\": \\"SR\\",
      \\"name\\": \\"Suriname\\",
      \\"uid\\": \\"HJsL5D8RBLZ\\",
      \\"value\\": 39885.06,
      \\"year\\": 2015,
    },
    Object {
      \\"color\\": \\"#8f1b13\\",
      \\"id\\": \\"SS\\",
      \\"name\\": \\"South Sudan\\",
      \\"uid\\": \\"HknUcPUCH8b\\",
      \\"value\\": 5809658.54,
      \\"year\\": 2015,
    },
    Object {
      \\"color\\": \\"#8f1b13\\",
      \\"id\\": \\"ST\\",
      \\"name\\": \\"Sao Tome & Principe\\",
      \\"uid\\": \\"rkTL9D80SU-\\",
      \\"value\\": 361445.204,
      \\"year\\": 2015,
    },
    Object {
      \\"color\\": \\"#0089cc\\",
      \\"id\\": \\"SV\\",
      \\"name\\": \\"El Salvador\\",
      \\"uid\\": \\"HyRLqwLRSIW\\",
      \\"value\\": 6738632.67,
      \\"year\\": 2015,
    },
    Object {
      \\"color\\": \\"#443e42\\",
      \\"id\\": \\"SY\\",
      \\"name\\": \\"Syria\\",
      \\"uid\\": \\"Sy1PcvLAS8b\\",
      \\"value\\": 70992.8,
      \\"year\\": 2015,
    },
    Object {
      \\"color\\": \\"#8f1b13\\",
      \\"id\\": \\"SZ\\",
      \\"name\\": \\"Swaziland\\",
      \\"uid\\": \\"BJlPqPURrUZ\\",
      \\"value\\": 12506.15,
      \\"year\\": 2015,
    },
    Object {
      \\"color\\": \\"#8f1b13\\",
      \\"id\\": \\"TD\\",
      \\"name\\": \\"Chad\\",
      \\"uid\\": \\"Sy-DqwUASUZ\\",
      \\"value\\": 7991221.2,
      \\"year\\": 2015,
    },
    Object {
      \\"color\\": \\"#8f1b13\\",
      \\"id\\": \\"TG\\",
      \\"name\\": \\"Togo\\",
      \\"uid\\": \\"SJGPcv8RSIW\\",
      \\"value\\": 821350.651,
      \\"year\\": 2015,
    },
    Object {
      \\"color\\": \\"#e48a00\\",
      \\"id\\": \\"TH\\",
      \\"name\\": \\"Thailand\\",
      \\"uid\\": \\"B1QD9PL0HIZ\\",
      \\"value\\": 777547.68,
      \\"year\\": 2015,
    },
    Object {
      \\"color\\": \\"#5da3d9\\",
      \\"id\\": \\"TJ\\",
      \\"name\\": \\"Tajikistan\\",
      \\"uid\\": \\"HyND5DURr8b\\",
      \\"value\\": 27691056.21,
      \\"year\\": 2015,
    },
    Object {
      \\"color\\": \\"#e48a00\\",
      \\"id\\": \\"TL\\",
      \\"name\\": \\"Timor-Leste\\",
      \\"uid\\": \\"rJSwcwL0rU-\\",
      \\"value\\": 9035489.104,
      \\"year\\": 2015,
    },
    Object {
      \\"color\\": \\"#5da3d9\\",
      \\"id\\": \\"TM\\",
      \\"name\\": \\"Turkmenistan\\",
      \\"uid\\": \\"ryUwqD80SU-\\",
      \\"value\\": 2064571.773,
      \\"year\\": 2015,
    },
    Object {
      \\"color\\": \\"#a85d00\\",
      \\"id\\": \\"TN\\",
      \\"name\\": \\"Tunisia\\",
      \\"uid\\": \\"S1vP5wIAr8-\\",
      \\"value\\": 39311383.8,
      \\"year\\": 2015,
    },
    Object {
      \\"color\\": \\"#973915\\",
      \\"id\\": \\"TO\\",
      \\"name\\": \\"Tonga\\",
      \\"uid\\": \\"Bk_wcP8RrUW\\",
      \\"value\\": 816755.6,
      \\"year\\": 2015,
    },
    Object {
      \\"color\\": \\"#0c457b\\",
      \\"id\\": \\"TR\\",
      \\"name\\": \\"Turkey\\",
      \\"uid\\": \\"ByKw5DI0rIb\\",
      \\"value\\": 1291237259.8,
      \\"year\\": 2015,
    },
    Object {
      \\"color\\": \\"#973915\\",
      \\"id\\": \\"TV\\",
      \\"name\\": \\"Tuvalu\\",
      \\"uid\\": \\"B1cwqvUCSLW\\",
      \\"value\\": 939.214,
      \\"year\\": 2015,
    },
    Object {
      \\"color\\": \\"#8f1b13\\",
      \\"id\\": \\"TZ\\",
      \\"name\\": \\"Tanzania\\",
      \\"uid\\": \\"ryjP9PUCS8-\\",
      \\"value\\": 123770519.2,
      \\"year\\": 2015,
    },
    Object {
      \\"color\\": \\"#0c457b\\",
      \\"id\\": \\"UA\\",
      \\"name\\": \\"Ukraine\\",
      \\"uid\\": \\"By2vqvU0HIW\\",
      \\"value\\": 22019223.54,
      \\"year\\": 2015,
    },
    Object {
      \\"color\\": \\"#8f1b13\\",
      \\"id\\": \\"UG\\",
      \\"name\\": \\"Uganda\\",
      \\"uid\\": \\"r1TD9P8ArI-\\",
      \\"value\\": 24680872.361,
      \\"year\\": 2015,
    },
    Object {
      \\"color\\": \\"#551f65\\",
      \\"id\\": \\"UY\\",
      \\"name\\": \\"Uruguay\\",
      \\"uid\\": \\"Hy0D5wUArU-\\",
      \\"value\\": 831987,
      \\"year\\": 2015,
    },
    Object {
      \\"color\\": \\"#5da3d9\\",
      \\"id\\": \\"UZ\\",
      \\"name\\": \\"Uzbekistan\\",
      \\"uid\\": \\"ryyd5vUCBUZ\\",
      \\"value\\": 5253649.45,
      \\"year\\": 2015,
    },
    Object {
      \\"color\\": \\"#0089cc\\",
      \\"id\\": \\"VC\\",
      \\"name\\": \\"Saint Vincent & the Grenadines\\",
      \\"uid\\": \\"SyldqvUCHI-\\",
      \\"value\\": 225077,
      \\"year\\": 2015,
    },
    Object {
      \\"color\\": \\"#551f65\\",
      \\"id\\": \\"VE\\",
      \\"name\\": \\"Venezuela\\",
      \\"uid\\": \\"HyWOcDLRBIZ\\",
      \\"value\\": 213875.466,
      \\"year\\": 2015,
    },
    Object {
      \\"color\\": \\"#e48a00\\",
      \\"id\\": \\"VN\\",
      \\"name\\": \\"Viet Nam\\",
      \\"uid\\": \\"rkzu5wUAHLZ\\",
      \\"value\\": 98252759.4013,
      \\"year\\": 2015,
    },
    Object {
      \\"color\\": \\"#973915\\",
      \\"id\\": \\"VU\\",
      \\"name\\": \\"Vanuatu\\",
      \\"uid\\": \\"Bkmuqv8CrUZ\\",
      \\"value\\": 967696.67,
      \\"year\\": 2015,
    },
    Object {
      \\"color\\": \\"#6a6569\\",
      \\"id\\": \\"west-indies\\",
      \\"name\\": \\"West Indies, regional\\",
      \\"uid\\": \\"B1N_5wIAS8-\\",
      \\"value\\": 10899765.851,
      \\"year\\": 2015,
    },
    Object {
      \\"color\\": \\"#973915\\",
      \\"id\\": \\"WS\\",
      \\"name\\": \\"Samoa\\",
      \\"uid\\": \\"ByBdcPIRSLZ\\",
      \\"value\\": 3402766.6,
      \\"year\\": 2015,
    },
    Object {
      \\"color\\": \\"#0c457b\\",
      \\"id\\": \\"XK\\",
      \\"name\\": \\"Kosovo\\",
      \\"uid\\": \\"HyUu9v8RBLW\\",
      \\"value\\": 21983974.09,
      \\"year\\": 2015,
    },
    Object {
      \\"color\\": \\"#443e42\\",
      \\"id\\": \\"YE\\",
      \\"name\\": \\"Yemen\\",
      \\"uid\\": \\"B1wOcPU0HL-\\",
      \\"value\\": 4998051.3,
      \\"year\\": 2015,
    },
    Object {
      \\"color\\": \\"#8f1b13\\",
      \\"id\\": \\"ZA\\",
      \\"name\\": \\"South Africa\\",
      \\"uid\\": \\"rJO_5wUCr8b\\",
      \\"value\\": 24651092.74,
      \\"year\\": 2015,
    },
    Object {
      \\"color\\": \\"#8f1b13\\",
      \\"id\\": \\"ZM\\",
      \\"name\\": \\"Zambia\\",
      \\"uid\\": \\"HJK_cwIRH8b\\",
      \\"value\\": 13482417.48,
      \\"year\\": 2015,
    },
    Object {
      \\"color\\": \\"#8f1b13\\",
      \\"id\\": \\"ZW\\",
      \\"name\\": \\"Zimbabwe\\",
      \\"uid\\": \\"Hy9u5D8CrU-\\",
      \\"value\\": 4997826.394,
      \\"year\\": 2015,
    },
  ],
  \\"dataC\\": Array [
    Object {
      \\"color\\": \\"#6a6569\\",
      \\"id\\": \\"mixed-project-aid\\",
      \\"name\\": \\"Mixed project aid\\",
      \\"uid\\": \\"BJTPU0rIb\\",
      \\"value\\": 46328251839.83223,
      \\"year\\": 2015,
    },
    Object {
      \\"color\\": \\"#6a6569\\",
      \\"id\\": \\"commodities-food\\",
      \\"name\\": \\"Commodities & Food\\",
      \\"uid\\": \\"SygpDIRH8-\\",
      \\"value\\": 6794302501.4122,
      \\"year\\": 2015,
    },
    Object {
      \\"color\\": \\"#6a6569\\",
      \\"id\\": \\"cash-grant\\",
      \\"name\\": \\"Cash grant\\",
      \\"uid\\": \\"Byb6DIRBIZ\\",
      \\"value\\": 33063537563.69746,
      \\"year\\": 2015,
    },
    Object {
      \\"color\\": \\"#6a6569\\",
      \\"id\\": \\"cash-loan-equity\\",
      \\"name\\": \\"Cash (loan/equity)\\",
      \\"uid\\": \\"r1zpv80SL-\\",
      \\"value\\": 43552669362.2006,
      \\"year\\": 2015,
    },
    Object {
      \\"color\\": \\"#6a6569\\",
      \\"id\\": \\"technical-ooperation\\",
      \\"name\\": \\"Technical cooperation\\",
      \\"uid\\": \\"ryQpw8RrL-\\",
      \\"value\\": 17232000728.31233,
      \\"year\\": 2015,
    },
    Object {
      \\"color\\": \\"#6a6569\\",
      \\"id\\": \\"gpgs-nngos\\",
      \\"name\\": \\"Global Initiatives & NNGOs\\",
      \\"uid\\": \\"ByNpvLABL-\\",
      \\"value\\": 1248572483.00549,
      \\"year\\": 2015,
    },
    Object {
      \\"color\\": \\"#6a6569\\",
      \\"id\\": \\"non-transfer\\",
      \\"name\\": \\"Non-transfer\\",
      \\"uid\\": \\"B1BpPLCrUW\\",
      \\"value\\": 26110923665.15419,
      \\"year\\": 2015,
    },
  ],
  \\"dataD\\": Array [
    Object {
      \\"color\\": \\"#6a6569\\",
      \\"id\\": \\"agriculture-and-food-security\\",
      \\"name\\": \\"Agriculture and food security\\",
      \\"uid\\": \\"BkeOUCBUZ\\",
      \\"value\\": 9438143890.86641,
      \\"year\\": 2015,
    },
    Object {
      \\"color\\": \\"#6a6569\\",
      \\"id\\": \\"water-and-sanitation\\",
      \\"name\\": \\"Water and sanitation\\",
      \\"uid\\": \\"HJllO8RSU-\\",
      \\"value\\": 6604736326.4743,
      \\"year\\": 2015,
    },
    Object {
      \\"color\\": \\"#6a6569\\",
      \\"id\\": \\"humanitarian\\",
      \\"name\\": \\"Humanitarian\\",
      \\"uid\\": \\"rJZxuIASUW\\",
      \\"value\\": 19957437092.5202,
      \\"year\\": 2015,
    },
    Object {
      \\"color\\": \\"#6a6569\\",
      \\"id\\": \\"infrastructure\\",
      \\"name\\": \\"Infrastructure\\",
      \\"uid\\": \\"HkzxdU0rLb\\",
      \\"value\\": 20682102996.16775,
      \\"year\\": 2015,
    },
    Object {
      \\"color\\": \\"#6a6569\\",
      \\"id\\": \\"other\\",
      \\"name\\": \\"Other\\",
      \\"uid\\": \\"Bkmxu8ASIb\\",
      \\"value\\": 42646241001.91908,
      \\"year\\": 2015,
    },
    Object {
      \\"color\\": \\"#6a6569\\",
      \\"id\\": \\"governance-and-security\\",
      \\"name\\": \\"Governance and security\\",
      \\"uid\\": \\"HyNg_8CSIW\\",
      \\"value\\": 15888790495.165659,
      \\"year\\": 2015,
    },
    Object {
      \\"color\\": \\"#6a6569\\",
      \\"id\\": \\"other-social-services\\",
      \\"name\\": \\"Other social services\\",
      \\"uid\\": \\"B1SeuURH8-\\",
      \\"value\\": 4324515428.096105,
      \\"year\\": 2015,
    },
    Object {
      \\"color\\": \\"#6a6569\\",
      \\"id\\": \\"banking-and-business\\",
      \\"name\\": \\"Banking and business\\",
      \\"uid\\": \\"S1Ugd8RH8b\\",
      \\"value\\": 7531812056.8731,
      \\"year\\": 2015,
    },
    Object {
      \\"color\\": \\"#6a6569\\",
      \\"id\\": \\"health\\",
      \\"name\\": \\"Health\\",
      \\"uid\\": \\"r1DxuLCrIb\\",
      \\"value\\": 20708152269.18086,
      \\"year\\": 2015,
    },
    Object {
      \\"color\\": \\"#6a6569\\",
      \\"id\\": \\"environment\\",
      \\"name\\": \\"Environment\\",
      \\"uid\\": \\"rJ_gOI0rI-\\",
      \\"value\\": 4891914525.0459,
      \\"year\\": 2015,
    },
    Object {
      \\"color\\": \\"#6a6569\\",
      \\"id\\": \\"industry-and-trade\\",
      \\"name\\": \\"Industry and trade\\",
      \\"uid\\": \\"BktgOI0SIW\\",
      \\"value\\": 3363750722.0179,
      \\"year\\": 2015,
    },
    Object {
      \\"color\\": \\"#6a6569\\",
      \\"id\\": \\"debt-relief\\",
      \\"name\\": \\"Debt relief\\",
      \\"uid\\": \\"SJ5xOURSUZ\\",
      \\"value\\": 1812783125.56,
      \\"year\\": 2015,
    },
    Object {
      \\"color\\": \\"#6a6569\\",
      \\"id\\": \\"education\\",
      \\"name\\": \\"Education\\",
      \\"uid\\": \\"H1seO80rI-\\",
      \\"value\\": 10850501770.897232,
      \\"year\\": 2015,
    },
    Object {
      \\"color\\": \\"#6a6569\\",
      \\"id\\": \\"general-budget-support\\",
      \\"name\\": \\"General budget support\\",
      \\"uid\\": \\"Skng_8Rr8Z\\",
      \\"value\\": 5629376442.83,
      \\"year\\": 2015,
    },
  ],
}"
`;

exports[`Unbundling aid DW module tests getting unbundling aid selection options 1`] = `
"Object {
  \\"bundles\\": Array [
    Object {
      \\"color\\": \\"red\\",
      \\"id\\": \\"cash-loan-equity\\",
      \\"name\\": \\"Cash (loan/equity)\\",
    },
    Object {
      \\"color\\": \\"red-light\\",
      \\"id\\": \\"cash-grant\\",
      \\"name\\": \\"Cash grant\\",
    },
    Object {
      \\"color\\": \\"purple-lighter\\",
      \\"id\\": \\"commodities-food\\",
      \\"name\\": \\"Commodities & Food\\",
    },
    Object {
      \\"color\\": \\"blue\\",
      \\"id\\": \\"gpgs-nngos\\",
      \\"name\\": \\"Global Initiatives & NNGOs\\",
    },
    Object {
      \\"color\\": \\"yellow\\",
      \\"id\\": \\"mixed-project-aid\\",
      \\"name\\": \\"Mixed project aid\\",
    },
    Object {
      \\"color\\": \\"orange\\",
      \\"id\\": \\"non-transfer\\",
      \\"name\\": \\"Non-transfer\\",
    },
    Object {
      \\"color\\": \\"blue-darker\\",
      \\"id\\": \\"technical-ooperation\\",
      \\"name\\": \\"Technical cooperation\\",
    },
    Object {
      \\"color\\": \\"grey-darker\\",
      \\"id\\": \\"export-credit\\",
      \\"name\\": \\"Export credit\\",
    },
  ],
  \\"channels\\": Array [
    Object {
      \\"id\\": \\"public-sector-unknown\\",
      \\"name\\": \\"Public sector (unknown country)\\",
    },
    Object {
      \\"id\\": \\"public-sector-donor\\",
      \\"name\\": \\"Public sector (donor government)\\",
    },
    Object {
      \\"id\\": \\"public-sector-recipient\\",
      \\"name\\": \\"Public sector (recipient government)\\",
    },
    Object {
      \\"id\\": \\"ngo-unknown\\",
      \\"name\\": \\"NGO (unknown country)\\",
    },
    Object {
      \\"id\\": \\"ngo-donor\\",
      \\"name\\": \\"NGO (donor-country based)\\",
    },
    Object {
      \\"id\\": \\"ngo-recipient\\",
      \\"name\\": \\"NGO (recipient-country based)\\",
    },
    Object {
      \\"id\\": \\"public-private-partnership\\",
      \\"name\\": \\"Public private partnership\\",
    },
    Object {
      \\"id\\": \\"multilateral\\",
      \\"name\\": \\"Multilateral\\",
    },
    Object {
      \\"id\\": \\"other\\",
      \\"name\\": \\"Other (private sector, think-tank, etc.)\\",
    },
    Object {
      \\"id\\": \\"unspecified\\",
      \\"name\\": \\"Unspecified\\",
    },
  ],
  \\"from\\": Array [
    Object {
      \\"id\\": \\"AU\\",
      \\"name\\": \\"Australia\\",
    },
    Object {
      \\"id\\": \\"AT\\",
      \\"name\\": \\"Austria\\",
    },
    Object {
      \\"id\\": \\"BE\\",
      \\"name\\": \\"Belgium\\",
    },
    Object {
      \\"id\\": \\"BG\\",
      \\"name\\": \\"Bulgaria\\",
    },
    Object {
      \\"id\\": \\"CA\\",
      \\"name\\": \\"Canada\\",
    },
    Object {
      \\"id\\": \\"HR\\",
      \\"name\\": \\"Croatia\\",
    },
    Object {
      \\"id\\": \\"CY\\",
      \\"name\\": \\"Cyprus\\",
    },
    Object {
      \\"id\\": \\"CZ\\",
      \\"name\\": \\"Czech Republic\\",
    },
    Object {
      \\"id\\": \\"DK\\",
      \\"name\\": \\"Denmark\\",
    },
    Object {
      \\"id\\": \\"EE\\",
      \\"name\\": \\"Estonia\\",
    },
    Object {
      \\"id\\": \\"FI\\",
      \\"name\\": \\"Finland\\",
    },
    Object {
      \\"id\\": \\"FR\\",
      \\"name\\": \\"France\\",
    },
    Object {
      \\"id\\": \\"DE\\",
      \\"name\\": \\"Germany\\",
    },
    Object {
      \\"id\\": \\"GR\\",
      \\"name\\": \\"Greece\\",
    },
    Object {
      \\"id\\": \\"HU\\",
      \\"name\\": \\"Hungary\\",
    },
    Object {
      \\"id\\": \\"IS\\",
      \\"name\\": \\"Iceland\\",
    },
    Object {
      \\"id\\": \\"IE\\",
      \\"name\\": \\"Ireland\\",
    },
    Object {
      \\"id\\": \\"IL\\",
      \\"name\\": \\"Israel\\",
    },
    Object {
      \\"id\\": \\"IT\\",
      \\"name\\": \\"Italy\\",
    },
    Object {
      \\"id\\": \\"JP\\",
      \\"name\\": \\"Japan\\",
    },
    Object {
      \\"id\\": \\"KZ\\",
      \\"name\\": \\"Kazakhstan\\",
    },
    Object {
      \\"id\\": \\"KR\\",
      \\"name\\": \\"Korea\\",
    },
    Object {
      \\"id\\": \\"KW\\",
      \\"name\\": \\"Kuwait\\",
    },
    Object {
      \\"id\\": \\"LV\\",
      \\"name\\": \\"Latvia\\",
    },
    Object {
      \\"id\\": \\"LI\\",
      \\"name\\": \\"Liechtenstein\\",
    },
    Object {
      \\"id\\": \\"LT\\",
      \\"name\\": \\"Lithuania\\",
    },
    Object {
      \\"id\\": \\"LU\\",
      \\"name\\": \\"Luxembourg\\",
    },
    Object {
      \\"id\\": \\"MT\\",
      \\"name\\": \\"Malta\\",
    },
    Object {
      \\"id\\": \\"NL\\",
      \\"name\\": \\"Netherlands\\",
    },
    Object {
      \\"id\\": \\"NZ\\",
      \\"name\\": \\"New Zealand\\",
    },
    Object {
      \\"id\\": \\"NO\\",
      \\"name\\": \\"Norway\\",
    },
    Object {
      \\"id\\": \\"PL\\",
      \\"name\\": \\"Poland\\",
    },
    Object {
      \\"id\\": \\"PT\\",
      \\"name\\": \\"Portugal\\",
    },
    Object {
      \\"id\\": \\"RO\\",
      \\"name\\": \\"Romania\\",
    },
    Object {
      \\"id\\": \\"RU\\",
      \\"name\\": \\"Russian Federation\\",
    },
    Object {
      \\"id\\": \\"SA\\",
      \\"name\\": \\"Saudi Arabia\\",
    },
    Object {
      \\"id\\": \\"SK\\",
      \\"name\\": \\"Slovak Republic\\",
    },
    Object {
      \\"id\\": \\"SI\\",
      \\"name\\": \\"Slovenia\\",
    },
    Object {
      \\"id\\": \\"ES\\",
      \\"name\\": \\"Spain\\",
    },
    Object {
      \\"id\\": \\"SE\\",
      \\"name\\": \\"Sweden\\",
    },
    Object {
      \\"id\\": \\"CH\\",
      \\"name\\": \\"Switzerland\\",
    },
    Object {
      \\"id\\": \\"TW\\",
      \\"name\\": \\"Taiwan\\",
    },
    Object {
      \\"id\\": \\"TH\\",
      \\"name\\": \\"Thailand\\",
    },
    Object {
      \\"id\\": \\"TL\\",
      \\"name\\": \\"Timor-Leste\\",
    },
    Object {
      \\"id\\": \\"TR\\",
      \\"name\\": \\"Turkey\\",
    },
    Object {
      \\"id\\": \\"GB\\",
      \\"name\\": \\"United Kingdom\\",
    },
    Object {
      \\"id\\": \\"AE\\",
      \\"name\\": \\"UAE\\",
    },
    Object {
      \\"id\\": \\"US\\",
      \\"name\\": \\"United States\\",
    },
  ],
  \\"sectors\\": Array [
    Object {
      \\"color\\": \\"red\\",
      \\"id\\": \\"agriculture-and-food-security\\",
      \\"name\\": \\"Agriculture and food security\\",
    },
    Object {
      \\"color\\": \\"red-light\\",
      \\"id\\": \\"banking-and-business\\",
      \\"name\\": \\"Banking and business\\",
    },
    Object {
      \\"color\\": \\"red-darker\\",
      \\"id\\": \\"debt-relief\\",
      \\"name\\": \\"Debt relief\\",
    },
    Object {
      \\"color\\": \\"grey\\",
      \\"id\\": \\"education\\",
      \\"name\\": \\"Education\\",
    },
    Object {
      \\"color\\": \\"blue\\",
      \\"id\\": \\"environment\\",
      \\"name\\": \\"Environment\\",
    },
    Object {
      \\"color\\": \\"purple\\",
      \\"id\\": \\"general-budget-support\\",
      \\"name\\": \\"General budget support\\",
    },
    Object {
      \\"color\\": \\"orange-lighter\\",
      \\"id\\": \\"governance-and-security\\",
      \\"name\\": \\"Governance and security\\",
    },
    Object {
      \\"color\\": \\"purple-darker\\",
      \\"id\\": \\"health\\",
      \\"name\\": \\"Health\\",
    },
    Object {
      \\"color\\": \\"blue-light\\",
      \\"id\\": \\"humanitarian\\",
      \\"name\\": \\"Humanitarian\\",
    },
    Object {
      \\"color\\": \\"yellow-darker\\",
      \\"id\\": \\"industry-and-trade\\",
      \\"name\\": \\"Industry and trade\\",
    },
    Object {
      \\"color\\": \\"orange-light\\",
      \\"id\\": \\"infrastructure\\",
      \\"name\\": \\"Infrastructure\\",
    },
    Object {
      \\"color\\": \\"grey-lighter\\",
      \\"id\\": \\"other\\",
      \\"name\\": \\"Other\\",
    },
    Object {
      \\"color\\": \\"blue-darker\\",
      \\"id\\": \\"other-social-services\\",
      \\"name\\": \\"Other social services\\",
    },
    Object {
      \\"color\\": \\"yellow-lighter\\",
      \\"id\\": \\"water-and-sanitation\\",
      \\"name\\": \\"Water and sanitation\\",
    },
    Object {
      \\"color\\": \\"grey-dark\\",
      \\"id\\": \\"other-sectors-grouped\\",
      \\"name\\": \\"Other sectors (grouped)\\",
    },
  ],
  \\"to\\": Array [
    Object {
      \\"id\\": \\"AF\\",
      \\"name\\": \\"Afghanistan\\",
    },
    Object {
      \\"id\\": \\"AL\\",
      \\"name\\": \\"Albania\\",
    },
    Object {
      \\"id\\": \\"DZ\\",
      \\"name\\": \\"Algeria\\",
    },
    Object {
      \\"id\\": \\"AO\\",
      \\"name\\": \\"Angola\\",
    },
    Object {
      \\"id\\": \\"AI\\",
      \\"name\\": \\"Anguilla\\",
    },
    Object {
      \\"id\\": \\"AG\\",
      \\"name\\": \\"Antigua & Barbuda\\",
    },
    Object {
      \\"id\\": \\"AR\\",
      \\"name\\": \\"Argentina\\",
    },
    Object {
      \\"id\\": \\"AM\\",
      \\"name\\": \\"Armenia\\",
    },
    Object {
      \\"id\\": \\"AZ\\",
      \\"name\\": \\"Azerbaijan\\",
    },
    Object {
      \\"id\\": \\"BH\\",
      \\"name\\": \\"Bahrain\\",
    },
    Object {
      \\"id\\": \\"BD\\",
      \\"name\\": \\"Bangladesh\\",
    },
    Object {
      \\"id\\": \\"BB\\",
      \\"name\\": \\"Barbados\\",
    },
    Object {
      \\"id\\": \\"BY\\",
      \\"name\\": \\"Belarus\\",
    },
    Object {
      \\"id\\": \\"BZ\\",
      \\"name\\": \\"Belize\\",
    },
    Object {
      \\"id\\": \\"BJ\\",
      \\"name\\": \\"Benin\\",
    },
    Object {
      \\"id\\": \\"BT\\",
      \\"name\\": \\"Bhutan\\",
    },
    Object {
      \\"id\\": \\"BO\\",
      \\"name\\": \\"Bolivia\\",
    },
    Object {
      \\"id\\": \\"BA\\",
      \\"name\\": \\"Bosnia & Herzegovina\\",
    },
    Object {
      \\"id\\": \\"BW\\",
      \\"name\\": \\"Botswana\\",
    },
    Object {
      \\"id\\": \\"BR\\",
      \\"name\\": \\"Brazil\\",
    },
    Object {
      \\"id\\": \\"BF\\",
      \\"name\\": \\"Burkina Faso\\",
    },
    Object {
      \\"id\\": \\"BI\\",
      \\"name\\": \\"Burundi\\",
    },
    Object {
      \\"id\\": \\"KH\\",
      \\"name\\": \\"Cambodia\\",
    },
    Object {
      \\"id\\": \\"CM\\",
      \\"name\\": \\"Cameroon\\",
    },
    Object {
      \\"id\\": \\"CV\\",
      \\"name\\": \\"Cape Verde\\",
    },
    Object {
      \\"id\\": \\"CF\\",
      \\"name\\": \\"CAR\\",
    },
    Object {
      \\"id\\": \\"TD\\",
      \\"name\\": \\"Chad\\",
    },
    Object {
      \\"id\\": \\"CL\\",
      \\"name\\": \\"Chile\\",
    },
    Object {
      \\"id\\": \\"CN\\",
      \\"name\\": \\"China\\",
    },
    Object {
      \\"id\\": \\"CO\\",
      \\"name\\": \\"Colombia\\",
    },
    Object {
      \\"id\\": \\"KM\\",
      \\"name\\": \\"Comoros\\",
    },
    Object {
      \\"id\\": \\"CG\\",
      \\"name\\": \\"Congo\\",
    },
    Object {
      \\"id\\": \\"CD\\",
      \\"name\\": \\"DRC\\",
    },
    Object {
      \\"id\\": \\"CK\\",
      \\"name\\": \\"Cook Islands\\",
    },
    Object {
      \\"id\\": \\"CR\\",
      \\"name\\": \\"Costa Rica\\",
    },
    Object {
      \\"id\\": \\"CI\\",
      \\"name\\": \\"Côte d'Ivoire\\",
    },
    Object {
      \\"id\\": \\"country-unspecified\\",
      \\"name\\": \\"Country not specified\\",
    },
    Object {
      \\"id\\": \\"CU\\",
      \\"name\\": \\"Cuba\\",
    },
    Object {
      \\"id\\": \\"DJ\\",
      \\"name\\": \\"Djibouti\\",
    },
    Object {
      \\"id\\": \\"DM\\",
      \\"name\\": \\"Dominica\\",
    },
    Object {
      \\"id\\": \\"DO\\",
      \\"name\\": \\"Dominican Republic\\",
    },
    Object {
      \\"id\\": \\"EC\\",
      \\"name\\": \\"Ecuador\\",
    },
    Object {
      \\"id\\": \\"EG\\",
      \\"name\\": \\"Egypt\\",
    },
    Object {
      \\"id\\": \\"SV\\",
      \\"name\\": \\"El Salvador\\",
    },
    Object {
      \\"id\\": \\"GQ\\",
      \\"name\\": \\"Equatorial Guinea\\",
    },
    Object {
      \\"id\\": \\"ER\\",
      \\"name\\": \\"Eritrea\\",
    },
    Object {
      \\"id\\": \\"ET\\",
      \\"name\\": \\"Ethiopia\\",
    },
    Object {
      \\"id\\": \\"FJ\\",
      \\"name\\": \\"Fiji\\",
    },
    Object {
      \\"id\\": \\"GA\\",
      \\"name\\": \\"Gabon\\",
    },
    Object {
      \\"id\\": \\"GM\\",
      \\"name\\": \\"Gambia\\",
    },
    Object {
      \\"id\\": \\"GE\\",
      \\"name\\": \\"Georgia\\",
    },
    Object {
      \\"id\\": \\"GH\\",
      \\"name\\": \\"Ghana\\",
    },
    Object {
      \\"id\\": \\"GD\\",
      \\"name\\": \\"Grenada\\",
    },
    Object {
      \\"id\\": \\"GT\\",
      \\"name\\": \\"Guatemala\\",
    },
    Object {
      \\"id\\": \\"GN\\",
      \\"name\\": \\"Guinea\\",
    },
    Object {
      \\"id\\": \\"GW\\",
      \\"name\\": \\"Guinea-Bissau\\",
    },
    Object {
      \\"id\\": \\"GY\\",
      \\"name\\": \\"Guyana\\",
    },
    Object {
      \\"id\\": \\"HT\\",
      \\"name\\": \\"Haiti\\",
    },
    Object {
      \\"id\\": \\"HN\\",
      \\"name\\": \\"Honduras\\",
    },
    Object {
      \\"id\\": \\"IN\\",
      \\"name\\": \\"India\\",
    },
    Object {
      \\"id\\": \\"ID\\",
      \\"name\\": \\"Indonesia\\",
    },
    Object {
      \\"id\\": \\"IR\\",
      \\"name\\": \\"Iran\\",
    },
    Object {
      \\"id\\": \\"IQ\\",
      \\"name\\": \\"Iraq\\",
    },
    Object {
      \\"id\\": \\"JM\\",
      \\"name\\": \\"Jamaica\\",
    },
    Object {
      \\"id\\": \\"JO\\",
      \\"name\\": \\"Jordan\\",
    },
    Object {
      \\"id\\": \\"KZ\\",
      \\"name\\": \\"Kazakhstan\\",
    },
    Object {
      \\"id\\": \\"KE\\",
      \\"name\\": \\"Kenya\\",
    },
    Object {
      \\"id\\": \\"KI\\",
      \\"name\\": \\"Kiribati\\",
    },
    Object {
      \\"id\\": \\"KP\\",
      \\"name\\": \\"North Korea\\",
    },
    Object {
      \\"id\\": \\"XK\\",
      \\"name\\": \\"Kosovo\\",
    },
    Object {
      \\"id\\": \\"KG\\",
      \\"name\\": \\"Kyrgyzstan\\",
    },
    Object {
      \\"id\\": \\"LA\\",
      \\"name\\": \\"Lao\\",
    },
    Object {
      \\"id\\": \\"LB\\",
      \\"name\\": \\"Lebanon\\",
    },
    Object {
      \\"id\\": \\"LS\\",
      \\"name\\": \\"Lesotho\\",
    },
    Object {
      \\"id\\": \\"LR\\",
      \\"name\\": \\"Liberia\\",
    },
    Object {
      \\"id\\": \\"LY\\",
      \\"name\\": \\"Libya\\",
    },
    Object {
      \\"id\\": \\"MK\\",
      \\"name\\": \\"Macedonia\\",
    },
    Object {
      \\"id\\": \\"MG\\",
      \\"name\\": \\"Madagascar\\",
    },
    Object {
      \\"id\\": \\"MW\\",
      \\"name\\": \\"Malawi\\",
    },
    Object {
      \\"id\\": \\"MY\\",
      \\"name\\": \\"Malaysia\\",
    },
    Object {
      \\"id\\": \\"MV\\",
      \\"name\\": \\"Maldives\\",
    },
    Object {
      \\"id\\": \\"ML\\",
      \\"name\\": \\"Mali\\",
    },
    Object {
      \\"id\\": \\"MH\\",
      \\"name\\": \\"Marshall Islands\\",
    },
    Object {
      \\"id\\": \\"MR\\",
      \\"name\\": \\"Mauritania\\",
    },
    Object {
      \\"id\\": \\"MU\\",
      \\"name\\": \\"Mauritius\\",
    },
    Object {
      \\"id\\": \\"YT\\",
      \\"name\\": \\"Mayotte\\",
    },
    Object {
      \\"id\\": \\"MX\\",
      \\"name\\": \\"Mexico\\",
    },
    Object {
      \\"id\\": \\"FM\\",
      \\"name\\": \\"Micronesia\\",
    },
    Object {
      \\"id\\": \\"MD\\",
      \\"name\\": \\"Moldova\\",
    },
    Object {
      \\"id\\": \\"MN\\",
      \\"name\\": \\"Mongolia\\",
    },
    Object {
      \\"id\\": \\"ME\\",
      \\"name\\": \\"Montenegro\\",
    },
    Object {
      \\"id\\": \\"MS\\",
      \\"name\\": \\"Montserrat\\",
    },
    Object {
      \\"id\\": \\"MA\\",
      \\"name\\": \\"Morocco\\",
    },
    Object {
      \\"id\\": \\"MZ\\",
      \\"name\\": \\"Mozambique\\",
    },
    Object {
      \\"id\\": \\"MM\\",
      \\"name\\": \\"Myanmar\\",
    },
    Object {
      \\"id\\": \\"NA\\",
      \\"name\\": \\"Namibia\\",
    },
    Object {
      \\"id\\": \\"NR\\",
      \\"name\\": \\"Nauru\\",
    },
    Object {
      \\"id\\": \\"NP\\",
      \\"name\\": \\"Nepal\\",
    },
    Object {
      \\"id\\": \\"NI\\",
      \\"name\\": \\"Nicaragua\\",
    },
    Object {
      \\"id\\": \\"NE\\",
      \\"name\\": \\"Niger\\",
    },
    Object {
      \\"id\\": \\"NG\\",
      \\"name\\": \\"Nigeria\\",
    },
    Object {
      \\"id\\": \\"NU\\",
      \\"name\\": \\"Niue\\",
    },
    Object {
      \\"id\\": \\"OM\\",
      \\"name\\": \\"Oman\\",
    },
    Object {
      \\"id\\": \\"PK\\",
      \\"name\\": \\"Pakistan\\",
    },
    Object {
      \\"id\\": \\"PW\\",
      \\"name\\": \\"Palau\\",
    },
    Object {
      \\"id\\": \\"PS\\",
      \\"name\\": \\"Palestine\\",
    },
    Object {
      \\"id\\": \\"PA\\",
      \\"name\\": \\"Panama\\",
    },
    Object {
      \\"id\\": \\"PG\\",
      \\"name\\": \\"Papua New Guinea\\",
    },
    Object {
      \\"id\\": \\"PY\\",
      \\"name\\": \\"Paraguay\\",
    },
    Object {
      \\"id\\": \\"PE\\",
      \\"name\\": \\"Peru\\",
    },
    Object {
      \\"id\\": \\"PH\\",
      \\"name\\": \\"Philippines\\",
    },
    Object {
      \\"id\\": \\"RW\\",
      \\"name\\": \\"Rwanda\\",
    },
    Object {
      \\"id\\": \\"SH\\",
      \\"name\\": \\"Saint Helena, Ascension & Tristan da Cunha\\",
    },
    Object {
      \\"id\\": \\"KN\\",
      \\"name\\": \\"Saint Kitts and Nevis\\",
    },
    Object {
      \\"id\\": \\"LC\\",
      \\"name\\": \\"Saint Lucia\\",
    },
    Object {
      \\"id\\": \\"VC\\",
      \\"name\\": \\"Saint Vincent & the Grenadines\\",
    },
    Object {
      \\"id\\": \\"WS\\",
      \\"name\\": \\"Samoa\\",
    },
    Object {
      \\"id\\": \\"ST\\",
      \\"name\\": \\"Sao Tome & Principe\\",
    },
    Object {
      \\"id\\": \\"SN\\",
      \\"name\\": \\"Senegal\\",
    },
    Object {
      \\"id\\": \\"RS\\",
      \\"name\\": \\"Serbia\\",
    },
    Object {
      \\"id\\": \\"SC\\",
      \\"name\\": \\"Seychelles\\",
    },
    Object {
      \\"id\\": \\"SL\\",
      \\"name\\": \\"Sierra Leone\\",
    },
    Object {
      \\"id\\": \\"SB\\",
      \\"name\\": \\"Solomon Islands\\",
    },
    Object {
      \\"id\\": \\"SO\\",
      \\"name\\": \\"Somalia\\",
    },
    Object {
      \\"id\\": \\"ZA\\",
      \\"name\\": \\"South Africa\\",
    },
    Object {
      \\"id\\": \\"SS\\",
      \\"name\\": \\"South Sudan\\",
    },
    Object {
      \\"id\\": \\"LK\\",
      \\"name\\": \\"Sri Lanka\\",
    },
    Object {
      \\"id\\": \\"SD\\",
      \\"name\\": \\"Sudan\\",
    },
    Object {
      \\"id\\": \\"SR\\",
      \\"name\\": \\"Suriname\\",
    },
    Object {
      \\"id\\": \\"SZ\\",
      \\"name\\": \\"Swaziland\\",
    },
    Object {
      \\"id\\": \\"SY\\",
      \\"name\\": \\"Syria\\",
    },
    Object {
      \\"id\\": \\"TJ\\",
      \\"name\\": \\"Tajikistan\\",
    },
    Object {
      \\"id\\": \\"TZ\\",
      \\"name\\": \\"Tanzania\\",
    },
    Object {
      \\"id\\": \\"TH\\",
      \\"name\\": \\"Thailand\\",
    },
    Object {
      \\"id\\": \\"TL\\",
      \\"name\\": \\"Timor-Leste\\",
    },
    Object {
      \\"id\\": \\"TG\\",
      \\"name\\": \\"Togo\\",
    },
    Object {
      \\"id\\": \\"TK\\",
      \\"name\\": \\"Tokelau\\",
    },
    Object {
      \\"id\\": \\"TO\\",
      \\"name\\": \\"Tonga\\",
    },
    Object {
      \\"id\\": \\"TT\\",
      \\"name\\": \\"Trinidad & Tobago\\",
    },
    Object {
      \\"id\\": \\"TN\\",
      \\"name\\": \\"Tunisia\\",
    },
    Object {
      \\"id\\": \\"TR\\",
      \\"name\\": \\"Turkey\\",
    },
    Object {
      \\"id\\": \\"TM\\",
      \\"name\\": \\"Turkmenistan\\",
    },
    Object {
      \\"id\\": \\"TC\\",
      \\"name\\": \\"Turks & Caicos Islands\\",
    },
    Object {
      \\"id\\": \\"TV\\",
      \\"name\\": \\"Tuvalu\\",
    },
    Object {
      \\"id\\": \\"UG\\",
      \\"name\\": \\"Uganda\\",
    },
    Object {
      \\"id\\": \\"UA\\",
      \\"name\\": \\"Ukraine\\",
    },
    Object {
      \\"id\\": \\"UY\\",
      \\"name\\": \\"Uruguay\\",
    },
    Object {
      \\"id\\": \\"UZ\\",
      \\"name\\": \\"Uzbekistan\\",
    },
    Object {
      \\"id\\": \\"VU\\",
      \\"name\\": \\"Vanuatu\\",
    },
    Object {
      \\"id\\": \\"VE\\",
      \\"name\\": \\"Venezuela\\",
    },
    Object {
      \\"id\\": \\"VN\\",
      \\"name\\": \\"Viet Nam\\",
    },
    Object {
      \\"id\\": \\"WF\\",
      \\"name\\": \\"Wallis & Futuna\\",
    },
    Object {
      \\"id\\": \\"YE\\",
      \\"name\\": \\"Yemen\\",
    },
    Object {
      \\"id\\": \\"ZM\\",
      \\"name\\": \\"Zambia\\",
    },
    Object {
      \\"id\\": \\"ZW\\",
      \\"name\\": \\"Zimbabwe\\",
    },
  ],
  \\"years\\": Array [
    2006,
    2007,
    2008,
    2009,
    2010,
    2011,
    2012,
    2013,
    2014,
  ],
}"
`;

exports[`Unbundling aid DW module tests should create sql query args for getting data 1`] = `
"Object {
  \\"year\\": 2015,
}"
`;
