// Jest Snapshot v1, https://goo.gl/fbAQLP

exports[`Unbundling aid DW module tests getting unbundling aid data of various types 1`] = `
"Object {
  \\"dataA\\": Array [
    Object {
      \\"color\\": \\"#0089cc\\",
      \\"id\\": \\"VC\\",
      \\"name\\": \\"Saint Vincent & the Grenadines\\",
      \\"uid\\": \\"HkBqXcyUZ\\",
      \\"value\\": 18457245.90771,
      \\"year\\": 2015,
    },
    Object {
      \\"color\\": \\"#5da3d9\\",
      \\"id\\": \\"LK\\",
      \\"name\\": \\"Sri Lanka\\",
      \\"uid\\": \\"rJxB57q1U-\\",
      \\"value\\": 826930044.611,
      \\"year\\": 2015,
    },
    Object {
      \\"color\\": \\"#8f1b13\\",
      \\"id\\": \\"GA\\",
      \\"name\\": \\"Gabon\\",
      \\"uid\\": \\"SyZr9Q51Ub\\",
      \\"value\\": 116481813.4694,
      \\"year\\": 2015,
    },
    Object {
      \\"color\\": \\"#a85d00\\",
      \\"id\\": \\"DZ\\",
      \\"name\\": \\"Algeria\\",
      \\"uid\\": \\"HyGB9Q5JUW\\",
      \\"value\\": 193714386.267,
      \\"year\\": 2015,
    },
    Object {
      \\"color\\": \\"#443e42\\",
      \\"id\\": \\"JO\\",
      \\"name\\": \\"Jordan\\",
      \\"uid\\": \\"ByXS5m5kLb\\",
      \\"value\\": 2388276979.1674,
      \\"year\\": 2015,
    },
    Object {
      \\"color\\": \\"#551f65\\",
      \\"id\\": \\"BO\\",
      \\"name\\": \\"Bolivia\\",
      \\"uid\\": \\"r1ESq7ckIb\\",
      \\"value\\": 842094205.5298926,
      \\"year\\": 2015,
    },
    Object {
      \\"color\\": \\"#8f1b13\\",
      \\"id\\": \\"MR\\",
      \\"name\\": \\"Mauritania\\",
      \\"uid\\": \\"HyrS9Q9kLW\\",
      \\"value\\": 388129980.703,
      \\"year\\": 2015,
    },
    Object {
      \\"color\\": \\"#8f1b13\\",
      \\"id\\": \\"MU\\",
      \\"name\\": \\"Mauritius\\",
      \\"uid\\": \\"SkIS57qJIW\\",
      \\"value\\": 119394652.4985,
      \\"year\\": 2015,
    },
    Object {
      \\"color\\": \\"#551f65\\",
      \\"id\\": \\"UY\\",
      \\"name\\": \\"Uruguay\\",
      \\"uid\\": \\"HkDrcX918Z\\",
      \\"value\\": 48171048.01081,
      \\"year\\": 2015,
    },
    Object {
      \\"color\\": \\"#973915\\",
      \\"id\\": \\"TK\\",
      \\"name\\": \\"Tokelau\\",
      \\"uid\\": \\"B1_B97qkIW\\",
      \\"value\\": 8731220.573,
      \\"year\\": 2015,
    },
    Object {
      \\"color\\": \\"#973915\\",
      \\"id\\": \\"PW\\",
      \\"name\\": \\"Palau\\",
      \\"uid\\": \\"BJtScQ5J8b\\",
      \\"value\\": 13930459.629,
      \\"year\\": 2015,
    },
    Object {
      \\"color\\": \\"#973915\\",
      \\"id\\": \\"TV\\",
      \\"name\\": \\"Tuvalu\\",
      \\"uid\\": \\"r1cB9Qqk8-\\",
      \\"value\\": 50114839.718,
      \\"year\\": 2015,
    },
    Object {
      \\"color\\": \\"#5da3d9\\",
      \\"id\\": \\"TJ\\",
      \\"name\\": \\"Tajikistan\\",
      \\"uid\\": \\"BksB9mckIb\\",
      \\"value\\": 472227879.329,
      \\"year\\": 2015,
    },
    Object {
      \\"color\\": \\"#0089cc\\",
      \\"id\\": \\"MX\\",
      \\"name\\": \\"Mexico\\",
      \\"uid\\": \\"HyhH9m9JU-\\",
      \\"value\\": 503949823.98621,
      \\"year\\": 2015,
    },
    Object {
      \\"color\\": \\"#e48a00\\",
      \\"id\\": \\"LA\\",
      \\"name\\": \\"Lao\\",
      \\"uid\\": \\"rkTHq79y8W\\",
      \\"value\\": 538885900.5471,
      \\"year\\": 2015,
    },
    Object {
      \\"color\\": \\"#973915\\",
      \\"id\\": \\"FJ\\",
      \\"name\\": \\"Fiji\\",
      \\"uid\\": \\"H10BqQcJIZ\\",
      \\"value\\": 103492891.8839,
      \\"year\\": 2015,
    },
    Object {
      \\"color\\": \\"#5da3d9\\",
      \\"id\\": \\"BD\\",
      \\"name\\": \\"Bangladesh\\",
      \\"uid\\": \\"H1JgS5mc1Ub\\",
      \\"value\\": 3189680896.0088,
      \\"year\\": 2015,
    },
    Object {
      \\"color\\": \\"#0089cc\\",
      \\"id\\": \\"AG\\",
      \\"name\\": \\"Antigua & Barbuda\\",
      \\"uid\\": \\"ryxlScQcyL-\\",
      \\"value\\": 2742702.971,
      \\"year\\": 2015,
    },
    Object {
      \\"color\\": \\"#0089cc\\",
      \\"id\\": \\"HT\\",
      \\"name\\": \\"Haiti\\",
      \\"uid\\": \\"SJbgH975JIW\\",
      \\"value\\": 1054701060.8712,
      \\"year\\": 2015,
    },
    Object {
      \\"color\\": \\"#0089cc\\",
      \\"id\\": \\"BZ\\",
      \\"name\\": \\"Belize\\",
      \\"uid\\": \\"SJzeB9QqkUW\\",
      \\"value\\": 34633893.0491,
      \\"year\\": 2015,
    },
    Object {
      \\"color\\": \\"#8f1b13\\",
      \\"id\\": \\"SC\\",
      \\"name\\": \\"Seychelles\\",
      \\"uid\\": \\"SyXgBc7ck8Z\\",
      \\"value\\": 11411050.954,
      \\"year\\": 2015,
    },
    Object {
      \\"color\\": \\"#8f1b13\\",
      \\"id\\": \\"ZW\\",
      \\"name\\": \\"Zimbabwe\\",
      \\"uid\\": \\"Hk4eS5QqyI-\\",
      \\"value\\": 814965906.1001,
      \\"year\\": 2015,
    },
    Object {
      \\"color\\": \\"#8f1b13\\",
      \\"id\\": \\"GM\\",
      \\"name\\": \\"Gambia\\",
      \\"uid\\": \\"rkHgH9mqkI-\\",
      \\"value\\": 128791668.354,
      \\"year\\": 2015,
    },
    Object {
      \\"color\\": \\"#8f1b13\\",
      \\"id\\": \\"CM\\",
      \\"name\\": \\"Cameroon\\",
      \\"uid\\": \\"ry8xS57518-\\",
      \\"value\\": 729258301.799,
      \\"year\\": 2015,
    },
    Object {
      \\"color\\": \\"#0c457b\\",
      \\"id\\": \\"BA\\",
      \\"name\\": \\"Bosnia & Herzegovina\\",
      \\"uid\\": \\"SJwxS9X5J8W\\",
      \\"value\\": 517970213.1829,
      \\"year\\": 2015,
    },
    Object {
      \\"color\\": \\"#0c457b\\",
      \\"id\\": \\"ex-yugoslavia\\",
      \\"name\\": \\"States Ex-Yugoslavia unspecified\\",
      \\"uid\\": \\"SyugH9X5y8W\\",
      \\"value\\": 6439929.625,
      \\"year\\": 2015,
    },
    Object {
      \\"color\\": \\"#8f1b13\\",
      \\"id\\": \\"ZA\\",
      \\"name\\": \\"South Africa\\",
      \\"uid\\": \\"ryYxH575JIZ\\",
      \\"value\\": 1545643546.2013,
      \\"year\\": 2015,
    },
    Object {
      \\"color\\": \\"#5da3d9\\",
      \\"id\\": \\"BT\\",
      \\"name\\": \\"Bhutan\\",
      \\"uid\\": \\"Sy5xr5Xqy8W\\",
      \\"value\\": 107773434.1609,
      \\"year\\": 2015,
    },
    Object {
      \\"color\\": \\"#8f1b13\\",
      \\"id\\": \\"LS\\",
      \\"name\\": \\"Lesotho\\",
      \\"uid\\": \\"HkserqX5kUZ\\",
      \\"value\\": 103623883.45242,
      \\"year\\": 2015,
    },
    Object {
      \\"color\\": \\"#973915\\",
      \\"id\\": \\"NU\\",
      \\"name\\": \\"Niue\\",
      \\"uid\\": \\"B1heHqmqyLb\\",
      \\"value\\": 19537000.68571,
      \\"year\\": 2015,
    },
    Object {
      \\"color\\": \\"#8f1b13\\",
      \\"id\\": \\"CD\\",
      \\"name\\": \\"DRC\\",
      \\"uid\\": \\"HyTeScm5J8Z\\",
      \\"value\\": 2719315269.8767,
      \\"year\\": 2015,
    },
    Object {
      \\"color\\": \\"#8f1b13\\",
      \\"id\\": \\"NE\\",
      \\"name\\": \\"Niger\\",
      \\"uid\\": \\"BJCgS5m9yL-\\",
      \\"value\\": 899221530.5393,
      \\"year\\": 2015,
    },
    Object {
      \\"color\\": \\"#5da3d9\\",
      \\"id\\": \\"PK\\",
      \\"name\\": \\"Pakistan\\",
      \\"uid\\": \\"Sy1bBq7ckLZ\\",
      \\"value\\": 4362842226.27594,
      \\"year\\": 2015,
    },
    Object {
      \\"color\\": \\"#0089cc\\",
      \\"id\\": \\"CU\\",
      \\"name\\": \\"Cuba\\",
      \\"uid\\": \\"BygbBcmq1L-\\",
      \\"value\\": 559270119.679,
      \\"year\\": 2015,
    },
    Object {
      \\"color\\": \\"#0089cc\\",
      \\"id\\": \\"north-central-america\\",
      \\"name\\": \\"North & Central America, regional\\",
      \\"uid\\": \\"H1ZZrcmcJ8b\\",
      \\"value\\": 438882212.677,
      \\"year\\": 2015,
    },
    Object {
      \\"color\\": \\"#0c457b\\",
      \\"id\\": \\"TR\\",
      \\"name\\": \\"Turkey\\",
      \\"uid\\": \\"ByG-B575JIZ\\",
      \\"value\\": 3194422279.66473,
      \\"year\\": 2015,
    },
    Object {
      \\"color\\": \\"#8f1b13\\",
      \\"id\\": \\"DJ\\",
      \\"name\\": \\"Djibouti\\",
      \\"uid\\": \\"Bkm-rcQckLW\\",
      \\"value\\": 194242955.6511,
      \\"year\\": 2015,
    },
    Object {
      \\"color\\": \\"#8f1b13\\",
      \\"id\\": \\"ML\\",
      \\"name\\": \\"Mali\\",
      \\"uid\\": \\"H14bHq7qJU-\\",
      \\"value\\": 1281947313.4604,
      \\"year\\": 2015,
    },
    Object {
      \\"color\\": \\"#0089cc\\",
      \\"id\\": \\"GD\\",
      \\"name\\": \\"Grenada\\",
      \\"uid\\": \\"SJS-B579yUb\\",
      \\"value\\": 35756377.725,
      \\"year\\": 2015,
    },
    Object {
      \\"color\\": \\"#0c457b\\",
      \\"id\\": \\"BY\\",
      \\"name\\": \\"Belarus\\",
      \\"uid\\": \\"By8-S9QckUZ\\",
      \\"value\\": 109513117.5573,
      \\"year\\": 2015,
    },
    Object {
      \\"color\\": \\"#973915\\",
      \\"id\\": \\"TO\\",
      \\"name\\": \\"Tonga\\",
      \\"uid\\": \\"SJPWH97c1IW\\",
      \\"value\\": 71096127.77371,
      \\"year\\": 2015,
    },
    Object {
      \\"color\\": \\"#a85d00\\",
      \\"id\\": \\"EG\\",
      \\"name\\": \\"Egypt\\",
      \\"uid\\": \\"BJ_bBcm5J8W\\",
      \\"value\\": 3539847389.1095,
      \\"year\\": 2015,
    },
    Object {
      \\"color\\": \\"#5da3d9\\",
      \\"id\\": \\"UZ\\",
      \\"name\\": \\"Uzbekistan\\",
      \\"uid\\": \\"r1FWHq7q1UW\\",
      \\"value\\": 501623935.7203,
      \\"year\\": 2015,
    },
    Object {
      \\"color\\": \\"#0c457b\\",
      \\"id\\": \\"ME\\",
      \\"name\\": \\"Montenegro\\",
      \\"uid\\": \\"SJq-BqQcJ8-\\",
      \\"value\\": 139980604.0061,
      \\"year\\": 2015,
    },
    Object {
      \\"color\\": \\"#8f1b13\\",
      \\"id\\": \\"CI\\",
      \\"name\\": \\"Côte d'Ivoire\\",
      \\"uid\\": \\"r1ibHqQ91Ub\\",
      \\"value\\": 989243688.3326,
      \\"year\\": 2015,
    },
    Object {
      \\"color\\": \\"#8f1b13\\",
      \\"id\\": \\"MZ\\",
      \\"name\\": \\"Mozambique\\",
      \\"uid\\": \\"Bkn-B9X918b\\",
      \\"value\\": 1955340081.03731,
      \\"year\\": 2015,
    },
    Object {
      \\"color\\": \\"#973915\\",
      \\"id\\": \\"PG\\",
      \\"name\\": \\"Papua New Guinea\\",
      \\"uid\\": \\"B1aWHcXqyIb\\",
      \\"value\\": 627657487.7786,
      \\"year\\": 2015,
    },
    Object {
      \\"color\\": \\"#6a6569\\",
      \\"id\\": \\"bilateral-unspecified\\",
      \\"name\\": \\"Bilateral, unspecified\\",
      \\"uid\\": \\"BkCZHc7ckLb\\",
      \\"value\\": 38027520288.1302,
      \\"year\\": 2015,
    },
    Object {
      \\"color\\": \\"#5da3d9\\",
      \\"id\\": \\"KZ\\",
      \\"name\\": \\"Kazakhstan\\",
      \\"uid\\": \\"rk1zS9mcJL-\\",
      \\"value\\": 131148137.981,
      \\"year\\": 2015,
    },
    Object {
      \\"color\\": \\"#443e42\\",
      \\"id\\": \\"middle-east\\",
      \\"name\\": \\"Middle East, regional\\",
      \\"uid\\": \\"H1lMB5m518W\\",
      \\"value\\": 6144011563.8911,
      \\"year\\": 2015,
    },
    Object {
      \\"color\\": \\"#e48a00\\",
      \\"id\\": \\"KP\\",
      \\"name\\": \\"North Korea\\",
      \\"uid\\": \\"rk-GBcm9JI-\\",
      \\"value\\": 133805781.14,
      \\"year\\": 2015,
    },
    Object {
      \\"color\\": \\"#8f1b13\\",
      \\"id\\": \\"AO\\",
      \\"name\\": \\"Angola\\",
      \\"uid\\": \\"H1MfS5X9y8b\\",
      \\"value\\": 453352309.8251,
      \\"year\\": 2015,
    },
    Object {
      \\"color\\": \\"#5da3d9\\",
      \\"id\\": \\"south-central-asia\\",
      \\"name\\": \\"South & Central Asia, regional\\",
      \\"uid\\": \\"BJ7zB9XqkIZ\\",
      \\"value\\": 202583327.518,
      \\"year\\": 2015,
    },
    Object {
      \\"color\\": \\"#551f65\\",
      \\"id\\": \\"BR\\",
      \\"name\\": \\"Brazil\\",
      \\"uid\\": \\"Sk4fHc791LZ\\",
      \\"value\\": 1182749705.58154,
      \\"year\\": 2015,
    },
    Object {
      \\"color\\": \\"#551f65\\",
      \\"id\\": \\"AR\\",
      \\"name\\": \\"Argentina\\",
      \\"uid\\": \\"BJrzSqm51Ib\\",
      \\"value\\": 147172988.2654,
      \\"year\\": 2015,
    },
    Object {
      \\"color\\": \\"#5da3d9\\",
      \\"id\\": \\"MM\\",
      \\"name\\": \\"Myanmar\\",
      \\"uid\\": \\"S1UzB5X518-\\",
      \\"value\\": 1222794363.39981,
      \\"year\\": 2015,
    },
    Object {
      \\"color\\": \\"#8f1b13\\",
      \\"id\\": \\"SZ\\",
      \\"name\\": \\"Swaziland\\",
      \\"uid\\": \\"rJDfScmqJ8Z\\",
      \\"value\\": 105317784.10771,
      \\"year\\": 2015,
    },
    Object {
      \\"color\\": \\"#0089cc\\",
      \\"id\\": \\"MS\\",
      \\"name\\": \\"Montserrat\\",
      \\"uid\\": \\"rkOGHcQqyU-\\",
      \\"value\\": 53091931.491,
      \\"year\\": 2015,
    },
    Object {
      \\"color\\": \\"#551f65\\",
      \\"id\\": \\"GY\\",
      \\"name\\": \\"Guyana\\",
      \\"uid\\": \\"ByFGBcmcJUb\\",
      \\"value\\": 61724729.6483,
      \\"year\\": 2015,
    },
    Object {
      \\"color\\": \\"#e48a00\\",
      \\"id\\": \\"east-asia\\",
      \\"name\\": \\"Far East Asia, regional\\",
      \\"uid\\": \\"Sk5fScX9yIb\\",
      \\"value\\": 317186259.7038,
      \\"year\\": 2015,
    },
    Object {
      \\"color\\": \\"#e48a00\\",
      \\"id\\": \\"TL\\",
      \\"name\\": \\"Timor-Leste\\",
      \\"uid\\": \\"rJsfrqmcJUZ\\",
      \\"value\\": 212511523.13481,
      \\"year\\": 2015,
    },
    Object {
      \\"color\\": \\"#973915\\",
      \\"id\\": \\"CK\\",
      \\"name\\": \\"Cook Islands\\",
      \\"uid\\": \\"HJnMr57qyU-\\",
      \\"value\\": 26537347.239,
      \\"year\\": 2015,
    },
    Object {
      \\"color\\": \\"#5da3d9\\",
      \\"id\\": \\"MV\\",
      \\"name\\": \\"Maldives\\",
      \\"uid\\": \\"ry6zrcXqkLZ\\",
      \\"value\\": 38889090.1924,
      \\"year\\": 2015,
    },
    Object {
      \\"color\\": \\"#551f65\\",
      \\"id\\": \\"CO\\",
      \\"name\\": \\"Colombia\\",
      \\"uid\\": \\"Hy0MB9Qq1IZ\\",
      \\"value\\": 1417576291.20011,
      \\"year\\": 2015,
    },
    Object {
      \\"color\\": \\"#973915\\",
      \\"id\\": \\"NR\\",
      \\"name\\": \\"Nauru\\",
      \\"uid\\": \\"r1y7r5Q9J8-\\",
      \\"value\\": 31254626.36542,
      \\"year\\": 2015,
    },
    Object {
      \\"color\\": \\"#8f1b13\\",
      \\"id\\": \\"TG\\",
      \\"name\\": \\"Togo\\",
      \\"uid\\": \\"SJeXHc7qyUZ\\",
      \\"value\\": 228139827.6171,
      \\"year\\": 2015,
    },
    Object {
      \\"color\\": \\"#443e42\\",
      \\"id\\": \\"YE\\",
      \\"name\\": \\"Yemen\\",
      \\"uid\\": \\"B1-mHqXcJL-\\",
      \\"value\\": 1646394906.527,
      \\"year\\": 2015,
    },
    Object {
      \\"color\\": \\"#0089cc\\",
      \\"id\\": \\"CR\\",
      \\"name\\": \\"Costa Rica\\",
      \\"uid\\": \\"S1GQHqQcJLZ\\",
      \\"value\\": 136804141.2685,
      \\"year\\": 2015,
    },
    Object {
      \\"color\\": \\"#8f1b13\\",
      \\"id\\": \\"NA\\",
      \\"name\\": \\"Namibia\\",
      \\"uid\\": \\"H1XXBqX5JU-\\",
      \\"value\\": 180414920.8353,
      \\"year\\": 2015,
    },
    Object {
      \\"color\\": \\"#8f1b13\\",
      \\"id\\": \\"SS\\",
      \\"name\\": \\"South Sudan\\",
      \\"uid\\": \\"HyV7BqX918-\\",
      \\"value\\": 1694475839.421,
      \\"year\\": 2015,
    },
    Object {
      \\"color\\": \\"#e48a00\\",
      \\"id\\": \\"MN\\",
      \\"name\\": \\"Mongolia\\",
      \\"uid\\": \\"rkSQr5m9kUZ\\",
      \\"value\\": 293702778.7494,
      \\"year\\": 2015,
    },
    Object {
      \\"color\\": \\"#973915\\",
      \\"id\\": \\"KI\\",
      \\"name\\": \\"Kiribati\\",
      \\"uid\\": \\"Bk8mScmc1Lb\\",
      \\"value\\": 65309446.9301,
      \\"year\\": 2015,
    },
    Object {
      \\"color\\": \\"#973915\\",
      \\"id\\": \\"oceania\\",
      \\"name\\": \\"Oceania, regional\\",
      \\"uid\\": \\"B1vQr9XckUb\\",
      \\"value\\": 228157420.661,
      \\"year\\": 2015,
    },
    Object {
      \\"color\\": \\"#8f1b13\\",
      \\"id\\": \\"BW\\",
      \\"name\\": \\"Botswana\\",
      \\"uid\\": \\"Sku7Scm9kIW\\",
      \\"value\\": 81012052.16362,
      \\"year\\": 2015,
    },
    Object {
      \\"color\\": \\"#551f65\\",
      \\"id\\": \\"VE\\",
      \\"name\\": \\"Venezuela\\",
      \\"uid\\": \\"B1K7r5mc1IZ\\",
      \\"value\\": 41703153.99691,
      \\"year\\": 2015,
    },
    Object {
      \\"color\\": \\"#5da3d9\\",
      \\"id\\": \\"south-asia\\",
      \\"name\\": \\"South Asia, regional\\",
      \\"uid\\": \\"BJcQS9XcJ8-\\",
      \\"value\\": 104880347.6498,
      \\"year\\": 2015,
    },
    Object {
      \\"color\\": \\"#8f1b13\\",
      \\"id\\": \\"CG\\",
      \\"name\\": \\"Congo\\",
      \\"uid\\": \\"H1jQBc75yU-\\",
      \\"value\\": 131766134.6891,
      \\"year\\": 2015,
    },
    Object {
      \\"color\\": \\"#0c457b\\",
      \\"id\\": \\"AL\\",
      \\"name\\": \\"Albania\\",
      \\"uid\\": \\"rk2mHqm5J8b\\",
      \\"value\\": 424181123.2141,
      \\"year\\": 2015,
    },
    Object {
      \\"color\\": \\"#443e42\\",
      \\"id\\": \\"IQ\\",
      \\"name\\": \\"Iraq\\",
      \\"uid\\": \\"ryp7Bc79J8-\\",
      \\"value\\": 1497062921.4391,
      \\"year\\": 2015,
    },
    Object {
      \\"color\\": \\"#e48a00\\",
      \\"id\\": \\"PH\\",
      \\"name\\": \\"Philippines\\",
      \\"uid\\": \\"S1CmH975yUZ\\",
      \\"value\\": 1199974330.0555,
      \\"year\\": 2015,
    },
    Object {
      \\"color\\": \\"#8f1b13\\",
      \\"id\\": \\"SD\\",
      \\"name\\": \\"Sudan\\",
      \\"uid\\": \\"rJkEH9mqyUb\\",
      \\"value\\": 1050213641.8969,
      \\"year\\": 2015,
    },
    Object {
      \\"color\\": \\"#a85d00\\",
      \\"id\\": \\"TN\\",
      \\"name\\": \\"Tunisia\\",
      \\"uid\\": \\"Byl4rcXq1LW\\",
      \\"value\\": 893552495.2026,
      \\"year\\": 2015,
    },
    Object {
      \\"color\\": \\"#0c457b\\",
      \\"id\\": \\"RS\\",
      \\"name\\": \\"Serbia\\",
      \\"uid\\": \\"ryZVS5Q5JU-\\",
      \\"value\\": 729283678.6652,
      \\"year\\": 2015,
    },
    Object {
      \\"color\\": \\"#e48a00\\",
      \\"id\\": \\"TH\\",
      \\"name\\": \\"Thailand\\",
      \\"uid\\": \\"SJf4S5XqkLZ\\",
      \\"value\\": 327083043.6872088,
      \\"year\\": 2015,
    },
    Object {
      \\"color\\": \\"#5da3d9\\",
      \\"id\\": \\"central-asia\\",
      \\"name\\": \\"Central Asia, regional\\",
      \\"uid\\": \\"HJQ4H5m9JIZ\\",
      \\"value\\": 150089798.5302,
      \\"year\\": 2015,
    },
    Object {
      \\"color\\": \\"#6a6569\\",
      \\"id\\": \\"asia\\",
      \\"name\\": \\"Asia, regional\\",
      \\"uid\\": \\"B144r9m51I-\\",
      \\"value\\": 1241572639.67105,
      \\"year\\": 2015,
    },
    Object {
      \\"color\\": \\"#8f1b13\\",
      \\"id\\": \\"BJ\\",
      \\"name\\": \\"Benin\\",
      \\"uid\\": \\"SJH4r9mqkIb\\",
      \\"value\\": 467501086.226,
      \\"year\\": 2015,
    },
    Object {
      \\"color\\": \\"#0c457b\\",
      \\"id\\": \\"MD\\",
      \\"name\\": \\"Moldova\\",
      \\"uid\\": \\"SJ84B5X5k8W\\",
      \\"value\\": 370789249.8834,
      \\"year\\": 2015,
    },
    Object {
      \\"color\\": \\"#0089cc\\",
      \\"id\\": \\"DO\\",
      \\"name\\": \\"Dominican Republic\\",
      \\"uid\\": \\"rkD4Sc7ckL-\\",
      \\"value\\": 347767890.1483,
      \\"year\\": 2015,
    },
    Object {
      \\"color\\": \\"#551f65\\",
      \\"id\\": \\"PY\\",
      \\"name\\": \\"Paraguay\\",
      \\"uid\\": \\"SkdESq7qJLW\\",
      \\"value\\": 129685413.155,
      \\"year\\": 2015,
    },
    Object {
      \\"color\\": \\"#5da3d9\\",
      \\"id\\": \\"AF\\",
      \\"name\\": \\"Afghanistan\\",
      \\"uid\\": \\"B1FNrcQc1LZ\\",
      \\"value\\": 4304432652.0908,
      \\"year\\": 2015,
    },
    Object {
      \\"color\\": \\"#8f1b13\\",
      \\"id\\": \\"RW\\",
      \\"name\\": \\"Rwanda\\",
      \\"uid\\": \\"HJcEScQqyL-\\",
      \\"value\\": 1108463663.32131,
      \\"year\\": 2015,
    },
    Object {
      \\"color\\": \\"#8f1b13\\",
      \\"id\\": \\"south-of-sahara\\",
      \\"name\\": \\"South of Sahara, regional\\",
      \\"uid\\": \\"S1i4r5QcJI-\\",
      \\"value\\": 2625984063.44539,
      \\"year\\": 2015,
    },
    Object {
      \\"color\\": \\"#8f1b13\\",
      \\"id\\": \\"NG\\",
      \\"name\\": \\"Nigeria\\",
      \\"uid\\": \\"H134r5Q9JLZ\\",
      \\"value\\": 2538197422.67681,
      \\"year\\": 2015,
    },
    Object {
      \\"color\\": \\"#e48a00\\",
      \\"id\\": \\"CN\\",
      \\"name\\": \\"China\\",
      \\"uid\\": \\"SkTNS5QckL-\\",
      \\"value\\": 1490930237.8675,
      \\"year\\": 2015,
    },
    Object {
      \\"color\\": \\"#973915\\",
      \\"id\\": \\"WS\\",
      \\"name\\": \\"Samoa\\",
      \\"uid\\": \\"SyRES579yU-\\",
      \\"value\\": 102092899.6231,
      \\"year\\": 2015,
    },
    Object {
      \\"color\\": \\"#8f1b13\\",
      \\"id\\": \\"KE\\",
      \\"name\\": \\"Kenya\\",
      \\"uid\\": \\"Sy1HScXqyLZ\\",
      \\"value\\": 2761547575.73732,
      \\"year\\": 2015,
    },
    Object {
      \\"color\\": \\"#8f1b13\\",
      \\"id\\": \\"MW\\",
      \\"name\\": \\"Malawi\\",
      \\"uid\\": \\"SJlSrqQ9yL-\\",
      \\"value\\": 1105564731.63442,
      \\"year\\": 2015,
    },
    Object {
      \\"color\\": \\"#8f1b13\\",
      \\"id\\": \\"GN\\",
      \\"name\\": \\"Guinea\\",
      \\"uid\\": \\"BJZHH5X9JIZ\\",
      \\"value\\": 601873169.949,
      \\"year\\": 2015,
    },
    Object {
      \\"color\\": \\"#0089cc\\",
      \\"id\\": \\"PA\\",
      \\"name\\": \\"Panama\\",
      \\"uid\\": \\"SJGHBqXckUW\\",
      \\"value\\": 32002236.5207,
      \\"year\\": 2015,
    },
    Object {
      \\"color\\": \\"#8f1b13\\",
      \\"id\\": \\"MG\\",
      \\"name\\": \\"Madagascar\\",
      \\"uid\\": \\"rkmHr9Qq1UW\\",
      \\"value\\": 728602505.5641,
      \\"year\\": 2015,
    },
    Object {
      \\"color\\": \\"#e48a00\\",
      \\"id\\": \\"ID\\",
      \\"name\\": \\"Indonesia\\",
      \\"uid\\": \\"Bk4rH57qyLZ\\",
      \\"value\\": 2027130655.3552,
      \\"year\\": 2015,
    },
    Object {
      \\"color\\": \\"#973915\\",
      \\"id\\": \\"FM\\",
      \\"name\\": \\"Micronesia\\",
      \\"uid\\": \\"HkHHBqXqkUZ\\",
      \\"value\\": 84819420.74271,
      \\"year\\": 2015,
    },
    Object {
      \\"color\\": \\"#5da3d9\\",
      \\"id\\": \\"AM\\",
      \\"name\\": \\"Armenia\\",
      \\"uid\\": \\"BkLHB5m5kIb\\",
      \\"value\\": 409173900.834,
      \\"year\\": 2015,
    },
    Object {
      \\"color\\": \\"#8f1b13\\",
      \\"id\\": \\"GQ\\",
      \\"name\\": \\"Equatorial Guinea\\",
      \\"uid\\": \\"SJvBS57ckIZ\\",
      \\"value\\": 10975793.5234,
      \\"year\\": 2015,
    },
    Object {
      \\"color\\": \\"#0c457b\\",
      \\"id\\": \\"UA\\",
      \\"name\\": \\"Ukraine\\",
      \\"uid\\": \\"H1OrrqQcJUW\\",
      \\"value\\": 1481415215.0011,
      \\"year\\": 2015,
    },
    Object {
      \\"color\\": \\"#443e42\\",
      \\"id\\": \\"IR\\",
      \\"name\\": \\"Iran\\",
      \\"uid\\": \\"HyFrBcX5JLb\\",
      \\"value\\": 121962820.29131,
      \\"year\\": 2015,
    },
    Object {
      \\"color\\": \\"#551f65\\",
      \\"id\\": \\"CL\\",
      \\"name\\": \\"Chile\\",
      \\"uid\\": \\"rycSHq7918Z\\",
      \\"value\\": 84826171.1616,
      \\"year\\": 2015,
    },
    Object {
      \\"color\\": \\"#8f1b13\\",
      \\"id\\": \\"CF\\",
      \\"name\\": \\"CAR\\",
      \\"uid\\": \\"HkiBBqm9JUZ\\",
      \\"value\\": 504983381.426,
      \\"year\\": 2015,
    },
    Object {
      \\"color\\": \\"#6a6569\\",
      \\"id\\": \\"africa\\",
      \\"name\\": \\"Africa, regional\\",
      \\"uid\\": \\"SyhrH9X5J8b\\",
      \\"value\\": 3545313720.61752,
      \\"year\\": 2015,
    },
    Object {
      \\"color\\": \\"#8f1b13\\",
      \\"id\\": \\"TZ\\",
      \\"name\\": \\"Tanzania\\",
      \\"uid\\": \\"rJaBrcXcyIW\\",
      \\"value\\": 2706164457.66742,
      \\"year\\": 2015,
    },
    Object {
      \\"color\\": \\"#8f1b13\\",
      \\"id\\": \\"SO\\",
      \\"name\\": \\"Somalia\\",
      \\"uid\\": \\"ByASS57cy8W\\",
      \\"value\\": 1258707656.7824,
      \\"year\\": 2015,
    },
    Object {
      \\"color\\": \\"#8f1b13\\",
      \\"id\\": \\"TD\\",
      \\"name\\": \\"Chad\\",
      \\"uid\\": \\"B1k8H5mckI-\\",
      \\"value\\": 1239325318.9576,
      \\"year\\": 2015,
    },
    Object {
      \\"color\\": \\"#8f1b13\\",
      \\"id\\": \\"SH\\",
      \\"name\\": \\"Saint Helena, Ascension & Tristan da Cunha\\",
      \\"uid\\": \\"r1g8Hq751LZ\\",
      \\"value\\": 93883797.74,
      \\"year\\": 2015,
    },
    Object {
      \\"color\\": \\"#8f1b13\\",
      \\"id\\": \\"GW\\",
      \\"name\\": \\"Guinea-Bissau\\",
      \\"uid\\": \\"SJ-8r975kIZ\\",
      \\"value\\": 99169214.76,
      \\"year\\": 2015,
    },
    Object {
      \\"color\\": \\"#443e42\\",
      \\"id\\": \\"LB\\",
      \\"name\\": \\"Lebanon\\",
      \\"uid\\": \\"SJGUrc75yU-\\",
      \\"value\\": 1162866350.452,
      \\"year\\": 2015,
    },
    Object {
      \\"color\\": \\"#0089cc\\",
      \\"id\\": \\"HN\\",
      \\"name\\": \\"Honduras\\",
      \\"uid\\": \\"H17UB9XckI-\\",
      \\"value\\": 599502245.08781,
      \\"year\\": 2015,
    },
    Object {
      \\"color\\": \\"#443e42\\",
      \\"id\\": \\"PS\\",
      \\"name\\": \\"Palestine\\",
      \\"uid\\": \\"r1VIBqm5J8-\\",
      \\"value\\": 1878696314.1875,
      \\"year\\": 2015,
    },
    Object {
      \\"color\\": \\"#5da3d9\\",
      \\"id\\": \\"KG\\",
      \\"name\\": \\"Kyrgyzstan\\",
      \\"uid\\": \\"ryHUHc79JL-\\",
      \\"value\\": 831357384.97431,
      \\"year\\": 2015,
    },
    Object {
      \\"color\\": \\"#a85d00\\",
      \\"id\\": \\"MA\\",
      \\"name\\": \\"Morocco\\",
      \\"uid\\": \\"SJ8IScm91UZ\\",
      \\"value\\": 1885637592.7049,
      \\"year\\": 2015,
    },
    Object {
      \\"color\\": \\"#8f1b13\\",
      \\"id\\": \\"CV\\",
      \\"name\\": \\"Cape Verde\\",
      \\"uid\\": \\"SyDIBcQqyIZ\\",
      \\"value\\": 175126220.98,
      \\"year\\": 2015,
    },
    Object {
      \\"color\\": \\"#8f1b13\\",
      \\"id\\": \\"BF\\",
      \\"name\\": \\"Burkina Faso\\",
      \\"uid\\": \\"HkdUHc79kIZ\\",
      \\"value\\": 1069722665.646,
      \\"year\\": 2015,
    },
    Object {
      \\"color\\": \\"#0c457b\\",
      \\"id\\": \\"MK\\",
      \\"name\\": \\"Macedonia\\",
      \\"uid\\": \\"BkK8S5mc1IZ\\",
      \\"value\\": 285412959.4156,
      \\"year\\": 2015,
    },
    Object {
      \\"color\\": \\"#0089cc\\",
      \\"id\\": \\"NI\\",
      \\"name\\": \\"Nicaragua\\",
      \\"uid\\": \\"rk9LB9Qck8b\\",
      \\"value\\": 516517618.9194,
      \\"year\\": 2015,
    },
    Object {
      \\"color\\": \\"#0c457b\\",
      \\"id\\": \\"europe\\",
      \\"name\\": \\"Europe, regional\\",
      \\"uid\\": \\"ByjIBcXckLZ\\",
      \\"value\\": 1071072963.8728,
      \\"year\\": 2015,
    },
    Object {
      \\"color\\": \\"#0089cc\\",
      \\"id\\": \\"LC\\",
      \\"name\\": \\"Saint Lucia\\",
      \\"uid\\": \\"H13LS9Qq1IW\\",
      \\"value\\": 22975352.49071,
      \\"year\\": 2015,
    },
    Object {
      \\"color\\": \\"#5da3d9\\",
      \\"id\\": \\"NP\\",
      \\"name\\": \\"Nepal\\",
      \\"uid\\": \\"r1pLrqQqJIb\\",
      \\"value\\": 1356514605.846042,
      \\"year\\": 2015,
    },
    Object {
      \\"color\\": \\"#8f1b13\\",
      \\"id\\": \\"UG\\",
      \\"name\\": \\"Uganda\\",
      \\"uid\\": \\"r1R8BqQ51I-\\",
      \\"value\\": 1696501638.9257026,
      \\"year\\": 2015,
    },
    Object {
      \\"color\\": \\"#973915\\",
      \\"id\\": \\"WF\\",
      \\"name\\": \\"Wallis & Futuna\\",
      \\"uid\\": \\"HkyDH5mcyI-\\",
      \\"value\\": 106447487.31,
      \\"year\\": 2015,
    },
    Object {
      \\"color\\": \\"#8f1b13\\",
      \\"id\\": \\"ET\\",
      \\"name\\": \\"Ethiopia\\",
      \\"uid\\": \\"HJePrqQckLb\\",
      \\"value\\": 3352722498.06871,
      \\"year\\": 2015,
    },
    Object {
      \\"color\\": \\"#551f65\\",
      \\"id\\": \\"SR\\",
      \\"name\\": \\"Suriname\\",
      \\"uid\\": \\"SkbDH9mcyLZ\\",
      \\"value\\": 17461652.791,
      \\"year\\": 2015,
    },
    Object {
      \\"color\\": \\"#8f1b13\\",
      \\"id\\": \\"ER\\",
      \\"name\\": \\"Eritrea\\",
      \\"uid\\": \\"HkMPH9XqyUW\\",
      \\"value\\": 95494544.552,
      \\"year\\": 2015,
    },
    Object {
      \\"color\\": \\"#6a6569\\",
      \\"id\\": \\"america\\",
      \\"name\\": \\"America, regional\\",
      \\"uid\\": \\"HkmvHcX9JUb\\",
      \\"value\\": 1373826715.8581,
      \\"year\\": 2015,
    },
    Object {
      \\"color\\": \\"#5da3d9\\",
      \\"id\\": \\"GE\\",
      \\"name\\": \\"Georgia\\",
      \\"uid\\": \\"S14PBqXcJI-\\",
      \\"value\\": 559053620.135645,
      \\"year\\": 2015,
    },
    Object {
      \\"color\\": \\"#8f1b13\\",
      \\"id\\": \\"KM\\",
      \\"name\\": \\"Comoros\\",
      \\"uid\\": \\"BkHwH9m51UZ\\",
      \\"value\\": 69983438.0702,
      \\"year\\": 2015,
    },
    Object {
      \\"color\\": \\"#a85d00\\",
      \\"id\\": \\"north-of-sahara\\",
      \\"name\\": \\"North of Sahara, regional\\",
      \\"uid\\": \\"S1IwH9QqJUW\\",
      \\"value\\": 330772955.4101,
      \\"year\\": 2015,
    },
    Object {
      \\"color\\": \\"#0089cc\\",
      \\"id\\": \\"JM\\",
      \\"name\\": \\"Jamaica\\",
      \\"uid\\": \\"SyDvS5791IZ\\",
      \\"value\\": 104722855.19432,
      \\"year\\": 2015,
    },
    Object {
      \\"color\\": \\"#973915\\",
      \\"id\\": \\"VU\\",
      \\"name\\": \\"Vanuatu\\",
      \\"uid\\": \\"rJOvScXq1Lb\\",
      \\"value\\": 189997948.73261,
      \\"year\\": 2015,
    },
    Object {
      \\"color\\": \\"#8f1b13\\",
      \\"id\\": \\"SL\\",
      \\"name\\": \\"Sierra Leone\\",
      \\"uid\\": \\"BkYwS5X91LW\\",
      \\"value\\": 1021195776.58641,
      \\"year\\": 2015,
    },
    Object {
      \\"color\\": \\"#e48a00\\",
      \\"id\\": \\"MY\\",
      \\"name\\": \\"Malaysia\\",
      \\"uid\\": \\"H15wSqQ5y8b\\",
      \\"value\\": 125023930.4007,
      \\"year\\": 2015,
    },
    Object {
      \\"color\\": \\"#a85d00\\",
      \\"id\\": \\"LY\\",
      \\"name\\": \\"Libya\\",
      \\"uid\\": \\"rkowHc7qkUZ\\",
      \\"value\\": 157764674.09,
      \\"year\\": 2015,
    },
    Object {
      \\"color\\": \\"#e48a00\\",
      \\"id\\": \\"VN\\",
      \\"name\\": \\"Viet Nam\\",
      \\"uid\\": \\"BynPHqQcJLW\\",
      \\"value\\": 3895493299.94611,
      \\"year\\": 2015,
    },
    Object {
      \\"color\\": \\"#973915\\",
      \\"id\\": \\"SB\\",
      \\"name\\": \\"Solomon Islands\\",
      \\"uid\\": \\"Hk6Dr9X5kLZ\\",
      \\"value\\": 196251880.5751,
      \\"year\\": 2015,
    },
    Object {
      \\"color\\": \\"#551f65\\",
      \\"id\\": \\"EC\\",
      \\"name\\": \\"Ecuador\\",
      \\"uid\\": \\"BJRPBcQ91Lb\\",
      \\"value\\": 383804916.402,
      \\"year\\": 2015,
    },
    Object {
      \\"color\\": \\"#6a6569\\",
      \\"id\\": \\"west-indies\\",
      \\"name\\": \\"West Indies, regional\\",
      \\"uid\\": \\"BJydHqm51IW\\",
      \\"value\\": 162590892.67071,
      \\"year\\": 2015,
    },
    Object {
      \\"color\\": \\"#973915\\",
      \\"id\\": \\"MH\\",
      \\"name\\": \\"Marshall Islands\\",
      \\"uid\\": \\"BJl_r5m9J8Z\\",
      \\"value\\": 59680978.0669,
      \\"year\\": 2015,
    },
    Object {
      \\"color\\": \\"#8f1b13\\",
      \\"id\\": \\"GH\\",
      \\"name\\": \\"Ghana\\",
      \\"uid\\": \\"SJWdSc79kIZ\\",
      \\"value\\": 1882129282.3422,
      \\"year\\": 2015,
    },
    Object {
      \\"color\\": \\"#5da3d9\\",
      \\"id\\": \\"AZ\\",
      \\"name\\": \\"Azerbaijan\\",
      \\"uid\\": \\"SJz_H9X9JLb\\",
      \\"value\\": 160299119.2983,
      \\"year\\": 2015,
    },
    Object {
      \\"color\\": \\"#5da3d9\\",
      \\"id\\": \\"IN\\",
      \\"name\\": \\"India\\",
      \\"uid\\": \\"r17OBqQ5k8-\\",
      \\"value\\": 5328901800.89339,
      \\"year\\": 2015,
    },
    Object {
      \\"color\\": \\"#0089cc\\",
      \\"id\\": \\"SV\\",
      \\"name\\": \\"El Salvador\\",
      \\"uid\\": \\"rkE_H5mckIW\\",
      \\"value\\": 149694907.24661,
      \\"year\\": 2015,
    },
    Object {
      \\"color\\": \\"#e48a00\\",
      \\"id\\": \\"KH\\",
      \\"name\\": \\"Cambodia\\",
      \\"uid\\": \\"BJBdHc7qy8W\\",
      \\"value\\": 756594960.71341,
      \\"year\\": 2015,
    },
    Object {
      \\"color\\": \\"#551f65\\",
      \\"id\\": \\"south-america\\",
      \\"name\\": \\"South America, regional\\",
      \\"uid\\": \\"S18Or979JLb\\",
      \\"value\\": 326725910.8164,
      \\"year\\": 2015,
    },
    Object {
      \\"color\\": \\"#8f1b13\\",
      \\"id\\": \\"ZM\\",
      \\"name\\": \\"Zambia\\",
      \\"uid\\": \\"BJP_r5QqkUW\\",
      \\"value\\": 883234614.914054,
      \\"year\\": 2015,
    },
    Object {
      \\"color\\": \\"#443e42\\",
      \\"id\\": \\"SY\\",
      \\"name\\": \\"Syria\\",
      \\"uid\\": \\"ryOOS5X5JL-\\",
      \\"value\\": 4889339854.348,
      \\"year\\": 2015,
    },
    Object {
      \\"color\\": \\"#0089cc\\",
      \\"id\\": \\"GT\\",
      \\"name\\": \\"Guatemala\\",
      \\"uid\\": \\"H1Y_rcX91UZ\\",
      \\"value\\": 455347845.3032026,
      \\"year\\": 2015,
    },
    Object {
      \\"color\\": \\"#8f1b13\\",
      \\"id\\": \\"ST\\",
      \\"name\\": \\"Sao Tome & Principe\\",
      \\"uid\\": \\"BJ9dr97qyL-\\",
      \\"value\\": 53346067.839,
      \\"year\\": 2015,
    },
    Object {
      \\"color\\": \\"#8f1b13\\",
      \\"id\\": \\"SN\\",
      \\"name\\": \\"Senegal\\",
      \\"uid\\": \\"rksOrqXqyLb\\",
      \\"value\\": 981756115.466768,
      \\"year\\": 2015,
    },
    Object {
      \\"color\\": \\"#5da3d9\\",
      \\"id\\": \\"TM\\",
      \\"name\\": \\"Turkmenistan\\",
      \\"uid\\": \\"S12OB97q1UZ\\",
      \\"value\\": 27097053.0161,
      \\"year\\": 2015,
    },
    Object {
      \\"color\\": \\"#0089cc\\",
      \\"id\\": \\"DM\\",
      \\"name\\": \\"Dominica\\",
      \\"uid\\": \\"Hk6OHcQqkIZ\\",
      \\"value\\": 21235452.58971,
      \\"year\\": 2015,
    },
    Object {
      \\"color\\": \\"#8f1b13\\",
      \\"id\\": \\"BI\\",
      \\"name\\": \\"Burundi\\",
      \\"uid\\": \\"BJCOS9X5JLZ\\",
      \\"value\\": 397197246.9547,
      \\"year\\": 2015,
    },
    Object {
      \\"color\\": \\"#551f65\\",
      \\"id\\": \\"PE\\",
      \\"name\\": \\"Peru\\",
      \\"uid\\": \\"HJJYB97c1Lb\\",
      \\"value\\": 523373971.93911,
      \\"year\\": 2015,
    },
    Object {
      \\"color\\": \\"#8f1b13\\",
      \\"id\\": \\"LR\\",
      \\"name\\": \\"Liberia\\",
      \\"uid\\": \\"r1xtH97c1L-\\",
      \\"value\\": 1139451949.36391,
      \\"year\\": 2015,
    },
    Object {
      \\"color\\": \\"#0c457b\\",
      \\"id\\": \\"XK\\",
      \\"name\\": \\"Kosovo\\",
      \\"uid\\": \\"S1Wtr5XqkLZ\\",
      \\"value\\": 441689421.7065,
      \\"year\\": 2015,
    },
  ],
  \\"dataB\\": Array [
    Object {
      \\"color\\": \\"#5da3d9\\",
      \\"id\\": \\"AF\\",
      \\"name\\": \\"Afghanistan\\",
      \\"uid\\": \\"ByUcm9kUW\\",
      \\"value\\": 83961708.3,
      \\"year\\": 2015,
    },
    Object {
      \\"color\\": \\"#6a6569\\",
      \\"id\\": \\"africa\\",
      \\"name\\": \\"Africa, regional\\",
      \\"uid\\": \\"B1eUc7c1UW\\",
      \\"value\\": 381896669.25,
      \\"year\\": 2015,
    },
    Object {
      \\"color\\": \\"#0089cc\\",
      \\"id\\": \\"AG\\",
      \\"name\\": \\"Antigua & Barbuda\\",
      \\"uid\\": \\"SybI9Xqy8Z\\",
      \\"value\\": 16677.4,
      \\"year\\": 2015,
    },
    Object {
      \\"color\\": \\"#0c457b\\",
      \\"id\\": \\"AL\\",
      \\"name\\": \\"Albania\\",
      \\"uid\\": \\"HJG89mcJ8Z\\",
      \\"value\\": 5866208.04,
      \\"year\\": 2015,
    },
    Object {
      \\"color\\": \\"#5da3d9\\",
      \\"id\\": \\"AM\\",
      \\"name\\": \\"Armenia\\",
      \\"uid\\": \\"HkXI5Qq1LZ\\",
      \\"value\\": 81757041.69,
      \\"year\\": 2015,
    },
    Object {
      \\"color\\": \\"#6a6569\\",
      \\"id\\": \\"america\\",
      \\"name\\": \\"America, regional\\",
      \\"uid\\": \\"SkEL5Q9J8Z\\",
      \\"value\\": 60293883.2,
      \\"year\\": 2015,
    },
    Object {
      \\"color\\": \\"#8f1b13\\",
      \\"id\\": \\"AO\\",
      \\"name\\": \\"Angola\\",
      \\"uid\\": \\"HkH8qQqkI-\\",
      \\"value\\": 84158.334,
      \\"year\\": 2015,
    },
    Object {
      \\"color\\": \\"#551f65\\",
      \\"id\\": \\"AR\\",
      \\"name\\": \\"Argentina\\",
      \\"uid\\": \\"rJI8c79kI-\\",
      \\"value\\": 1290425.57,
      \\"year\\": 2015,
    },
    Object {
      \\"color\\": \\"#6a6569\\",
      \\"id\\": \\"asia\\",
      \\"name\\": \\"Asia, regional\\",
      \\"uid\\": \\"rJDI9mck8b\\",
      \\"value\\": 74599093.76,
      \\"year\\": 2015,
    },
    Object {
      \\"color\\": \\"#5da3d9\\",
      \\"id\\": \\"AZ\\",
      \\"name\\": \\"Azerbaijan\\",
      \\"uid\\": \\"HydUqX5y8-\\",
      \\"value\\": 2735790.673,
      \\"year\\": 2015,
    },
    Object {
      \\"color\\": \\"#0c457b\\",
      \\"id\\": \\"BA\\",
      \\"name\\": \\"Bosnia & Herzegovina\\",
      \\"uid\\": \\"rktUqX9JIW\\",
      \\"value\\": 57652007.93,
      \\"year\\": 2015,
    },
    Object {
      \\"color\\": \\"#5da3d9\\",
      \\"id\\": \\"BD\\",
      \\"name\\": \\"Bangladesh\\",
      \\"uid\\": \\"BJ5UqX5kLW\\",
      \\"value\\": 109224620.854,
      \\"year\\": 2015,
    },
    Object {
      \\"color\\": \\"#8f1b13\\",
      \\"id\\": \\"BF\\",
      \\"name\\": \\"Burkina Faso\\",
      \\"uid\\": \\"BysL9m9kIW\\",
      \\"value\\": 9621174.332,
      \\"year\\": 2015,
    },
    Object {
      \\"color\\": \\"#8f1b13\\",
      \\"id\\": \\"BI\\",
      \\"name\\": \\"Burundi\\",
      \\"uid\\": \\"r1hLqm51IZ\\",
      \\"value\\": 3216561.34,
      \\"year\\": 2015,
    },
    Object {
      \\"color\\": \\"#6a6569\\",
      \\"id\\": \\"bilateral-unspecified\\",
      \\"name\\": \\"Bilateral, unspecified\\",
      \\"uid\\": \\"BJaI5791UW\\",
      \\"value\\": 1630817445.0112,
      \\"year\\": 2015,
    },
    Object {
      \\"color\\": \\"#8f1b13\\",
      \\"id\\": \\"BJ\\",
      \\"name\\": \\"Benin\\",
      \\"uid\\": \\"By0IcQ9J8-\\",
      \\"value\\": 10773690.17,
      \\"year\\": 2015,
    },
    Object {
      \\"color\\": \\"#551f65\\",
      \\"id\\": \\"BO\\",
      \\"name\\": \\"Bolivia\\",
      \\"uid\\": \\"r1kl8q7cyUZ\\",
      \\"value\\": 13369037.65,
      \\"year\\": 2015,
    },
    Object {
      \\"color\\": \\"#551f65\\",
      \\"id\\": \\"BR\\",
      \\"name\\": \\"Brazil\\",
      \\"uid\\": \\"SyxlLq75JL-\\",
      \\"value\\": 168347875.98,
      \\"year\\": 2015,
    },
    Object {
      \\"color\\": \\"#5da3d9\\",
      \\"id\\": \\"BT\\",
      \\"name\\": \\"Bhutan\\",
      \\"uid\\": \\"HkbxU9m5kUZ\\",
      \\"value\\": 28618639.34,
      \\"year\\": 2015,
    },
    Object {
      \\"color\\": \\"#8f1b13\\",
      \\"id\\": \\"BW\\",
      \\"name\\": \\"Botswana\\",
      \\"uid\\": \\"HkflU9XqkL-\\",
      \\"value\\": 73801.64,
      \\"year\\": 2015,
    },
    Object {
      \\"color\\": \\"#0c457b\\",
      \\"id\\": \\"BY\\",
      \\"name\\": \\"Belarus\\",
      \\"uid\\": \\"By7g857qy8-\\",
      \\"value\\": 2302548.62,
      \\"year\\": 2015,
    },
    Object {
      \\"color\\": \\"#0089cc\\",
      \\"id\\": \\"BZ\\",
      \\"name\\": \\"Belize\\",
      \\"uid\\": \\"Sk4eI5Q9yUW\\",
      \\"value\\": 345744,
      \\"year\\": 2015,
    },
    Object {
      \\"color\\": \\"#8f1b13\\",
      \\"id\\": \\"CD\\",
      \\"name\\": \\"DRC\\",
      \\"uid\\": \\"HyHeI5m9k8b\\",
      \\"value\\": 16274356.92,
      \\"year\\": 2015,
    },
    Object {
      \\"color\\": \\"#5da3d9\\",
      \\"id\\": \\"central-asia\\",
      \\"name\\": \\"Central Asia, regional\\",
      \\"uid\\": \\"Sk8g85Q5yUZ\\",
      \\"value\\": 4285183.1,
      \\"year\\": 2015,
    },
    Object {
      \\"color\\": \\"#8f1b13\\",
      \\"id\\": \\"CF\\",
      \\"name\\": \\"CAR\\",
      \\"uid\\": \\"ryPe8cXqyLW\\",
      \\"value\\": 307208.9,
      \\"year\\": 2015,
    },
    Object {
      \\"color\\": \\"#8f1b13\\",
      \\"id\\": \\"CG\\",
      \\"name\\": \\"Congo\\",
      \\"uid\\": \\"SkOlU9QqyU-\\",
      \\"value\\": 1022158.4,
      \\"year\\": 2015,
    },
    Object {
      \\"color\\": \\"#8f1b13\\",
      \\"id\\": \\"CI\\",
      \\"name\\": \\"Côte d'Ivoire\\",
      \\"uid\\": \\"SktgI9Q5JIW\\",
      \\"value\\": 19463842.18,
      \\"year\\": 2015,
    },
    Object {
      \\"color\\": \\"#973915\\",
      \\"id\\": \\"CK\\",
      \\"name\\": \\"Cook Islands\\",
      \\"uid\\": \\"H19g8c7qkUW\\",
      \\"value\\": 939.214,
      \\"year\\": 2015,
    },
    Object {
      \\"color\\": \\"#551f65\\",
      \\"id\\": \\"CL\\",
      \\"name\\": \\"Chile\\",
      \\"uid\\": \\"SkolLq7qk8b\\",
      \\"value\\": 2791619.506,
      \\"year\\": 2015,
    },
    Object {
      \\"color\\": \\"#8f1b13\\",
      \\"id\\": \\"CM\\",
      \\"name\\": \\"Cameroon\\",
      \\"uid\\": \\"SJheLcQ9k8b\\",
      \\"value\\": 1004148.82,
      \\"year\\": 2015,
    },
    Object {
      \\"color\\": \\"#e48a00\\",
      \\"id\\": \\"CN\\",
      \\"name\\": \\"China\\",
      \\"uid\\": \\"Bk6xUqmck8Z\\",
      \\"value\\": 42420278.44,
      \\"year\\": 2015,
    },
    Object {
      \\"color\\": \\"#551f65\\",
      \\"id\\": \\"CO\\",
      \\"name\\": \\"Colombia\\",
      \\"uid\\": \\"ryCe8q7518Z\\",
      \\"value\\": 9343175.91,
      \\"year\\": 2015,
    },
    Object {
      \\"color\\": \\"#0089cc\\",
      \\"id\\": \\"CR\\",
      \\"name\\": \\"Costa Rica\\",
      \\"uid\\": \\"B1Jb8cXq18Z\\",
      \\"value\\": 12626229.23,
      \\"year\\": 2015,
    },
    Object {
      \\"color\\": \\"#0089cc\\",
      \\"id\\": \\"CU\\",
      \\"name\\": \\"Cuba\\",
      \\"uid\\": \\"BkxWLcmqJLb\\",
      \\"value\\": 647204.6,
      \\"year\\": 2015,
    },
    Object {
      \\"color\\": \\"#8f1b13\\",
      \\"id\\": \\"CV\\",
      \\"name\\": \\"Cape Verde\\",
      \\"uid\\": \\"rJW-UcQcJU-\\",
      \\"value\\": 6254131.208,
      \\"year\\": 2015,
    },
    Object {
      \\"color\\": \\"#8f1b13\\",
      \\"id\\": \\"DJ\\",
      \\"name\\": \\"Djibouti\\",
      \\"uid\\": \\"S1M-I9m51IZ\\",
      \\"value\\": 591787.7,
      \\"year\\": 2015,
    },
    Object {
      \\"color\\": \\"#0089cc\\",
      \\"id\\": \\"DM\\",
      \\"name\\": \\"Dominica\\",
      \\"uid\\": \\"H1m-Uc75JIW\\",
      \\"value\\": 38603.8,
      \\"year\\": 2015,
    },
    Object {
      \\"color\\": \\"#0089cc\\",
      \\"id\\": \\"DO\\",
      \\"name\\": \\"Dominican Republic\\",
      \\"uid\\": \\"BJVWU575y8Z\\",
      \\"value\\": 3077281.11,
      \\"year\\": 2015,
    },
    Object {
      \\"color\\": \\"#a85d00\\",
      \\"id\\": \\"DZ\\",
      \\"name\\": \\"Algeria\\",
      \\"uid\\": \\"ByS-8q75yLW\\",
      \\"value\\": 2388511.82,
      \\"year\\": 2015,
    },
    Object {
      \\"color\\": \\"#e48a00\\",
      \\"id\\": \\"east-asia\\",
      \\"name\\": \\"Far East Asia, regional\\",
      \\"uid\\": \\"SJ8-IcX5yUW\\",
      \\"value\\": 4419754.43,
      \\"year\\": 2015,
    },
    Object {
      \\"color\\": \\"#551f65\\",
      \\"id\\": \\"EC\\",
      \\"name\\": \\"Ecuador\\",
      \\"uid\\": \\"B1Db8qm91L-\\",
      \\"value\\": 11320356.35,
      \\"year\\": 2015,
    },
    Object {
      \\"color\\": \\"#a85d00\\",
      \\"id\\": \\"EG\\",
      \\"name\\": \\"Egypt\\",
      \\"uid\\": \\"BJdZU5Q5k8W\\",
      \\"value\\": 98125065.44,
      \\"year\\": 2015,
    },
    Object {
      \\"color\\": \\"#8f1b13\\",
      \\"id\\": \\"ET\\",
      \\"name\\": \\"Ethiopia\\",
      \\"uid\\": \\"ryKWU5mcJL-\\",
      \\"value\\": 32644789.736,
      \\"year\\": 2015,
    },
    Object {
      \\"color\\": \\"#0c457b\\",
      \\"id\\": \\"europe\\",
      \\"name\\": \\"Europe, regional\\",
      \\"uid\\": \\"By5bU979y8b\\",
      \\"value\\": 132792185.3806,
      \\"year\\": 2015,
    },
    Object {
      \\"color\\": \\"#973915\\",
      \\"id\\": \\"FJ\\",
      \\"name\\": \\"Fiji\\",
      \\"uid\\": \\"ryiWIqmck8b\\",
      \\"value\\": 1459519.18,
      \\"year\\": 2015,
    },
    Object {
      \\"color\\": \\"#973915\\",
      \\"id\\": \\"FM\\",
      \\"name\\": \\"Micronesia\\",
      \\"uid\\": \\"Sy2bUqQ518b\\",
      \\"value\\": 495354.714,
      \\"year\\": 2015,
    },
    Object {
      \\"color\\": \\"#8f1b13\\",
      \\"id\\": \\"GA\\",
      \\"name\\": \\"Gabon\\",
      \\"uid\\": \\"SyaWU5m5kLb\\",
      \\"value\\": 10271.5,
      \\"year\\": 2015,
    },
    Object {
      \\"color\\": \\"#0089cc\\",
      \\"id\\": \\"GD\\",
      \\"name\\": \\"Grenada\\",
      \\"uid\\": \\"rJC-UqQcJIb\\",
      \\"value\\": 3542733,
      \\"year\\": 2015,
    },
    Object {
      \\"color\\": \\"#5da3d9\\",
      \\"id\\": \\"GE\\",
      \\"name\\": \\"Georgia\\",
      \\"uid\\": \\"BJ1GUqXcJUW\\",
      \\"value\\": 39562391.917,
      \\"year\\": 2015,
    },
    Object {
      \\"color\\": \\"#8f1b13\\",
      \\"id\\": \\"GH\\",
      \\"name\\": \\"Ghana\\",
      \\"uid\\": \\"HkxGLc7518W\\",
      \\"value\\": 32467497.77,
      \\"year\\": 2015,
    },
    Object {
      \\"color\\": \\"#8f1b13\\",
      \\"id\\": \\"GM\\",
      \\"name\\": \\"Gambia\\",
      \\"uid\\": \\"HJ-fUqQqy8b\\",
      \\"value\\": 1452945.42,
      \\"year\\": 2015,
    },
    Object {
      \\"color\\": \\"#8f1b13\\",
      \\"id\\": \\"GN\\",
      \\"name\\": \\"Guinea\\",
      \\"uid\\": \\"BkzGIqQ5kU-\\",
      \\"value\\": 934372.63,
      \\"year\\": 2015,
    },
    Object {
      \\"color\\": \\"#0089cc\\",
      \\"id\\": \\"GT\\",
      \\"name\\": \\"Guatemala\\",
      \\"uid\\": \\"S17z8cX9yIZ\\",
      \\"value\\": 5605002.122,
      \\"year\\": 2015,
    },
    Object {
      \\"color\\": \\"#8f1b13\\",
      \\"id\\": \\"GW\\",
      \\"name\\": \\"Guinea-Bissau\\",
      \\"uid\\": \\"rJNf8qQ51U-\\",
      \\"value\\": 46143.7,
      \\"year\\": 2015,
    },
    Object {
      \\"color\\": \\"#551f65\\",
      \\"id\\": \\"GY\\",
      \\"name\\": \\"Guyana\\",
      \\"uid\\": \\"rkBzIqQckUb\\",
      \\"value\\": 1295003.28,
      \\"year\\": 2015,
    },
    Object {
      \\"color\\": \\"#0089cc\\",
      \\"id\\": \\"HN\\",
      \\"name\\": \\"Honduras\\",
      \\"uid\\": \\"BkIfUcX9k8b\\",
      \\"value\\": 8522645.294,
      \\"year\\": 2015,
    },
    Object {
      \\"color\\": \\"#0089cc\\",
      \\"id\\": \\"HT\\",
      \\"name\\": \\"Haiti\\",
      \\"uid\\": \\"ByvM89Xqk8b\\",
      \\"value\\": 18233170.4,
      \\"year\\": 2015,
    },
    Object {
      \\"color\\": \\"#e48a00\\",
      \\"id\\": \\"ID\\",
      \\"name\\": \\"Indonesia\\",
      \\"uid\\": \\"HJuMIcXcJUZ\\",
      \\"value\\": 24720312.97,
      \\"year\\": 2015,
    },
    Object {
      \\"color\\": \\"#5da3d9\\",
      \\"id\\": \\"IN\\",
      \\"name\\": \\"India\\",
      \\"uid\\": \\"H1tM85751I-\\",
      \\"value\\": 768204926.898,
      \\"year\\": 2015,
    },
    Object {
      \\"color\\": \\"#443e42\\",
      \\"id\\": \\"IQ\\",
      \\"name\\": \\"Iraq\\",
      \\"uid\\": \\"rkqGL5mckIb\\",
      \\"value\\": 18386636.1,
      \\"year\\": 2015,
    },
    Object {
      \\"color\\": \\"#443e42\\",
      \\"id\\": \\"IR\\",
      \\"name\\": \\"Iran\\",
      \\"uid\\": \\"HJoM8qQ51UZ\\",
      \\"value\\": 116899.11,
      \\"year\\": 2015,
    },
    Object {
      \\"color\\": \\"#0089cc\\",
      \\"id\\": \\"JM\\",
      \\"name\\": \\"Jamaica\\",
      \\"uid\\": \\"SJ2MIqX5kLb\\",
      \\"value\\": 1965869.89,
      \\"year\\": 2015,
    },
    Object {
      \\"color\\": \\"#443e42\\",
      \\"id\\": \\"JO\\",
      \\"name\\": \\"Jordan\\",
      \\"uid\\": \\"Sy6M89Qqy8Z\\",
      \\"value\\": 35249885.56,
      \\"year\\": 2015,
    },
    Object {
      \\"color\\": \\"#8f1b13\\",
      \\"id\\": \\"KE\\",
      \\"name\\": \\"Kenya\\",
      \\"uid\\": \\"Sk0MIcm5J8b\\",
      \\"value\\": 46839224.48,
      \\"year\\": 2015,
    },
    Object {
      \\"color\\": \\"#5da3d9\\",
      \\"id\\": \\"KG\\",
      \\"name\\": \\"Kyrgyzstan\\",
      \\"uid\\": \\"HJyXIqQqJIZ\\",
      \\"value\\": 23030376.709,
      \\"year\\": 2015,
    },
    Object {
      \\"color\\": \\"#e48a00\\",
      \\"id\\": \\"KH\\",
      \\"name\\": \\"Cambodia\\",
      \\"uid\\": \\"rJx78qXcJ8W\\",
      \\"value\\": 24629438.14,
      \\"year\\": 2015,
    },
    Object {
      \\"color\\": \\"#973915\\",
      \\"id\\": \\"KI\\",
      \\"name\\": \\"Kiribati\\",
      \\"uid\\": \\"HybmIcX918b\\",
      \\"value\\": 1443209.214,
      \\"year\\": 2015,
    },
    Object {
      \\"color\\": \\"#8f1b13\\",
      \\"id\\": \\"KM\\",
      \\"name\\": \\"Comoros\\",
      \\"uid\\": \\"rJG7L57cyLZ\\",
      \\"value\\": 1370129.4,
      \\"year\\": 2015,
    },
    Object {
      \\"color\\": \\"#e48a00\\",
      \\"id\\": \\"KP\\",
      \\"name\\": \\"North Korea\\",
      \\"uid\\": \\"BkmXIcXcy8b\\",
      \\"value\\": 117290,
      \\"year\\": 2015,
    },
    Object {
      \\"color\\": \\"#5da3d9\\",
      \\"id\\": \\"KZ\\",
      \\"name\\": \\"Kazakhstan\\",
      \\"uid\\": \\"r1EmLqXq1L-\\",
      \\"value\\": 844154.1,
      \\"year\\": 2015,
    },
    Object {
      \\"color\\": \\"#e48a00\\",
      \\"id\\": \\"LA\\",
      \\"name\\": \\"Lao\\",
      \\"uid\\": \\"HyBmI975JLb\\",
      \\"value\\": 6726442.83,
      \\"year\\": 2015,
    },
    Object {
      \\"color\\": \\"#443e42\\",
      \\"id\\": \\"LB\\",
      \\"name\\": \\"Lebanon\\",
      \\"uid\\": \\"SJUmUqQckU-\\",
      \\"value\\": 2767459.66,
      \\"year\\": 2015,
    },
    Object {
      \\"color\\": \\"#0089cc\\",
      \\"id\\": \\"LC\\",
      \\"name\\": \\"Saint Lucia\\",
      \\"uid\\": \\"BkPXI57qJU-\\",
      \\"value\\": 821064.9,
      \\"year\\": 2015,
    },
    Object {
      \\"color\\": \\"#5da3d9\\",
      \\"id\\": \\"LK\\",
      \\"name\\": \\"Sri Lanka\\",
      \\"uid\\": \\"ByOQL5Qck8W\\",
      \\"value\\": 101327432,
      \\"year\\": 2015,
    },
    Object {
      \\"color\\": \\"#8f1b13\\",
      \\"id\\": \\"LR\\",
      \\"name\\": \\"Liberia\\",
      \\"uid\\": \\"H1KXUc75yIZ\\",
      \\"value\\": 10308792.2,
      \\"year\\": 2015,
    },
    Object {
      \\"color\\": \\"#8f1b13\\",
      \\"id\\": \\"LS\\",
      \\"name\\": \\"Lesotho\\",
      \\"uid\\": \\"S15QIq7c1L-\\",
      \\"value\\": 736243.684,
      \\"year\\": 2015,
    },
    Object {
      \\"color\\": \\"#a85d00\\",
      \\"id\\": \\"LY\\",
      \\"name\\": \\"Libya\\",
      \\"uid\\": \\"SkjXLc7918W\\",
      \\"value\\": 425000,
      \\"year\\": 2015,
    },
    Object {
      \\"color\\": \\"#a85d00\\",
      \\"id\\": \\"MA\\",
      \\"name\\": \\"Morocco\\",
      \\"uid\\": \\"Byhm8579kIW\\",
      \\"value\\": 6284327.8,
      \\"year\\": 2015,
    },
    Object {
      \\"color\\": \\"#0c457b\\",
      \\"id\\": \\"MD\\",
      \\"name\\": \\"Moldova\\",
      \\"uid\\": \\"Sk6QU5m5yUW\\",
      \\"value\\": 8708912.119,
      \\"year\\": 2015,
    },
    Object {
      \\"color\\": \\"#0c457b\\",
      \\"id\\": \\"ME\\",
      \\"name\\": \\"Montenegro\\",
      \\"uid\\": \\"Bk0m85X5y8b\\",
      \\"value\\": 41891115.127,
      \\"year\\": 2015,
    },
    Object {
      \\"color\\": \\"#8f1b13\\",
      \\"id\\": \\"MG\\",
      \\"name\\": \\"Madagascar\\",
      \\"uid\\": \\"rkk48q7qyUZ\\",
      \\"value\\": 1640626.73,
      \\"year\\": 2015,
    },
    Object {
      \\"color\\": \\"#973915\\",
      \\"id\\": \\"MH\\",
      \\"name\\": \\"Marshall Islands\\",
      \\"uid\\": \\"H1xEI9QcyUb\\",
      \\"value\\": 41459.114,
      \\"year\\": 2015,
    },
    Object {
      \\"color\\": \\"#443e42\\",
      \\"id\\": \\"middle-east\\",
      \\"name\\": \\"Middle East, regional\\",
      \\"uid\\": \\"BkWV897qJ8b\\",
      \\"value\\": 8087092.25,
      \\"year\\": 2015,
    },
    Object {
      \\"color\\": \\"#0c457b\\",
      \\"id\\": \\"MK\\",
      \\"name\\": \\"Macedonia\\",
      \\"uid\\": \\"SJMVUcQ5yUZ\\",
      \\"value\\": 84088871.226,
      \\"year\\": 2015,
    },
    Object {
      \\"color\\": \\"#8f1b13\\",
      \\"id\\": \\"ML\\",
      \\"name\\": \\"Mali\\",
      \\"uid\\": \\"rJQEI9mckIW\\",
      \\"value\\": 16221799.81,
      \\"year\\": 2015,
    },
    Object {
      \\"color\\": \\"#5da3d9\\",
      \\"id\\": \\"MM\\",
      \\"name\\": \\"Myanmar\\",
      \\"uid\\": \\"ryE4L9m51L-\\",
      \\"value\\": 63770390.44,
      \\"year\\": 2015,
    },
    Object {
      \\"color\\": \\"#e48a00\\",
      \\"id\\": \\"MN\\",
      \\"name\\": \\"Mongolia\\",
      \\"uid\\": \\"BJHVIcX5J8-\\",
      \\"value\\": 4169854.83,
      \\"year\\": 2015,
    },
    Object {
      \\"color\\": \\"#8f1b13\\",
      \\"id\\": \\"MR\\",
      \\"name\\": \\"Mauritania\\",
      \\"uid\\": \\"H1UN89m91IW\\",
      \\"value\\": 383993.8,
      \\"year\\": 2015,
    },
    Object {
      \\"color\\": \\"#0089cc\\",
      \\"id\\": \\"MS\\",
      \\"name\\": \\"Montserrat\\",
      \\"uid\\": \\"S1DEUc7518W\\",
      \\"value\\": 1978065.2,
      \\"year\\": 2015,
    },
    Object {
      \\"color\\": \\"#8f1b13\\",
      \\"id\\": \\"MU\\",
      \\"name\\": \\"Mauritius\\",
      \\"uid\\": \\"S1O4U9Q518W\\",
      \\"value\\": 13077666,
      \\"year\\": 2015,
    },
    Object {
      \\"color\\": \\"#8f1b13\\",
      \\"id\\": \\"MW\\",
      \\"name\\": \\"Malawi\\",
      \\"uid\\": \\"ByKEUq75kIb\\",
      \\"value\\": 37376959.48,
      \\"year\\": 2015,
    },
    Object {
      \\"color\\": \\"#0089cc\\",
      \\"id\\": \\"MX\\",
      \\"name\\": \\"Mexico\\",
      \\"uid\\": \\"H1c4Lc79JL-\\",
      \\"value\\": 22214514.72,
      \\"year\\": 2015,
    },
    Object {
      \\"color\\": \\"#e48a00\\",
      \\"id\\": \\"MY\\",
      \\"name\\": \\"Malaysia\\",
      \\"uid\\": \\"B1iVI5XqyUZ\\",
      \\"value\\": 400779.476,
      \\"year\\": 2015,
    },
    Object {
      \\"color\\": \\"#8f1b13\\",
      \\"id\\": \\"MZ\\",
      \\"name\\": \\"Mozambique\\",
      \\"uid\\": \\"HynE8qX91LZ\\",
      \\"value\\": 48605094.122,
      \\"year\\": 2015,
    },
    Object {
      \\"color\\": \\"#8f1b13\\",
      \\"id\\": \\"NA\\",
      \\"name\\": \\"Namibia\\",
      \\"uid\\": \\"S1a4L5Qq1L-\\",
      \\"value\\": 2337333.124,
      \\"year\\": 2015,
    },
    Object {
      \\"color\\": \\"#8f1b13\\",
      \\"id\\": \\"NE\\",
      \\"name\\": \\"Niger\\",
      \\"uid\\": \\"SJRVIcX9yI-\\",
      \\"value\\": 2522715.23,
      \\"year\\": 2015,
    },
    Object {
      \\"color\\": \\"#8f1b13\\",
      \\"id\\": \\"NG\\",
      \\"name\\": \\"Nigeria\\",
      \\"uid\\": \\"Hk1S8cX9kL-\\",
      \\"value\\": 142631230.3,
      \\"year\\": 2015,
    },
    Object {
      \\"color\\": \\"#0089cc\\",
      \\"id\\": \\"NI\\",
      \\"name\\": \\"Nicaragua\\",
      \\"uid\\": \\"H1gBLqXqyLW\\",
      \\"value\\": 3894901.814,
      \\"year\\": 2015,
    },
    Object {
      \\"color\\": \\"#0089cc\\",
      \\"id\\": \\"north-central-america\\",
      \\"name\\": \\"North & Central America, regional\\",
      \\"uid\\": \\"H1bHL5Q9yIb\\",
      \\"value\\": 18273967.84,
      \\"year\\": 2015,
    },
    Object {
      \\"color\\": \\"#a85d00\\",
      \\"id\\": \\"north-of-sahara\\",
      \\"name\\": \\"North of Sahara, regional\\",
      \\"uid\\": \\"ryGBL5m9JUb\\",
      \\"value\\": 27914139.1,
      \\"year\\": 2015,
    },
    Object {
      \\"color\\": \\"#5da3d9\\",
      \\"id\\": \\"NP\\",
      \\"name\\": \\"Nepal\\",
      \\"uid\\": \\"rJ7BU9mq18b\\",
      \\"value\\": 129504058.946,
      \\"year\\": 2015,
    },
    Object {
      \\"color\\": \\"#973915\\",
      \\"id\\": \\"NR\\",
      \\"name\\": \\"Nauru\\",
      \\"uid\\": \\"HkNrU9Xck8W\\",
      \\"value\\": 1878.43,
      \\"year\\": 2015,
    },
    Object {
      \\"color\\": \\"#973915\\",
      \\"id\\": \\"NU\\",
      \\"name\\": \\"Niue\\",
      \\"uid\\": \\"SJHH8qQ9yI-\\",
      \\"value\\": 244977.214,
      \\"year\\": 2015,
    },
    Object {
      \\"color\\": \\"#973915\\",
      \\"id\\": \\"oceania\\",
      \\"name\\": \\"Oceania, regional\\",
      \\"uid\\": \\"ByIS8579kI-\\",
      \\"value\\": 33354918.01,
      \\"year\\": 2015,
    },
    Object {
      \\"color\\": \\"#0089cc\\",
      \\"id\\": \\"PA\\",
      \\"name\\": \\"Panama\\",
      \\"uid\\": \\"HJPHI575k8Z\\",
      \\"value\\": 245615.59,
      \\"year\\": 2015,
    },
    Object {
      \\"color\\": \\"#551f65\\",
      \\"id\\": \\"PE\\",
      \\"name\\": \\"Peru\\",
      \\"uid\\": \\"Hy_r8qXqyI-\\",
      \\"value\\": 5931588.85,
      \\"year\\": 2015,
    },
    Object {
      \\"color\\": \\"#973915\\",
      \\"id\\": \\"PG\\",
      \\"name\\": \\"Papua New Guinea\\",
      \\"uid\\": \\"HkKBI5Xc1Ub\\",
      \\"value\\": 13535371.09,
      \\"year\\": 2015,
    },
    Object {
      \\"color\\": \\"#e48a00\\",
      \\"id\\": \\"PH\\",
      \\"name\\": \\"Philippines\\",
      \\"uid\\": \\"rJqBU5Q91I-\\",
      \\"value\\": 15877269.13,
      \\"year\\": 2015,
    },
    Object {
      \\"color\\": \\"#5da3d9\\",
      \\"id\\": \\"PK\\",
      \\"name\\": \\"Pakistan\\",
      \\"uid\\": \\"HJsSI57q1I-\\",
      \\"value\\": 330598347.41,
      \\"year\\": 2015,
    },
    Object {
      \\"color\\": \\"#443e42\\",
      \\"id\\": \\"PS\\",
      \\"name\\": \\"Palestine\\",
      \\"uid\\": \\"ryhHL5m5JIb\\",
      \\"value\\": 26112343.57,
      \\"year\\": 2015,
    },
    Object {
      \\"color\\": \\"#973915\\",
      \\"id\\": \\"PW\\",
      \\"name\\": \\"Palau\\",
      \\"uid\\": \\"BkprL9X5k8-\\",
      \\"value\\": 15844.57,
      \\"year\\": 2015,
    },
    Object {
      \\"color\\": \\"#551f65\\",
      \\"id\\": \\"PY\\",
      \\"name\\": \\"Paraguay\\",
      \\"uid\\": \\"BJRSU5m5y8b\\",
      \\"value\\": 1099350.77,
      \\"year\\": 2015,
    },
    Object {
      \\"color\\": \\"#0c457b\\",
      \\"id\\": \\"RS\\",
      \\"name\\": \\"Serbia\\",
      \\"uid\\": \\"Bk1IU9XqJ8-\\",
      \\"value\\": 241271777.582,
      \\"year\\": 2015,
    },
    Object {
      \\"color\\": \\"#8f1b13\\",
      \\"id\\": \\"RW\\",
      \\"name\\": \\"Rwanda\\",
      \\"uid\\": \\"r1eL8975yIW\\",
      \\"value\\": 25106505.6,
      \\"year\\": 2015,
    },
    Object {
      \\"color\\": \\"#973915\\",
      \\"id\\": \\"SB\\",
      \\"name\\": \\"Solomon Islands\\",
      \\"uid\\": \\"Byb8UqQ5k8b\\",
      \\"value\\": 5206675.55,
      \\"year\\": 2015,
    },
    Object {
      \\"color\\": \\"#8f1b13\\",
      \\"id\\": \\"SC\\",
      \\"name\\": \\"Seychelles\\",
      \\"uid\\": \\"SyzI8cmcJIb\\",
      \\"value\\": 549156,
      \\"year\\": 2015,
    },
    Object {
      \\"color\\": \\"#8f1b13\\",
      \\"id\\": \\"SD\\",
      \\"name\\": \\"Sudan\\",
      \\"uid\\": \\"H1QU89XcyIb\\",
      \\"value\\": 143684.8,
      \\"year\\": 2015,
    },
    Object {
      \\"color\\": \\"#8f1b13\\",
      \\"id\\": \\"SL\\",
      \\"name\\": \\"Sierra Leone\\",
      \\"uid\\": \\"S1VILcXqJUZ\\",
      \\"value\\": 656365.68,
      \\"year\\": 2015,
    },
    Object {
      \\"color\\": \\"#8f1b13\\",
      \\"id\\": \\"SN\\",
      \\"name\\": \\"Senegal\\",
      \\"uid\\": \\"SkBLL5Q9JU-\\",
      \\"value\\": 8889627.2,
      \\"year\\": 2015,
    },
    Object {
      \\"color\\": \\"#8f1b13\\",
      \\"id\\": \\"SO\\",
      \\"name\\": \\"Somalia\\",
      \\"uid\\": \\"HkU88cmckLZ\\",
      \\"value\\": 16514134.7,
      \\"year\\": 2015,
    },
    Object {
      \\"color\\": \\"#551f65\\",
      \\"id\\": \\"south-america\\",
      \\"name\\": \\"South America, regional\\",
      \\"uid\\": \\"SkwLL57qJLb\\",
      \\"value\\": 5774496.159,
      \\"year\\": 2015,
    },
    Object {
      \\"color\\": \\"#5da3d9\\",
      \\"id\\": \\"south-asia\\",
      \\"name\\": \\"South Asia, regional\\",
      \\"uid\\": \\"Sk_U85mc1UW\\",
      \\"value\\": 241782.73,
      \\"year\\": 2015,
    },
    Object {
      \\"color\\": \\"#5da3d9\\",
      \\"id\\": \\"south-central-asia\\",
      \\"name\\": \\"South & Central Asia, regional\\",
      \\"uid\\": \\"SkK88qX5J8W\\",
      \\"value\\": 1747150,
      \\"year\\": 2015,
    },
    Object {
      \\"color\\": \\"#8f1b13\\",
      \\"id\\": \\"south-of-sahara\\",
      \\"name\\": \\"South of Sahara, regional\\",
      \\"uid\\": \\"rJ9ILqQqyUZ\\",
      \\"value\\": 46899623.59,
      \\"year\\": 2015,
    },
    Object {
      \\"color\\": \\"#551f65\\",
      \\"id\\": \\"SR\\",
      \\"name\\": \\"Suriname\\",
      \\"uid\\": \\"rJoI8qm5JUW\\",
      \\"value\\": 39885.06,
      \\"year\\": 2015,
    },
    Object {
      \\"color\\": \\"#8f1b13\\",
      \\"id\\": \\"SS\\",
      \\"name\\": \\"South Sudan\\",
      \\"uid\\": \\"SJhUUcQ9y8Z\\",
      \\"value\\": 5809658.54,
      \\"year\\": 2015,
    },
    Object {
      \\"color\\": \\"#8f1b13\\",
      \\"id\\": \\"ST\\",
      \\"name\\": \\"Sao Tome & Principe\\",
      \\"uid\\": \\"H1aIU5X5kIb\\",
      \\"value\\": 361445.204,
      \\"year\\": 2015,
    },
    Object {
      \\"color\\": \\"#0089cc\\",
      \\"id\\": \\"SV\\",
      \\"name\\": \\"El Salvador\\",
      \\"uid\\": \\"HJCL8q7qkLb\\",
      \\"value\\": 6738632.67,
      \\"year\\": 2015,
    },
    Object {
      \\"color\\": \\"#443e42\\",
      \\"id\\": \\"SY\\",
      \\"name\\": \\"Syria\\",
      \\"uid\\": \\"rJyw85mqkIZ\\",
      \\"value\\": 70992.8,
      \\"year\\": 2015,
    },
    Object {
      \\"color\\": \\"#8f1b13\\",
      \\"id\\": \\"SZ\\",
      \\"name\\": \\"Swaziland\\",
      \\"uid\\": \\"SkeD8cQ5JL-\\",
      \\"value\\": 12506.15,
      \\"year\\": 2015,
    },
    Object {
      \\"color\\": \\"#8f1b13\\",
      \\"id\\": \\"TD\\",
      \\"name\\": \\"Chad\\",
      \\"uid\\": \\"SkbwLqX9JU-\\",
      \\"value\\": 7991221.2,
      \\"year\\": 2015,
    },
    Object {
      \\"color\\": \\"#8f1b13\\",
      \\"id\\": \\"TG\\",
      \\"name\\": \\"Togo\\",
      \\"uid\\": \\"H1MDIcQqyLW\\",
      \\"value\\": 821350.651,
      \\"year\\": 2015,
    },
    Object {
      \\"color\\": \\"#e48a00\\",
      \\"id\\": \\"TH\\",
      \\"name\\": \\"Thailand\\",
      \\"uid\\": \\"B1Xv8qm9yI-\\",
      \\"value\\": 777547.68,
      \\"year\\": 2015,
    },
    Object {
      \\"color\\": \\"#5da3d9\\",
      \\"id\\": \\"TJ\\",
      \\"name\\": \\"Tajikistan\\",
      \\"uid\\": \\"By4wUc7q1I-\\",
      \\"value\\": 27691056.21,
      \\"year\\": 2015,
    },
    Object {
      \\"color\\": \\"#e48a00\\",
      \\"id\\": \\"TL\\",
      \\"name\\": \\"Timor-Leste\\",
      \\"uid\\": \\"BJSDLqQcJ8Z\\",
      \\"value\\": 9035489.104,
      \\"year\\": 2015,
    },
    Object {
      \\"color\\": \\"#5da3d9\\",
      \\"id\\": \\"TM\\",
      \\"name\\": \\"Turkmenistan\\",
      \\"uid\\": \\"BJLvL575kLW\\",
      \\"value\\": 2064571.773,
      \\"year\\": 2015,
    },
    Object {
      \\"color\\": \\"#a85d00\\",
      \\"id\\": \\"TN\\",
      \\"name\\": \\"Tunisia\\",
      \\"uid\\": \\"S1DwIq7q1Ub\\",
      \\"value\\": 39311383.8,
      \\"year\\": 2015,
    },
    Object {
      \\"color\\": \\"#973915\\",
      \\"id\\": \\"TO\\",
      \\"name\\": \\"Tonga\\",
      \\"uid\\": \\"HJOvIqXqyLb\\",
      \\"value\\": 816755.6,
      \\"year\\": 2015,
    },
    Object {
      \\"color\\": \\"#0c457b\\",
      \\"id\\": \\"TR\\",
      \\"name\\": \\"Turkey\\",
      \\"uid\\": \\"HyKDIcm5kLb\\",
      \\"value\\": 1291237259.8,
      \\"year\\": 2015,
    },
    Object {
      \\"color\\": \\"#973915\\",
      \\"id\\": \\"TV\\",
      \\"name\\": \\"Tuvalu\\",
      \\"uid\\": \\"S1qPUcXcyLb\\",
      \\"value\\": 939.214,
      \\"year\\": 2015,
    },
    Object {
      \\"color\\": \\"#8f1b13\\",
      \\"id\\": \\"TZ\\",
      \\"name\\": \\"Tanzania\\",
      \\"uid\\": \\"H1jv8qQ5J8b\\",
      \\"value\\": 123770519.2,
      \\"year\\": 2015,
    },
    Object {
      \\"color\\": \\"#0c457b\\",
      \\"id\\": \\"UA\\",
      \\"name\\": \\"Ukraine\\",
      \\"uid\\": \\"r13DL9m5kLW\\",
      \\"value\\": 22019223.54,
      \\"year\\": 2015,
    },
    Object {
      \\"color\\": \\"#8f1b13\\",
      \\"id\\": \\"UG\\",
      \\"name\\": \\"Uganda\\",
      \\"uid\\": \\"B1pvU9Q5k8b\\",
      \\"value\\": 24680872.361,
      \\"year\\": 2015,
    },
    Object {
      \\"color\\": \\"#551f65\\",
      \\"id\\": \\"UY\\",
      \\"name\\": \\"Uruguay\\",
      \\"uid\\": \\"ryADUcQ5JIb\\",
      \\"value\\": 831987,
      \\"year\\": 2015,
    },
    Object {
      \\"color\\": \\"#5da3d9\\",
      \\"id\\": \\"UZ\\",
      \\"name\\": \\"Uzbekistan\\",
      \\"uid\\": \\"Skku8cX518Z\\",
      \\"value\\": 5253649.45,
      \\"year\\": 2015,
    },
    Object {
      \\"color\\": \\"#0089cc\\",
      \\"id\\": \\"VC\\",
      \\"name\\": \\"Saint Vincent & the Grenadines\\",
      \\"uid\\": \\"HkluLqX9yI-\\",
      \\"value\\": 225077,
      \\"year\\": 2015,
    },
    Object {
      \\"color\\": \\"#551f65\\",
      \\"id\\": \\"VE\\",
      \\"name\\": \\"Venezuela\\",
      \\"uid\\": \\"SyW_L5QcJIW\\",
      \\"value\\": 213875.466,
      \\"year\\": 2015,
    },
    Object {
      \\"color\\": \\"#e48a00\\",
      \\"id\\": \\"VN\\",
      \\"name\\": \\"Viet Nam\\",
      \\"uid\\": \\"ByGu89Xck8-\\",
      \\"value\\": 98252759.4013,
      \\"year\\": 2015,
    },
    Object {
      \\"color\\": \\"#973915\\",
      \\"id\\": \\"VU\\",
      \\"name\\": \\"Vanuatu\\",
      \\"uid\\": \\"BJm_IcXcyUW\\",
      \\"value\\": 967696.67,
      \\"year\\": 2015,
    },
    Object {
      \\"color\\": \\"#6a6569\\",
      \\"id\\": \\"west-indies\\",
      \\"name\\": \\"West Indies, regional\\",
      \\"uid\\": \\"SkEOL97qJIb\\",
      \\"value\\": 10899765.851,
      \\"year\\": 2015,
    },
    Object {
      \\"color\\": \\"#973915\\",
      \\"id\\": \\"WS\\",
      \\"name\\": \\"Samoa\\",
      \\"uid\\": \\"SJSO89mcyIW\\",
      \\"value\\": 3402766.6,
      \\"year\\": 2015,
    },
    Object {
      \\"color\\": \\"#0c457b\\",
      \\"id\\": \\"XK\\",
      \\"name\\": \\"Kosovo\\",
      \\"uid\\": \\"ryI_IcQc1UZ\\",
      \\"value\\": 21983974.09,
      \\"year\\": 2015,
    },
    Object {
      \\"color\\": \\"#443e42\\",
      \\"id\\": \\"YE\\",
      \\"name\\": \\"Yemen\\",
      \\"uid\\": \\"S1vO8qQqkUZ\\",
      \\"value\\": 4998051.3,
      \\"year\\": 2015,
    },
    Object {
      \\"color\\": \\"#8f1b13\\",
      \\"id\\": \\"ZA\\",
      \\"name\\": \\"South Africa\\",
      \\"uid\\": \\"r1O_85m9JI-\\",
      \\"value\\": 24651092.74,
      \\"year\\": 2015,
    },
    Object {
      \\"color\\": \\"#8f1b13\\",
      \\"id\\": \\"ZM\\",
      \\"name\\": \\"Zambia\\",
      \\"uid\\": \\"HyYuUqm5y8Z\\",
      \\"value\\": 13482417.48,
      \\"year\\": 2015,
    },
    Object {
      \\"color\\": \\"#8f1b13\\",
      \\"id\\": \\"ZW\\",
      \\"name\\": \\"Zimbabwe\\",
      \\"uid\\": \\"HJ9dUqQ51IW\\",
      \\"value\\": 4997826.394,
      \\"year\\": 2015,
    },
  ],
  \\"dataC\\": Array [
    Object {
      \\"color\\": \\"#6a6569\\",
      \\"id\\": \\"mixed-project-aid\\",
      \\"name\\": \\"Mixed project aid\\",
      \\"uid\\": \\"ry_5Q9kU-\\",
      \\"value\\": 46328251839.83223,
      \\"year\\": 2015,
    },
    Object {
      \\"color\\": \\"#6a6569\\",
      \\"id\\": \\"commodities-food\\",
      \\"name\\": \\"Commodities & Food\\",
      \\"uid\\": \\"SJlO9Qq18Z\\",
      \\"value\\": 6794302501.4122,
      \\"year\\": 2015,
    },
    Object {
      \\"color\\": \\"#6a6569\\",
      \\"id\\": \\"cash-grant\\",
      \\"name\\": \\"Cash grant\\",
      \\"uid\\": \\"rJbu97cJIW\\",
      \\"value\\": 33063537563.69746,
      \\"year\\": 2015,
    },
    Object {
      \\"color\\": \\"#6a6569\\",
      \\"id\\": \\"cash-loan-equity\\",
      \\"name\\": \\"Cash (loan/equity)\\",
      \\"uid\\": \\"BJGd979kUZ\\",
      \\"value\\": 43552669362.2006,
      \\"year\\": 2015,
    },
    Object {
      \\"color\\": \\"#6a6569\\",
      \\"id\\": \\"technical-ooperation\\",
      \\"name\\": \\"Technical cooperation\\",
      \\"uid\\": \\"HyXdqX9k8Z\\",
      \\"value\\": 17232000728.31233,
      \\"year\\": 2015,
    },
    Object {
      \\"color\\": \\"#6a6569\\",
      \\"id\\": \\"gpgs-nngos\\",
      \\"name\\": \\"Global Initiatives & NNGOs\\",
      \\"uid\\": \\"S1Vd9XqJLZ\\",
      \\"value\\": 1248572483.00549,
      \\"year\\": 2015,
    },
    Object {
      \\"color\\": \\"#6a6569\\",
      \\"id\\": \\"non-transfer\\",
      \\"name\\": \\"Non-transfer\\",
      \\"uid\\": \\"S1B_qXq18b\\",
      \\"value\\": 26110923665.15419,
      \\"year\\": 2015,
    },
  ],
  \\"dataD\\": Array [
    Object {
      \\"color\\": \\"#6a6569\\",
      \\"id\\": \\"agriculture-and-food-security\\",
      \\"name\\": \\"Agriculture and food security\\",
      \\"uid\\": \\"HJ5cQ5JUW\\",
      \\"value\\": 9438143890.86641,
      \\"year\\": 2015,
    },
    Object {
      \\"color\\": \\"#6a6569\\",
      \\"id\\": \\"water-and-sanitation\\",
      \\"name\\": \\"Water and sanitation\\",
      \\"uid\\": \\"Hkgq9mc1U-\\",
      \\"value\\": 6604736326.4743,
      \\"year\\": 2015,
    },
    Object {
      \\"color\\": \\"#6a6569\\",
      \\"id\\": \\"humanitarian\\",
      \\"name\\": \\"Humanitarian\\",
      \\"uid\\": \\"H1ZcqQ5kI-\\",
      \\"value\\": 19957437092.5202,
      \\"year\\": 2015,
    },
    Object {
      \\"color\\": \\"#6a6569\\",
      \\"id\\": \\"infrastructure\\",
      \\"name\\": \\"Infrastructure\\",
      \\"uid\\": \\"r1M5q751LW\\",
      \\"value\\": 20682102996.16775,
      \\"year\\": 2015,
    },
    Object {
      \\"color\\": \\"#6a6569\\",
      \\"id\\": \\"other\\",
      \\"name\\": \\"Other\\",
      \\"uid\\": \\"r1X9cm9kI-\\",
      \\"value\\": 42646241001.91908,
      \\"year\\": 2015,
    },
    Object {
      \\"color\\": \\"#6a6569\\",
      \\"id\\": \\"governance-and-security\\",
      \\"name\\": \\"Governance and security\\",
      \\"uid\\": \\"rkN99mqyIW\\",
      \\"value\\": 15888790495.165659,
      \\"year\\": 2015,
    },
    Object {
      \\"color\\": \\"#6a6569\\",
      \\"id\\": \\"other-social-services\\",
      \\"name\\": \\"Other social services\\",
      \\"uid\\": \\"ryH55mckU-\\",
      \\"value\\": 4324515428.096105,
      \\"year\\": 2015,
    },
    Object {
      \\"color\\": \\"#6a6569\\",
      \\"id\\": \\"banking-and-business\\",
      \\"name\\": \\"Banking and business\\",
      \\"uid\\": \\"HJL9579J8-\\",
      \\"value\\": 7531812056.8731,
      \\"year\\": 2015,
    },
    Object {
      \\"color\\": \\"#6a6569\\",
      \\"id\\": \\"health\\",
      \\"name\\": \\"Health\\",
      \\"uid\\": \\"HJP5cm5J8Z\\",
      \\"value\\": 20708152269.18086,
      \\"year\\": 2015,
    },
    Object {
      \\"color\\": \\"#6a6569\\",
      \\"id\\": \\"environment\\",
      \\"name\\": \\"Environment\\",
      \\"uid\\": \\"Hk_99X5J8Z\\",
      \\"value\\": 4891914525.0459,
      \\"year\\": 2015,
    },
    Object {
      \\"color\\": \\"#6a6569\\",
      \\"id\\": \\"industry-and-trade\\",
      \\"name\\": \\"Industry and trade\\",
      \\"uid\\": \\"HkY5q7q1U-\\",
      \\"value\\": 3363750722.0179,
      \\"year\\": 2015,
    },
    Object {
      \\"color\\": \\"#6a6569\\",
      \\"id\\": \\"debt-relief\\",
      \\"name\\": \\"Debt relief\\",
      \\"uid\\": \\"ry995X918b\\",
      \\"value\\": 1812783125.56,
      \\"year\\": 2015,
    },
    Object {
      \\"color\\": \\"#6a6569\\",
      \\"id\\": \\"education\\",
      \\"name\\": \\"Education\\",
      \\"uid\\": \\"rJoc975kL-\\",
      \\"value\\": 10850501770.897232,
      \\"year\\": 2015,
    },
    Object {
      \\"color\\": \\"#6a6569\\",
      \\"id\\": \\"general-budget-support\\",
      \\"name\\": \\"General budget support\\",
      \\"uid\\": \\"B1n9qm5y8-\\",
      \\"value\\": 5629376442.83,
      \\"year\\": 2015,
    },
  ],
}"
`;

exports[`Unbundling aid DW module tests getting unbundling aid selection options 1`] = `
"Object {
  \\"buddles\\": Array [
    Object {
      \\"color\\": \\"red\\",
      \\"id\\": \\"cash-loan-equity\\",
      \\"name\\": \\"Cash (loan/equity)\\",
    },
    Object {
      \\"color\\": \\"red-light\\",
      \\"id\\": \\"cash-grant\\",
      \\"name\\": \\"Cash grant\\",
    },
    Object {
      \\"color\\": \\"purple-lighter\\",
      \\"id\\": \\"commodities-food\\",
      \\"name\\": \\"Commodities & Food\\",
    },
    Object {
      \\"color\\": \\"blue\\",
      \\"id\\": \\"gpgs-nngos\\",
      \\"name\\": \\"Global Initiatives & NNGOs\\",
    },
    Object {
      \\"color\\": \\"yellow\\",
      \\"id\\": \\"mixed-project-aid\\",
      \\"name\\": \\"Mixed project aid\\",
    },
    Object {
      \\"color\\": \\"orange\\",
      \\"id\\": \\"non-transfer\\",
      \\"name\\": \\"Non-transfer\\",
    },
    Object {
      \\"color\\": \\"blue-darker\\",
      \\"id\\": \\"technical-ooperation\\",
      \\"name\\": \\"Technical cooperation\\",
    },
    Object {
      \\"color\\": \\"grey-darker\\",
      \\"id\\": \\"export-credit\\",
      \\"name\\": \\"Export credit\\",
    },
  ],
  \\"channels\\": Array [
    Object {
      \\"id\\": \\"public-sector-unknown\\",
      \\"name\\": \\"Public sector (unknown country)\\",
    },
    Object {
      \\"id\\": \\"public-sector-donor\\",
      \\"name\\": \\"Public sector (donor government)\\",
    },
    Object {
      \\"id\\": \\"public-sector-recipient\\",
      \\"name\\": \\"Public sector (recipient government)\\",
    },
    Object {
      \\"id\\": \\"ngo-unknown\\",
      \\"name\\": \\"NGO (unknown country)\\",
    },
    Object {
      \\"id\\": \\"ngo-donor\\",
      \\"name\\": \\"NGO (donor-country based)\\",
    },
    Object {
      \\"id\\": \\"ngo-recipient\\",
      \\"name\\": \\"NGO (recipient-country based)\\",
    },
    Object {
      \\"id\\": \\"public-private-partnership\\",
      \\"name\\": \\"Public private partnership\\",
    },
    Object {
      \\"id\\": \\"multilateral\\",
      \\"name\\": \\"Multilateral\\",
    },
    Object {
      \\"id\\": \\"other\\",
      \\"name\\": \\"Other (private sector, think-tank, etc.)\\",
    },
    Object {
      \\"id\\": \\"unspecified\\",
      \\"name\\": \\"Unspecified\\",
    },
  ],
  \\"from\\": Array [
    Object {
      \\"id\\": \\"AU\\",
      \\"name\\": \\"Australia\\",
    },
    Object {
      \\"id\\": \\"AT\\",
      \\"name\\": \\"Austria\\",
    },
    Object {
      \\"id\\": \\"BE\\",
      \\"name\\": \\"Belgium\\",
    },
    Object {
      \\"id\\": \\"BG\\",
      \\"name\\": \\"Bulgaria\\",
    },
    Object {
      \\"id\\": \\"CA\\",
      \\"name\\": \\"Canada\\",
    },
    Object {
      \\"id\\": \\"HR\\",
      \\"name\\": \\"Croatia\\",
    },
    Object {
      \\"id\\": \\"CY\\",
      \\"name\\": \\"Cyprus\\",
    },
    Object {
      \\"id\\": \\"CZ\\",
      \\"name\\": \\"Czech Republic\\",
    },
    Object {
      \\"id\\": \\"DK\\",
      \\"name\\": \\"Denmark\\",
    },
    Object {
      \\"id\\": \\"EE\\",
      \\"name\\": \\"Estonia\\",
    },
    Object {
      \\"id\\": \\"FI\\",
      \\"name\\": \\"Finland\\",
    },
    Object {
      \\"id\\": \\"FR\\",
      \\"name\\": \\"France\\",
    },
    Object {
      \\"id\\": \\"DE\\",
      \\"name\\": \\"Germany\\",
    },
    Object {
      \\"id\\": \\"GR\\",
      \\"name\\": \\"Greece\\",
    },
    Object {
      \\"id\\": \\"HU\\",
      \\"name\\": \\"Hungary\\",
    },
    Object {
      \\"id\\": \\"IS\\",
      \\"name\\": \\"Iceland\\",
    },
    Object {
      \\"id\\": \\"IE\\",
      \\"name\\": \\"Ireland\\",
    },
    Object {
      \\"id\\": \\"IL\\",
      \\"name\\": \\"Israel\\",
    },
    Object {
      \\"id\\": \\"IT\\",
      \\"name\\": \\"Italy\\",
    },
    Object {
      \\"id\\": \\"JP\\",
      \\"name\\": \\"Japan\\",
    },
    Object {
      \\"id\\": \\"KZ\\",
      \\"name\\": \\"Kazakhstan\\",
    },
    Object {
      \\"id\\": \\"KR\\",
      \\"name\\": \\"Korea\\",
    },
    Object {
      \\"id\\": \\"KW\\",
      \\"name\\": \\"Kuwait\\",
    },
    Object {
      \\"id\\": \\"LV\\",
      \\"name\\": \\"Latvia\\",
    },
    Object {
      \\"id\\": \\"LI\\",
      \\"name\\": \\"Liechtenstein\\",
    },
    Object {
      \\"id\\": \\"LT\\",
      \\"name\\": \\"Lithuania\\",
    },
    Object {
      \\"id\\": \\"LU\\",
      \\"name\\": \\"Luxembourg\\",
    },
    Object {
      \\"id\\": \\"MT\\",
      \\"name\\": \\"Malta\\",
    },
    Object {
      \\"id\\": \\"NL\\",
      \\"name\\": \\"Netherlands\\",
    },
    Object {
      \\"id\\": \\"NZ\\",
      \\"name\\": \\"New Zealand\\",
    },
    Object {
      \\"id\\": \\"NO\\",
      \\"name\\": \\"Norway\\",
    },
    Object {
      \\"id\\": \\"PL\\",
      \\"name\\": \\"Poland\\",
    },
    Object {
      \\"id\\": \\"PT\\",
      \\"name\\": \\"Portugal\\",
    },
    Object {
      \\"id\\": \\"RO\\",
      \\"name\\": \\"Romania\\",
    },
    Object {
      \\"id\\": \\"RU\\",
      \\"name\\": \\"Russian Federation\\",
    },
    Object {
      \\"id\\": \\"SA\\",
      \\"name\\": \\"Saudi Arabia\\",
    },
    Object {
      \\"id\\": \\"SK\\",
      \\"name\\": \\"Slovak Republic\\",
    },
    Object {
      \\"id\\": \\"SI\\",
      \\"name\\": \\"Slovenia\\",
    },
    Object {
      \\"id\\": \\"ES\\",
      \\"name\\": \\"Spain\\",
    },
    Object {
      \\"id\\": \\"SE\\",
      \\"name\\": \\"Sweden\\",
    },
    Object {
      \\"id\\": \\"CH\\",
      \\"name\\": \\"Switzerland\\",
    },
    Object {
      \\"id\\": \\"TW\\",
      \\"name\\": \\"Taiwan\\",
    },
    Object {
      \\"id\\": \\"TH\\",
      \\"name\\": \\"Thailand\\",
    },
    Object {
      \\"id\\": \\"TL\\",
      \\"name\\": \\"Timor-Leste\\",
    },
    Object {
      \\"id\\": \\"TR\\",
      \\"name\\": \\"Turkey\\",
    },
    Object {
      \\"id\\": \\"GB\\",
      \\"name\\": \\"United Kingdom\\",
    },
    Object {
      \\"id\\": \\"AE\\",
      \\"name\\": \\"UAE\\",
    },
    Object {
      \\"id\\": \\"US\\",
      \\"name\\": \\"United States\\",
    },
  ],
  \\"sectors\\": Array [
    Object {
      \\"color\\": \\"red\\",
      \\"id\\": \\"agriculture-and-food-security\\",
      \\"name\\": \\"Agriculture and food security\\",
    },
    Object {
      \\"color\\": \\"red-light\\",
      \\"id\\": \\"banking-and-business\\",
      \\"name\\": \\"Banking and business\\",
    },
    Object {
      \\"color\\": \\"red-darker\\",
      \\"id\\": \\"debt-relief\\",
      \\"name\\": \\"Debt relief\\",
    },
    Object {
      \\"color\\": \\"grey\\",
      \\"id\\": \\"education\\",
      \\"name\\": \\"Education\\",
    },
    Object {
      \\"color\\": \\"blue\\",
      \\"id\\": \\"environment\\",
      \\"name\\": \\"Environment\\",
    },
    Object {
      \\"color\\": \\"purple\\",
      \\"id\\": \\"general-budget-support\\",
      \\"name\\": \\"General budget support\\",
    },
    Object {
      \\"color\\": \\"orange-lighter\\",
      \\"id\\": \\"governance-and-security\\",
      \\"name\\": \\"Governance and security\\",
    },
    Object {
      \\"color\\": \\"purple-darker\\",
      \\"id\\": \\"health\\",
      \\"name\\": \\"Health\\",
    },
    Object {
      \\"color\\": \\"blue-light\\",
      \\"id\\": \\"humanitarian\\",
      \\"name\\": \\"Humanitarian\\",
    },
    Object {
      \\"color\\": \\"yellow-darker\\",
      \\"id\\": \\"industry-and-trade\\",
      \\"name\\": \\"Industry and trade\\",
    },
    Object {
      \\"color\\": \\"orange-light\\",
      \\"id\\": \\"infrastructure\\",
      \\"name\\": \\"Infrastructure\\",
    },
    Object {
      \\"color\\": \\"grey-lighter\\",
      \\"id\\": \\"other\\",
      \\"name\\": \\"Other\\",
    },
    Object {
      \\"color\\": \\"blue-darker\\",
      \\"id\\": \\"other-social-services\\",
      \\"name\\": \\"Other social services\\",
    },
    Object {
      \\"color\\": \\"yellow-lighter\\",
      \\"id\\": \\"water-and-sanitation\\",
      \\"name\\": \\"Water and sanitation\\",
    },
    Object {
      \\"color\\": \\"grey-dark\\",
      \\"id\\": \\"other-sectors-grouped\\",
      \\"name\\": \\"Other sectors (grouped)\\",
    },
  ],
  \\"to\\": Array [
    Object {
      \\"id\\": \\"AF\\",
      \\"name\\": \\"Afghanistan\\",
    },
    Object {
      \\"id\\": \\"AL\\",
      \\"name\\": \\"Albania\\",
    },
    Object {
      \\"id\\": \\"DZ\\",
      \\"name\\": \\"Algeria\\",
    },
    Object {
      \\"id\\": \\"AO\\",
      \\"name\\": \\"Angola\\",
    },
    Object {
      \\"id\\": \\"AI\\",
      \\"name\\": \\"Anguilla\\",
    },
    Object {
      \\"id\\": \\"AG\\",
      \\"name\\": \\"Antigua & Barbuda\\",
    },
    Object {
      \\"id\\": \\"AR\\",
      \\"name\\": \\"Argentina\\",
    },
    Object {
      \\"id\\": \\"AM\\",
      \\"name\\": \\"Armenia\\",
    },
    Object {
      \\"id\\": \\"AZ\\",
      \\"name\\": \\"Azerbaijan\\",
    },
    Object {
      \\"id\\": \\"BH\\",
      \\"name\\": \\"Bahrain\\",
    },
    Object {
      \\"id\\": \\"BD\\",
      \\"name\\": \\"Bangladesh\\",
    },
    Object {
      \\"id\\": \\"BB\\",
      \\"name\\": \\"Barbados\\",
    },
    Object {
      \\"id\\": \\"BY\\",
      \\"name\\": \\"Belarus\\",
    },
    Object {
      \\"id\\": \\"BZ\\",
      \\"name\\": \\"Belize\\",
    },
    Object {
      \\"id\\": \\"BJ\\",
      \\"name\\": \\"Benin\\",
    },
    Object {
      \\"id\\": \\"BT\\",
      \\"name\\": \\"Bhutan\\",
    },
    Object {
      \\"id\\": \\"BO\\",
      \\"name\\": \\"Bolivia\\",
    },
    Object {
      \\"id\\": \\"BA\\",
      \\"name\\": \\"Bosnia & Herzegovina\\",
    },
    Object {
      \\"id\\": \\"BW\\",
      \\"name\\": \\"Botswana\\",
    },
    Object {
      \\"id\\": \\"BR\\",
      \\"name\\": \\"Brazil\\",
    },
    Object {
      \\"id\\": \\"BF\\",
      \\"name\\": \\"Burkina Faso\\",
    },
    Object {
      \\"id\\": \\"BI\\",
      \\"name\\": \\"Burundi\\",
    },
    Object {
      \\"id\\": \\"KH\\",
      \\"name\\": \\"Cambodia\\",
    },
    Object {
      \\"id\\": \\"CM\\",
      \\"name\\": \\"Cameroon\\",
    },
    Object {
      \\"id\\": \\"CV\\",
      \\"name\\": \\"Cape Verde\\",
    },
    Object {
      \\"id\\": \\"CF\\",
      \\"name\\": \\"CAR\\",
    },
    Object {
      \\"id\\": \\"TD\\",
      \\"name\\": \\"Chad\\",
    },
    Object {
      \\"id\\": \\"CL\\",
      \\"name\\": \\"Chile\\",
    },
    Object {
      \\"id\\": \\"CN\\",
      \\"name\\": \\"China\\",
    },
    Object {
      \\"id\\": \\"CO\\",
      \\"name\\": \\"Colombia\\",
    },
    Object {
      \\"id\\": \\"KM\\",
      \\"name\\": \\"Comoros\\",
    },
    Object {
      \\"id\\": \\"CG\\",
      \\"name\\": \\"Congo\\",
    },
    Object {
      \\"id\\": \\"CD\\",
      \\"name\\": \\"DRC\\",
    },
    Object {
      \\"id\\": \\"CK\\",
      \\"name\\": \\"Cook Islands\\",
    },
    Object {
      \\"id\\": \\"CR\\",
      \\"name\\": \\"Costa Rica\\",
    },
    Object {
      \\"id\\": \\"CI\\",
      \\"name\\": \\"Côte d'Ivoire\\",
    },
    Object {
      \\"id\\": \\"country-unspecified\\",
      \\"name\\": \\"Country not specified\\",
    },
    Object {
      \\"id\\": \\"CU\\",
      \\"name\\": \\"Cuba\\",
    },
    Object {
      \\"id\\": \\"DJ\\",
      \\"name\\": \\"Djibouti\\",
    },
    Object {
      \\"id\\": \\"DM\\",
      \\"name\\": \\"Dominica\\",
    },
    Object {
      \\"id\\": \\"DO\\",
      \\"name\\": \\"Dominican Republic\\",
    },
    Object {
      \\"id\\": \\"EC\\",
      \\"name\\": \\"Ecuador\\",
    },
    Object {
      \\"id\\": \\"EG\\",
      \\"name\\": \\"Egypt\\",
    },
    Object {
      \\"id\\": \\"SV\\",
      \\"name\\": \\"El Salvador\\",
    },
    Object {
      \\"id\\": \\"GQ\\",
      \\"name\\": \\"Equatorial Guinea\\",
    },
    Object {
      \\"id\\": \\"ER\\",
      \\"name\\": \\"Eritrea\\",
    },
    Object {
      \\"id\\": \\"ET\\",
      \\"name\\": \\"Ethiopia\\",
    },
    Object {
      \\"id\\": \\"FJ\\",
      \\"name\\": \\"Fiji\\",
    },
    Object {
      \\"id\\": \\"GA\\",
      \\"name\\": \\"Gabon\\",
    },
    Object {
      \\"id\\": \\"GM\\",
      \\"name\\": \\"Gambia\\",
    },
    Object {
      \\"id\\": \\"GE\\",
      \\"name\\": \\"Georgia\\",
    },
    Object {
      \\"id\\": \\"GH\\",
      \\"name\\": \\"Ghana\\",
    },
    Object {
      \\"id\\": \\"GD\\",
      \\"name\\": \\"Grenada\\",
    },
    Object {
      \\"id\\": \\"GT\\",
      \\"name\\": \\"Guatemala\\",
    },
    Object {
      \\"id\\": \\"GN\\",
      \\"name\\": \\"Guinea\\",
    },
    Object {
      \\"id\\": \\"GW\\",
      \\"name\\": \\"Guinea-Bissau\\",
    },
    Object {
      \\"id\\": \\"GY\\",
      \\"name\\": \\"Guyana\\",
    },
    Object {
      \\"id\\": \\"HT\\",
      \\"name\\": \\"Haiti\\",
    },
    Object {
      \\"id\\": \\"HN\\",
      \\"name\\": \\"Honduras\\",
    },
    Object {
      \\"id\\": \\"IN\\",
      \\"name\\": \\"India\\",
    },
    Object {
      \\"id\\": \\"ID\\",
      \\"name\\": \\"Indonesia\\",
    },
    Object {
      \\"id\\": \\"IR\\",
      \\"name\\": \\"Iran\\",
    },
    Object {
      \\"id\\": \\"IQ\\",
      \\"name\\": \\"Iraq\\",
    },
    Object {
      \\"id\\": \\"JM\\",
      \\"name\\": \\"Jamaica\\",
    },
    Object {
      \\"id\\": \\"JO\\",
      \\"name\\": \\"Jordan\\",
    },
    Object {
      \\"id\\": \\"KZ\\",
      \\"name\\": \\"Kazakhstan\\",
    },
    Object {
      \\"id\\": \\"KE\\",
      \\"name\\": \\"Kenya\\",
    },
    Object {
      \\"id\\": \\"KI\\",
      \\"name\\": \\"Kiribati\\",
    },
    Object {
      \\"id\\": \\"KP\\",
      \\"name\\": \\"North Korea\\",
    },
    Object {
      \\"id\\": \\"XK\\",
      \\"name\\": \\"Kosovo\\",
    },
    Object {
      \\"id\\": \\"KG\\",
      \\"name\\": \\"Kyrgyzstan\\",
    },
    Object {
      \\"id\\": \\"LA\\",
      \\"name\\": \\"Lao\\",
    },
    Object {
      \\"id\\": \\"LB\\",
      \\"name\\": \\"Lebanon\\",
    },
    Object {
      \\"id\\": \\"LS\\",
      \\"name\\": \\"Lesotho\\",
    },
    Object {
      \\"id\\": \\"LR\\",
      \\"name\\": \\"Liberia\\",
    },
    Object {
      \\"id\\": \\"LY\\",
      \\"name\\": \\"Libya\\",
    },
    Object {
      \\"id\\": \\"MK\\",
      \\"name\\": \\"Macedonia\\",
    },
    Object {
      \\"id\\": \\"MG\\",
      \\"name\\": \\"Madagascar\\",
    },
    Object {
      \\"id\\": \\"MW\\",
      \\"name\\": \\"Malawi\\",
    },
    Object {
      \\"id\\": \\"MY\\",
      \\"name\\": \\"Malaysia\\",
    },
    Object {
      \\"id\\": \\"MV\\",
      \\"name\\": \\"Maldives\\",
    },
    Object {
      \\"id\\": \\"ML\\",
      \\"name\\": \\"Mali\\",
    },
    Object {
      \\"id\\": \\"MH\\",
      \\"name\\": \\"Marshall Islands\\",
    },
    Object {
      \\"id\\": \\"MR\\",
      \\"name\\": \\"Mauritania\\",
    },
    Object {
      \\"id\\": \\"MU\\",
      \\"name\\": \\"Mauritius\\",
    },
    Object {
      \\"id\\": \\"YT\\",
      \\"name\\": \\"Mayotte\\",
    },
    Object {
      \\"id\\": \\"MX\\",
      \\"name\\": \\"Mexico\\",
    },
    Object {
      \\"id\\": \\"FM\\",
      \\"name\\": \\"Micronesia\\",
    },
    Object {
      \\"id\\": \\"MD\\",
      \\"name\\": \\"Moldova\\",
    },
    Object {
      \\"id\\": \\"MN\\",
      \\"name\\": \\"Mongolia\\",
    },
    Object {
      \\"id\\": \\"ME\\",
      \\"name\\": \\"Montenegro\\",
    },
    Object {
      \\"id\\": \\"MS\\",
      \\"name\\": \\"Montserrat\\",
    },
    Object {
      \\"id\\": \\"MA\\",
      \\"name\\": \\"Morocco\\",
    },
    Object {
      \\"id\\": \\"MZ\\",
      \\"name\\": \\"Mozambique\\",
    },
    Object {
      \\"id\\": \\"MM\\",
      \\"name\\": \\"Myanmar\\",
    },
    Object {
      \\"id\\": \\"NA\\",
      \\"name\\": \\"Namibia\\",
    },
    Object {
      \\"id\\": \\"NR\\",
      \\"name\\": \\"Nauru\\",
    },
    Object {
      \\"id\\": \\"NP\\",
      \\"name\\": \\"Nepal\\",
    },
    Object {
      \\"id\\": \\"NI\\",
      \\"name\\": \\"Nicaragua\\",
    },
    Object {
      \\"id\\": \\"NE\\",
      \\"name\\": \\"Niger\\",
    },
    Object {
      \\"id\\": \\"NG\\",
      \\"name\\": \\"Nigeria\\",
    },
    Object {
      \\"id\\": \\"NU\\",
      \\"name\\": \\"Niue\\",
    },
    Object {
      \\"id\\": \\"OM\\",
      \\"name\\": \\"Oman\\",
    },
    Object {
      \\"id\\": \\"PK\\",
      \\"name\\": \\"Pakistan\\",
    },
    Object {
      \\"id\\": \\"PW\\",
      \\"name\\": \\"Palau\\",
    },
    Object {
      \\"id\\": \\"PS\\",
      \\"name\\": \\"Palestine\\",
    },
    Object {
      \\"id\\": \\"PA\\",
      \\"name\\": \\"Panama\\",
    },
    Object {
      \\"id\\": \\"PG\\",
      \\"name\\": \\"Papua New Guinea\\",
    },
    Object {
      \\"id\\": \\"PY\\",
      \\"name\\": \\"Paraguay\\",
    },
    Object {
      \\"id\\": \\"PE\\",
      \\"name\\": \\"Peru\\",
    },
    Object {
      \\"id\\": \\"PH\\",
      \\"name\\": \\"Philippines\\",
    },
    Object {
      \\"id\\": \\"RW\\",
      \\"name\\": \\"Rwanda\\",
    },
    Object {
      \\"id\\": \\"SH\\",
      \\"name\\": \\"Saint Helena, Ascension & Tristan da Cunha\\",
    },
    Object {
      \\"id\\": \\"KN\\",
      \\"name\\": \\"Saint Kitts and Nevis\\",
    },
    Object {
      \\"id\\": \\"LC\\",
      \\"name\\": \\"Saint Lucia\\",
    },
    Object {
      \\"id\\": \\"VC\\",
      \\"name\\": \\"Saint Vincent & the Grenadines\\",
    },
    Object {
      \\"id\\": \\"WS\\",
      \\"name\\": \\"Samoa\\",
    },
    Object {
      \\"id\\": \\"ST\\",
      \\"name\\": \\"Sao Tome & Principe\\",
    },
    Object {
      \\"id\\": \\"SN\\",
      \\"name\\": \\"Senegal\\",
    },
    Object {
      \\"id\\": \\"RS\\",
      \\"name\\": \\"Serbia\\",
    },
    Object {
      \\"id\\": \\"SC\\",
      \\"name\\": \\"Seychelles\\",
    },
    Object {
      \\"id\\": \\"SL\\",
      \\"name\\": \\"Sierra Leone\\",
    },
    Object {
      \\"id\\": \\"SB\\",
      \\"name\\": \\"Solomon Islands\\",
    },
    Object {
      \\"id\\": \\"SO\\",
      \\"name\\": \\"Somalia\\",
    },
    Object {
      \\"id\\": \\"ZA\\",
      \\"name\\": \\"South Africa\\",
    },
    Object {
      \\"id\\": \\"SS\\",
      \\"name\\": \\"South Sudan\\",
    },
    Object {
      \\"id\\": \\"LK\\",
      \\"name\\": \\"Sri Lanka\\",
    },
    Object {
      \\"id\\": \\"SD\\",
      \\"name\\": \\"Sudan\\",
    },
    Object {
      \\"id\\": \\"SR\\",
      \\"name\\": \\"Suriname\\",
    },
    Object {
      \\"id\\": \\"SZ\\",
      \\"name\\": \\"Swaziland\\",
    },
    Object {
      \\"id\\": \\"SY\\",
      \\"name\\": \\"Syria\\",
    },
    Object {
      \\"id\\": \\"TJ\\",
      \\"name\\": \\"Tajikistan\\",
    },
    Object {
      \\"id\\": \\"TZ\\",
      \\"name\\": \\"Tanzania\\",
    },
    Object {
      \\"id\\": \\"TH\\",
      \\"name\\": \\"Thailand\\",
    },
    Object {
      \\"id\\": \\"TL\\",
      \\"name\\": \\"Timor-Leste\\",
    },
    Object {
      \\"id\\": \\"TG\\",
      \\"name\\": \\"Togo\\",
    },
    Object {
      \\"id\\": \\"TK\\",
      \\"name\\": \\"Tokelau\\",
    },
    Object {
      \\"id\\": \\"TO\\",
      \\"name\\": \\"Tonga\\",
    },
    Object {
      \\"id\\": \\"TT\\",
      \\"name\\": \\"Trinidad & Tobago\\",
    },
    Object {
      \\"id\\": \\"TN\\",
      \\"name\\": \\"Tunisia\\",
    },
    Object {
      \\"id\\": \\"TR\\",
      \\"name\\": \\"Turkey\\",
    },
    Object {
      \\"id\\": \\"TM\\",
      \\"name\\": \\"Turkmenistan\\",
    },
    Object {
      \\"id\\": \\"TC\\",
      \\"name\\": \\"Turks & Caicos Islands\\",
    },
    Object {
      \\"id\\": \\"TV\\",
      \\"name\\": \\"Tuvalu\\",
    },
    Object {
      \\"id\\": \\"UG\\",
      \\"name\\": \\"Uganda\\",
    },
    Object {
      \\"id\\": \\"UA\\",
      \\"name\\": \\"Ukraine\\",
    },
    Object {
      \\"id\\": \\"UY\\",
      \\"name\\": \\"Uruguay\\",
    },
    Object {
      \\"id\\": \\"UZ\\",
      \\"name\\": \\"Uzbekistan\\",
    },
    Object {
      \\"id\\": \\"VU\\",
      \\"name\\": \\"Vanuatu\\",
    },
    Object {
      \\"id\\": \\"VE\\",
      \\"name\\": \\"Venezuela\\",
    },
    Object {
      \\"id\\": \\"VN\\",
      \\"name\\": \\"Viet Nam\\",
    },
    Object {
      \\"id\\": \\"WF\\",
      \\"name\\": \\"Wallis & Futuna\\",
    },
    Object {
      \\"id\\": \\"YE\\",
      \\"name\\": \\"Yemen\\",
    },
    Object {
      \\"id\\": \\"ZM\\",
      \\"name\\": \\"Zambia\\",
    },
    Object {
      \\"id\\": \\"ZW\\",
      \\"name\\": \\"Zimbabwe\\",
    },
  ],
  \\"years\\": Array [
    2006,
    2007,
    2008,
    2009,
    2010,
    2011,
    2012,
    2013,
    2014,
  ],
}"
`;

exports[`Unbundling aid DW module tests should create sql query args for getting data 1`] = `
"Object {
  \\"year\\": 2015,
}"
`;
