// Jest Snapshot v1, https://goo.gl/fbAQLP

exports[`Unbundling aid DW module tests getting unbundling aid data of various types 1`] = `
"Object {
  \\"dataA\\": Array [
    Object {
      \\"color\\": \\"#0089cc\\",
      \\"id\\": \\"VC\\",
      \\"name\\": \\"Saint Vincent & the Grenadines\\",
      \\"uid\\": \\"Hy22Lcl8Z\\",
      \\"value\\": 18457245.90771,
      \\"year\\": 2015,
    },
    Object {
      \\"color\\": \\"#5da3d9\\",
      \\"id\\": \\"LK\\",
      \\"name\\": \\"Sri Lanka\\",
      \\"uid\\": \\"Bkln2L5eU-\\",
      \\"value\\": 826930044.611,
      \\"year\\": 2015,
    },
    Object {
      \\"color\\": \\"#8f1b13\\",
      \\"id\\": \\"GA\\",
      \\"name\\": \\"Gabon\\",
      \\"uid\\": \\"SyZ32Ucl8W\\",
      \\"value\\": 116481813.4694,
      \\"year\\": 2015,
    },
    Object {
      \\"color\\": \\"#a85d00\\",
      \\"id\\": \\"DZ\\",
      \\"name\\": \\"Algeria\\",
      \\"uid\\": \\"Hyz33U5g8-\\",
      \\"value\\": 193714386.267,
      \\"year\\": 2015,
    },
    Object {
      \\"color\\": \\"#443e42\\",
      \\"id\\": \\"JO\\",
      \\"name\\": \\"Jordan\\",
      \\"uid\\": \\"rkQ22L5g8W\\",
      \\"value\\": 2388276979.1674,
      \\"year\\": 2015,
    },
    Object {
      \\"color\\": \\"#551f65\\",
      \\"id\\": \\"BO\\",
      \\"name\\": \\"Bolivia\\",
      \\"uid\\": \\"HJNh28ce8-\\",
      \\"value\\": 842094205.5298926,
      \\"year\\": 2015,
    },
    Object {
      \\"color\\": \\"#8f1b13\\",
      \\"id\\": \\"MR\\",
      \\"name\\": \\"Mauritania\\",
      \\"uid\\": \\"BJBhn89gLZ\\",
      \\"value\\": 388129980.703,
      \\"year\\": 2015,
    },
    Object {
      \\"color\\": \\"#8f1b13\\",
      \\"id\\": \\"MU\\",
      \\"name\\": \\"Mauritius\\",
      \\"uid\\": \\"ryIh3U5lU-\\",
      \\"value\\": 119394652.4985,
      \\"year\\": 2015,
    },
    Object {
      \\"color\\": \\"#551f65\\",
      \\"id\\": \\"UY\\",
      \\"name\\": \\"Uruguay\\",
      \\"uid\\": \\"S1P33I5gLb\\",
      \\"value\\": 48171048.01081,
      \\"year\\": 2015,
    },
    Object {
      \\"color\\": \\"#973915\\",
      \\"id\\": \\"TK\\",
      \\"name\\": \\"Tokelau\\",
      \\"uid\\": \\"Hku32I9e8W\\",
      \\"value\\": 8731220.573,
      \\"year\\": 2015,
    },
    Object {
      \\"color\\": \\"#973915\\",
      \\"id\\": \\"PW\\",
      \\"name\\": \\"Palau\\",
      \\"uid\\": \\"S1K2nI5gUW\\",
      \\"value\\": 13930459.629,
      \\"year\\": 2015,
    },
    Object {
      \\"color\\": \\"#973915\\",
      \\"id\\": \\"TV\\",
      \\"name\\": \\"Tuvalu\\",
      \\"uid\\": \\"ry9nhL9xUb\\",
      \\"value\\": 50114839.718,
      \\"year\\": 2015,
    },
    Object {
      \\"color\\": \\"#5da3d9\\",
      \\"id\\": \\"TJ\\",
      \\"name\\": \\"Tajikistan\\",
      \\"uid\\": \\"rJi3hU5gIW\\",
      \\"value\\": 472227879.329,
      \\"year\\": 2015,
    },
    Object {
      \\"color\\": \\"#0089cc\\",
      \\"id\\": \\"MX\\",
      \\"name\\": \\"Mexico\\",
      \\"uid\\": \\"S12hhIqx8Z\\",
      \\"value\\": 503949823.98621,
      \\"year\\": 2015,
    },
    Object {
      \\"color\\": \\"#e48a00\\",
      \\"id\\": \\"LA\\",
      \\"name\\": \\"Lao\\",
      \\"uid\\": \\"ry62nLcxIZ\\",
      \\"value\\": 538885900.5471,
      \\"year\\": 2015,
    },
    Object {
      \\"color\\": \\"#973915\\",
      \\"id\\": \\"FJ\\",
      \\"name\\": \\"Fiji\\",
      \\"uid\\": \\"HJ02385gLb\\",
      \\"value\\": 103492891.8839,
      \\"year\\": 2015,
    },
    Object {
      \\"color\\": \\"#5da3d9\\",
      \\"id\\": \\"BD\\",
      \\"name\\": \\"Bangladesh\\",
      \\"uid\\": \\"HJyg3hUcxIW\\",
      \\"value\\": 3189680896.0088,
      \\"year\\": 2015,
    },
    Object {
      \\"color\\": \\"#0089cc\\",
      \\"id\\": \\"AG\\",
      \\"name\\": \\"Antigua & Barbuda\\",
      \\"uid\\": \\"SygxhhUqx8Z\\",
      \\"value\\": 2742702.971,
      \\"year\\": 2015,
    },
    Object {
      \\"color\\": \\"#0089cc\\",
      \\"id\\": \\"HT\\",
      \\"name\\": \\"Haiti\\",
      \\"uid\\": \\"ry-x2hL9e8Z\\",
      \\"value\\": 1054701060.8712,
      \\"year\\": 2015,
    },
    Object {
      \\"color\\": \\"#0089cc\\",
      \\"id\\": \\"BZ\\",
      \\"name\\": \\"Belize\\",
      \\"uid\\": \\"Syfx2nU9gIZ\\",
      \\"value\\": 34633893.0491,
      \\"year\\": 2015,
    },
    Object {
      \\"color\\": \\"#8f1b13\\",
      \\"id\\": \\"SC\\",
      \\"name\\": \\"Seychelles\\",
      \\"uid\\": \\"r1Qg3nLqeUW\\",
      \\"value\\": 11411050.954,
      \\"year\\": 2015,
    },
    Object {
      \\"color\\": \\"#8f1b13\\",
      \\"id\\": \\"ZW\\",
      \\"name\\": \\"Zimbabwe\\",
      \\"uid\\": \\"rJNgn3IcxUb\\",
      \\"value\\": 814965906.1001,
      \\"year\\": 2015,
    },
    Object {
      \\"color\\": \\"#8f1b13\\",
      \\"id\\": \\"GM\\",
      \\"name\\": \\"Gambia\\",
      \\"uid\\": \\"BJHxh3LcgIW\\",
      \\"value\\": 128791668.354,
      \\"year\\": 2015,
    },
    Object {
      \\"color\\": \\"#8f1b13\\",
      \\"id\\": \\"CM\\",
      \\"name\\": \\"Cameroon\\",
      \\"uid\\": \\"BkLx23Lqe8b\\",
      \\"value\\": 729258301.799,
      \\"year\\": 2015,
    },
    Object {
      \\"color\\": \\"#0c457b\\",
      \\"id\\": \\"BA\\",
      \\"name\\": \\"Bosnia & Herzegovina\\",
      \\"uid\\": \\"HyDxh2IqgLb\\",
      \\"value\\": 517970213.1829,
      \\"year\\": 2015,
    },
    Object {
      \\"color\\": \\"#0c457b\\",
      \\"id\\": \\"ex-yugoslavia\\",
      \\"name\\": \\"States Ex-Yugoslavia unspecified\\",
      \\"uid\\": \\"ryOlnh8qxUb\\",
      \\"value\\": 6439929.625,
      \\"year\\": 2015,
    },
    Object {
      \\"color\\": \\"#8f1b13\\",
      \\"id\\": \\"ZA\\",
      \\"name\\": \\"South Africa\\",
      \\"uid\\": \\"HyFxnnLcxLZ\\",
      \\"value\\": 1545643546.2013,
      \\"year\\": 2015,
    },
    Object {
      \\"color\\": \\"#5da3d9\\",
      \\"id\\": \\"BT\\",
      \\"name\\": \\"Bhutan\\",
      \\"uid\\": \\"B19x3nIclLb\\",
      \\"value\\": 107773434.1609,
      \\"year\\": 2015,
    },
    Object {
      \\"color\\": \\"#8f1b13\\",
      \\"id\\": \\"LS\\",
      \\"name\\": \\"Lesotho\\",
      \\"uid\\": \\"SJox22UceUW\\",
      \\"value\\": 103623883.45242,
      \\"year\\": 2015,
    },
    Object {
      \\"color\\": \\"#973915\\",
      \\"id\\": \\"NU\\",
      \\"name\\": \\"Niue\\",
      \\"uid\\": \\"Sy3g2nI9g8b\\",
      \\"value\\": 19537000.68571,
      \\"year\\": 2015,
    },
    Object {
      \\"color\\": \\"#8f1b13\\",
      \\"id\\": \\"CD\\",
      \\"name\\": \\"DRC\\",
      \\"uid\\": \\"rJTg3nLclI-\\",
      \\"value\\": 2719315269.8767,
      \\"year\\": 2015,
    },
    Object {
      \\"color\\": \\"#8f1b13\\",
      \\"id\\": \\"NE\\",
      \\"name\\": \\"Niger\\",
      \\"uid\\": \\"rJRg32UqeU-\\",
      \\"value\\": 899221530.5393,
      \\"year\\": 2015,
    },
    Object {
      \\"color\\": \\"#5da3d9\\",
      \\"id\\": \\"PK\\",
      \\"name\\": \\"Pakistan\\",
      \\"uid\\": \\"SyyZhhIclLb\\",
      \\"value\\": 4362842226.27594,
      \\"year\\": 2015,
    },
    Object {
      \\"color\\": \\"#0089cc\\",
      \\"id\\": \\"CU\\",
      \\"name\\": \\"Cuba\\",
      \\"uid\\": \\"Hke-n28cgU-\\",
      \\"value\\": 559270119.679,
      \\"year\\": 2015,
    },
    Object {
      \\"color\\": \\"#0089cc\\",
      \\"id\\": \\"north-central-america\\",
      \\"name\\": \\"North & Central America, regional\\",
      \\"uid\\": \\"rk--n3L5gIb\\",
      \\"value\\": 438882212.677,
      \\"year\\": 2015,
    },
    Object {
      \\"color\\": \\"#0c457b\\",
      \\"id\\": \\"TR\\",
      \\"name\\": \\"Turkey\\",
      \\"uid\\": \\"r1MbnnIqgLb\\",
      \\"value\\": 3194422279.66473,
      \\"year\\": 2015,
    },
    Object {
      \\"color\\": \\"#8f1b13\\",
      \\"id\\": \\"DJ\\",
      \\"name\\": \\"Djibouti\\",
      \\"uid\\": \\"S17-h289gUZ\\",
      \\"value\\": 194242955.6511,
      \\"year\\": 2015,
    },
    Object {
      \\"color\\": \\"#8f1b13\\",
      \\"id\\": \\"ML\\",
      \\"name\\": \\"Mali\\",
      \\"uid\\": \\"r14-32I9xLW\\",
      \\"value\\": 1281947313.4604,
      \\"year\\": 2015,
    },
    Object {
      \\"color\\": \\"#0089cc\\",
      \\"id\\": \\"GD\\",
      \\"name\\": \\"Grenada\\",
      \\"uid\\": \\"BkH-nnL5e8Z\\",
      \\"value\\": 35756377.725,
      \\"year\\": 2015,
    },
    Object {
      \\"color\\": \\"#0c457b\\",
      \\"id\\": \\"BY\\",
      \\"name\\": \\"Belarus\\",
      \\"uid\\": \\"SyI-n3LcxLW\\",
      \\"value\\": 109513117.5573,
      \\"year\\": 2015,
    },
    Object {
      \\"color\\": \\"#973915\\",
      \\"id\\": \\"TO\\",
      \\"name\\": \\"Tonga\\",
      \\"uid\\": \\"Bkwb2289eUZ\\",
      \\"value\\": 71096127.77371,
      \\"year\\": 2015,
    },
    Object {
      \\"color\\": \\"#a85d00\\",
      \\"id\\": \\"EG\\",
      \\"name\\": \\"Egypt\\",
      \\"uid\\": \\"SyO-nnIclUZ\\",
      \\"value\\": 3539847389.1095,
      \\"year\\": 2015,
    },
    Object {
      \\"color\\": \\"#5da3d9\\",
      \\"id\\": \\"UZ\\",
      \\"name\\": \\"Uzbekistan\\",
      \\"uid\\": \\"HyKbn3I9lIZ\\",
      \\"value\\": 501623935.7203,
      \\"year\\": 2015,
    },
    Object {
      \\"color\\": \\"#0c457b\\",
      \\"id\\": \\"ME\\",
      \\"name\\": \\"Montenegro\\",
      \\"uid\\": \\"rJcWnh8qeLZ\\",
      \\"value\\": 139980604.0061,
      \\"year\\": 2015,
    },
    Object {
      \\"color\\": \\"#8f1b13\\",
      \\"id\\": \\"CI\\",
      \\"name\\": \\"Côte d'Ivoire\\",
      \\"uid\\": \\"SJoWnnUceIW\\",
      \\"value\\": 989243688.3326,
      \\"year\\": 2015,
    },
    Object {
      \\"color\\": \\"#8f1b13\\",
      \\"id\\": \\"MZ\\",
      \\"name\\": \\"Mozambique\\",
      \\"uid\\": \\"Syh-nhU5lUW\\",
      \\"value\\": 1955340081.03731,
      \\"year\\": 2015,
    },
    Object {
      \\"color\\": \\"#973915\\",
      \\"id\\": \\"PG\\",
      \\"name\\": \\"Papua New Guinea\\",
      \\"uid\\": \\"ByaZnhL9gLZ\\",
      \\"value\\": 627657487.7786,
      \\"year\\": 2015,
    },
    Object {
      \\"color\\": \\"#6a6569\\",
      \\"id\\": \\"bilateral-unspecified\\",
      \\"name\\": \\"Bilateral, unspecified\\",
      \\"uid\\": \\"B10-32L9lLb\\",
      \\"value\\": 38027520288.1302,
      \\"year\\": 2015,
    },
    Object {
      \\"color\\": \\"#5da3d9\\",
      \\"id\\": \\"KZ\\",
      \\"name\\": \\"Kazakhstan\\",
      \\"uid\\": \\"B11M23IqlL-\\",
      \\"value\\": 131148137.981,
      \\"year\\": 2015,
    },
    Object {
      \\"color\\": \\"#443e42\\",
      \\"id\\": \\"middle-east\\",
      \\"name\\": \\"Middle East, regional\\",
      \\"uid\\": \\"Sklz2hI5eLZ\\",
      \\"value\\": 6144011563.8911,
      \\"year\\": 2015,
    },
    Object {
      \\"color\\": \\"#e48a00\\",
      \\"id\\": \\"KP\\",
      \\"name\\": \\"North Korea\\",
      \\"uid\\": \\"BJ-G238cgUb\\",
      \\"value\\": 133805781.14,
      \\"year\\": 2015,
    },
    Object {
      \\"color\\": \\"#8f1b13\\",
      \\"id\\": \\"AO\\",
      \\"name\\": \\"Angola\\",
      \\"uid\\": \\"rJMM33UceIb\\",
      \\"value\\": 453352309.8251,
      \\"year\\": 2015,
    },
    Object {
      \\"color\\": \\"#5da3d9\\",
      \\"id\\": \\"south-central-asia\\",
      \\"name\\": \\"South & Central Asia, regional\\",
      \\"uid\\": \\"B17f3h85eIb\\",
      \\"value\\": 202583327.518,
      \\"year\\": 2015,
    },
    Object {
      \\"color\\": \\"#551f65\\",
      \\"id\\": \\"BR\\",
      \\"name\\": \\"Brazil\\",
      \\"uid\\": \\"ryNMn2I9x8Z\\",
      \\"value\\": 1182749705.58154,
      \\"year\\": 2015,
    },
    Object {
      \\"color\\": \\"#551f65\\",
      \\"id\\": \\"AR\\",
      \\"name\\": \\"Argentina\\",
      \\"uid\\": \\"Byrf23I5eLb\\",
      \\"value\\": 147172988.2654,
      \\"year\\": 2015,
    },
    Object {
      \\"color\\": \\"#5da3d9\\",
      \\"id\\": \\"MM\\",
      \\"name\\": \\"Myanmar\\",
      \\"uid\\": \\"B1If2nIql8W\\",
      \\"value\\": 1222794363.39981,
      \\"year\\": 2015,
    },
    Object {
      \\"color\\": \\"#8f1b13\\",
      \\"id\\": \\"SZ\\",
      \\"name\\": \\"Swaziland\\",
      \\"uid\\": \\"Hkwf3nL5e8b\\",
      \\"value\\": 105317784.10771,
      \\"year\\": 2015,
    },
    Object {
      \\"color\\": \\"#0089cc\\",
      \\"id\\": \\"MS\\",
      \\"name\\": \\"Montserrat\\",
      \\"uid\\": \\"ry_M238qxIZ\\",
      \\"value\\": 53091931.491,
      \\"year\\": 2015,
    },
    Object {
      \\"color\\": \\"#551f65\\",
      \\"id\\": \\"GY\\",
      \\"name\\": \\"Guyana\\",
      \\"uid\\": \\"BkYG33U5l8b\\",
      \\"value\\": 61724729.6483,
      \\"year\\": 2015,
    },
    Object {
      \\"color\\": \\"#e48a00\\",
      \\"id\\": \\"east-asia\\",
      \\"name\\": \\"Far East Asia, regional\\",
      \\"uid\\": \\"SkcGn3Uqx8-\\",
      \\"value\\": 317186259.7038,
      \\"year\\": 2015,
    },
    Object {
      \\"color\\": \\"#e48a00\\",
      \\"id\\": \\"TL\\",
      \\"name\\": \\"Timor-Leste\\",
      \\"uid\\": \\"HJofhh85l8b\\",
      \\"value\\": 212511523.13481,
      \\"year\\": 2015,
    },
    Object {
      \\"color\\": \\"#973915\\",
      \\"id\\": \\"CK\\",
      \\"name\\": \\"Cook Islands\\",
      \\"uid\\": \\"Sk2fhhIqlIb\\",
      \\"value\\": 26537347.239,
      \\"year\\": 2015,
    },
    Object {
      \\"color\\": \\"#5da3d9\\",
      \\"id\\": \\"MV\\",
      \\"name\\": \\"Maldives\\",
      \\"uid\\": \\"S16MnhIqgUZ\\",
      \\"value\\": 38889090.1924,
      \\"year\\": 2015,
    },
    Object {
      \\"color\\": \\"#551f65\\",
      \\"id\\": \\"CO\\",
      \\"name\\": \\"Colombia\\",
      \\"uid\\": \\"H10zh2L5e8-\\",
      \\"value\\": 1417576291.20011,
      \\"year\\": 2015,
    },
    Object {
      \\"color\\": \\"#973915\\",
      \\"id\\": \\"NR\\",
      \\"name\\": \\"Nauru\\",
      \\"uid\\": \\"Sky7nhI9eUW\\",
      \\"value\\": 31254626.36542,
      \\"year\\": 2015,
    },
    Object {
      \\"color\\": \\"#8f1b13\\",
      \\"id\\": \\"TG\\",
      \\"name\\": \\"Togo\\",
      \\"uid\\": \\"SJem228qx8b\\",
      \\"value\\": 228139827.6171,
      \\"year\\": 2015,
    },
    Object {
      \\"color\\": \\"#443e42\\",
      \\"id\\": \\"YE\\",
      \\"name\\": \\"Yemen\\",
      \\"uid\\": \\"rkZ7nhLqgLZ\\",
      \\"value\\": 1646394906.527,
      \\"year\\": 2015,
    },
    Object {
      \\"color\\": \\"#0089cc\\",
      \\"id\\": \\"CR\\",
      \\"name\\": \\"Costa Rica\\",
      \\"uid\\": \\"Syzmh3UqeLZ\\",
      \\"value\\": 136804141.2685,
      \\"year\\": 2015,
    },
    Object {
      \\"color\\": \\"#8f1b13\\",
      \\"id\\": \\"NA\\",
      \\"name\\": \\"Namibia\\",
      \\"uid\\": \\"rkQQn28cx8b\\",
      \\"value\\": 180414920.8353,
      \\"year\\": 2015,
    },
    Object {
      \\"color\\": \\"#8f1b13\\",
      \\"id\\": \\"SS\\",
      \\"name\\": \\"South Sudan\\",
      \\"uid\\": \\"ryE7hhU9eI-\\",
      \\"value\\": 1694475839.421,
      \\"year\\": 2015,
    },
    Object {
      \\"color\\": \\"#e48a00\\",
      \\"id\\": \\"MN\\",
      \\"name\\": \\"Mongolia\\",
      \\"uid\\": \\"rkBmnnL9gU-\\",
      \\"value\\": 293702778.7494,
      \\"year\\": 2015,
    },
    Object {
      \\"color\\": \\"#973915\\",
      \\"id\\": \\"KI\\",
      \\"name\\": \\"Kiribati\\",
      \\"uid\\": \\"BkLQ3hLce8Z\\",
      \\"value\\": 65309446.9301,
      \\"year\\": 2015,
    },
    Object {
      \\"color\\": \\"#973915\\",
      \\"id\\": \\"oceania\\",
      \\"name\\": \\"Oceania, regional\\",
      \\"uid\\": \\"HyDQ3n8qgLb\\",
      \\"value\\": 228157420.661,
      \\"year\\": 2015,
    },
    Object {
      \\"color\\": \\"#8f1b13\\",
      \\"id\\": \\"BW\\",
      \\"name\\": \\"Botswana\\",
      \\"uid\\": \\"HydQhnIclLZ\\",
      \\"value\\": 81012052.16362,
      \\"year\\": 2015,
    },
    Object {
      \\"color\\": \\"#551f65\\",
      \\"id\\": \\"VE\\",
      \\"name\\": \\"Venezuela\\",
      \\"uid\\": \\"SyKmh385xI-\\",
      \\"value\\": 41703153.99691,
      \\"year\\": 2015,
    },
    Object {
      \\"color\\": \\"#5da3d9\\",
      \\"id\\": \\"south-asia\\",
      \\"name\\": \\"South Asia, regional\\",
      \\"uid\\": \\"B15Xh2I9g8b\\",
      \\"value\\": 104880347.6498,
      \\"year\\": 2015,
    },
    Object {
      \\"color\\": \\"#8f1b13\\",
      \\"id\\": \\"CG\\",
      \\"name\\": \\"Congo\\",
      \\"uid\\": \\"HJom3n8qxI-\\",
      \\"value\\": 131766134.6891,
      \\"year\\": 2015,
    },
    Object {
      \\"color\\": \\"#0c457b\\",
      \\"id\\": \\"AL\\",
      \\"name\\": \\"Albania\\",
      \\"uid\\": \\"S1h7n2U5lU-\\",
      \\"value\\": 424181123.2141,
      \\"year\\": 2015,
    },
    Object {
      \\"color\\": \\"#443e42\\",
      \\"id\\": \\"IQ\\",
      \\"name\\": \\"Iraq\\",
      \\"uid\\": \\"HJT7328cxIW\\",
      \\"value\\": 1497062921.4391,
      \\"year\\": 2015,
    },
    Object {
      \\"color\\": \\"#e48a00\\",
      \\"id\\": \\"PH\\",
      \\"name\\": \\"Philippines\\",
      \\"uid\\": \\"rJ0X23U5x8Z\\",
      \\"value\\": 1199974330.0555,
      \\"year\\": 2015,
    },
    Object {
      \\"color\\": \\"#8f1b13\\",
      \\"id\\": \\"SD\\",
      \\"name\\": \\"Sudan\\",
      \\"uid\\": \\"Byy42nLcx8b\\",
      \\"value\\": 1050213641.8969,
      \\"year\\": 2015,
    },
    Object {
      \\"color\\": \\"#a85d00\\",
      \\"id\\": \\"TN\\",
      \\"name\\": \\"Tunisia\\",
      \\"uid\\": \\"Hkg432U9xU-\\",
      \\"value\\": 893552495.2026,
      \\"year\\": 2015,
    },
    Object {
      \\"color\\": \\"#0c457b\\",
      \\"id\\": \\"RS\\",
      \\"name\\": \\"Serbia\\",
      \\"uid\\": \\"HkbNhnUqeLb\\",
      \\"value\\": 729283678.6652,
      \\"year\\": 2015,
    },
    Object {
      \\"color\\": \\"#e48a00\\",
      \\"id\\": \\"TH\\",
      \\"name\\": \\"Thailand\\",
      \\"uid\\": \\"ryzN2nU5lIb\\",
      \\"value\\": 327083043.6872088,
      \\"year\\": 2015,
    },
    Object {
      \\"color\\": \\"#5da3d9\\",
      \\"id\\": \\"central-asia\\",
      \\"name\\": \\"Central Asia, regional\\",
      \\"uid\\": \\"BymN3h8qxIb\\",
      \\"value\\": 150089798.5302,
      \\"year\\": 2015,
    },
    Object {
      \\"color\\": \\"#6a6569\\",
      \\"id\\": \\"asia\\",
      \\"name\\": \\"Asia, regional\\",
      \\"uid\\": \\"r1VVnhIqlIb\\",
      \\"value\\": 1241572639.67105,
      \\"year\\": 2015,
    },
    Object {
      \\"color\\": \\"#8f1b13\\",
      \\"id\\": \\"BJ\\",
      \\"name\\": \\"Benin\\",
      \\"uid\\": \\"Hkr433U9lUZ\\",
      \\"value\\": 467501086.226,
      \\"year\\": 2015,
    },
    Object {
      \\"color\\": \\"#0c457b\\",
      \\"id\\": \\"MD\\",
      \\"name\\": \\"Moldova\\",
      \\"uid\\": \\"SJIE2nU9g8b\\",
      \\"value\\": 370789249.8834,
      \\"year\\": 2015,
    },
    Object {
      \\"color\\": \\"#0089cc\\",
      \\"id\\": \\"DO\\",
      \\"name\\": \\"Dominican Republic\\",
      \\"uid\\": \\"rkvNn3UqgLZ\\",
      \\"value\\": 347767890.1483,
      \\"year\\": 2015,
    },
    Object {
      \\"color\\": \\"#551f65\\",
      \\"id\\": \\"PY\\",
      \\"name\\": \\"Paraguay\\",
      \\"uid\\": \\"rk_VhnI5lLZ\\",
      \\"value\\": 129685413.155,
      \\"year\\": 2015,
    },
    Object {
      \\"color\\": \\"#5da3d9\\",
      \\"id\\": \\"AF\\",
      \\"name\\": \\"Afghanistan\\",
      \\"uid\\": \\"rkKN2nIceUW\\",
      \\"value\\": 4304432652.0908,
      \\"year\\": 2015,
    },
    Object {
      \\"color\\": \\"#8f1b13\\",
      \\"id\\": \\"RW\\",
      \\"name\\": \\"Rwanda\\",
      \\"uid\\": \\"Sy9VhhI9gIb\\",
      \\"value\\": 1108463663.32131,
      \\"year\\": 2015,
    },
    Object {
      \\"color\\": \\"#8f1b13\\",
      \\"id\\": \\"south-of-sahara\\",
      \\"name\\": \\"South of Sahara, regional\\",
      \\"uid\\": \\"S1j4hnLqg8-\\",
      \\"value\\": 2625984063.44539,
      \\"year\\": 2015,
    },
    Object {
      \\"color\\": \\"#8f1b13\\",
      \\"id\\": \\"NG\\",
      \\"name\\": \\"Nigeria\\",
      \\"uid\\": \\"BJhE22I5x8Z\\",
      \\"value\\": 2538197422.67681,
      \\"year\\": 2015,
    },
    Object {
      \\"color\\": \\"#e48a00\\",
      \\"id\\": \\"CN\\",
      \\"name\\": \\"China\\",
      \\"uid\\": \\"Hkp423UcxU-\\",
      \\"value\\": 1490930237.8675,
      \\"year\\": 2015,
    },
    Object {
      \\"color\\": \\"#973915\\",
      \\"id\\": \\"WS\\",
      \\"name\\": \\"Samoa\\",
      \\"uid\\": \\"H10N23IqxIW\\",
      \\"value\\": 102092899.6231,
      \\"year\\": 2015,
    },
    Object {
      \\"color\\": \\"#8f1b13\\",
      \\"id\\": \\"KE\\",
      \\"name\\": \\"Kenya\\",
      \\"uid\\": \\"S1krhn85e8b\\",
      \\"value\\": 2761547575.73732,
      \\"year\\": 2015,
    },
    Object {
      \\"color\\": \\"#8f1b13\\",
      \\"id\\": \\"MW\\",
      \\"name\\": \\"Malawi\\",
      \\"uid\\": \\"BkgB2h8cgLb\\",
      \\"value\\": 1105564731.63442,
      \\"year\\": 2015,
    },
    Object {
      \\"color\\": \\"#8f1b13\\",
      \\"id\\": \\"GN\\",
      \\"name\\": \\"Guinea\\",
      \\"uid\\": \\"rJbBhhU5g8Z\\",
      \\"value\\": 601873169.949,
      \\"year\\": 2015,
    },
    Object {
      \\"color\\": \\"#0089cc\\",
      \\"id\\": \\"PA\\",
      \\"name\\": \\"Panama\\",
      \\"uid\\": \\"rJGH3hLcx8W\\",
      \\"value\\": 32002236.5207,
      \\"year\\": 2015,
    },
    Object {
      \\"color\\": \\"#8f1b13\\",
      \\"id\\": \\"MG\\",
      \\"name\\": \\"Madagascar\\",
      \\"uid\\": \\"By7S2nIcxIZ\\",
      \\"value\\": 728602505.5641,
      \\"year\\": 2015,
    },
    Object {
      \\"color\\": \\"#e48a00\\",
      \\"id\\": \\"ID\\",
      \\"name\\": \\"Indonesia\\",
      \\"uid\\": \\"H1NB23IclUb\\",
      \\"value\\": 2027130655.3552,
      \\"year\\": 2015,
    },
    Object {
      \\"color\\": \\"#973915\\",
      \\"id\\": \\"FM\\",
      \\"name\\": \\"Micronesia\\",
      \\"uid\\": \\"B1rBh2U5xUZ\\",
      \\"value\\": 84819420.74271,
      \\"year\\": 2015,
    },
    Object {
      \\"color\\": \\"#5da3d9\\",
      \\"id\\": \\"AM\\",
      \\"name\\": \\"Armenia\\",
      \\"uid\\": \\"SJIHh3L5l8b\\",
      \\"value\\": 409173900.834,
      \\"year\\": 2015,
    },
    Object {
      \\"color\\": \\"#8f1b13\\",
      \\"id\\": \\"GQ\\",
      \\"name\\": \\"Equatorial Guinea\\",
      \\"uid\\": \\"HyDrh3IqlUb\\",
      \\"value\\": 10975793.5234,
      \\"year\\": 2015,
    },
    Object {
      \\"color\\": \\"#0c457b\\",
      \\"id\\": \\"UA\\",
      \\"name\\": \\"Ukraine\\",
      \\"uid\\": \\"S1OH3285gUZ\\",
      \\"value\\": 1481415215.0011,
      \\"year\\": 2015,
    },
    Object {
      \\"color\\": \\"#443e42\\",
      \\"id\\": \\"IR\\",
      \\"name\\": \\"Iran\\",
      \\"uid\\": \\"HJKB3nI5lLb\\",
      \\"value\\": 121962820.29131,
      \\"year\\": 2015,
    },
    Object {
      \\"color\\": \\"#551f65\\",
      \\"id\\": \\"CL\\",
      \\"name\\": \\"Chile\\",
      \\"uid\\": \\"rk5Bn2U5xIW\\",
      \\"value\\": 84826171.1616,
      \\"year\\": 2015,
    },
    Object {
      \\"color\\": \\"#8f1b13\\",
      \\"id\\": \\"CF\\",
      \\"name\\": \\"CAR\\",
      \\"uid\\": \\"S1sH228cgI-\\",
      \\"value\\": 504983381.426,
      \\"year\\": 2015,
    },
    Object {
      \\"color\\": \\"#6a6569\\",
      \\"id\\": \\"africa\\",
      \\"name\\": \\"Africa, regional\\",
      \\"uid\\": \\"Sy3B22L9eL-\\",
      \\"value\\": 3545313720.61752,
      \\"year\\": 2015,
    },
    Object {
      \\"color\\": \\"#8f1b13\\",
      \\"id\\": \\"TZ\\",
      \\"name\\": \\"Tanzania\\",
      \\"uid\\": \\"r1aH2hL9eUW\\",
      \\"value\\": 2706164457.66742,
      \\"year\\": 2015,
    },
    Object {
      \\"color\\": \\"#8f1b13\\",
      \\"id\\": \\"SO\\",
      \\"name\\": \\"Somalia\\",
      \\"uid\\": \\"BkAShn85xL-\\",
      \\"value\\": 1258707656.7824,
      \\"year\\": 2015,
    },
    Object {
      \\"color\\": \\"#8f1b13\\",
      \\"id\\": \\"TD\\",
      \\"name\\": \\"Chad\\",
      \\"uid\\": \\"BykU23LceIb\\",
      \\"value\\": 1239325318.9576,
      \\"year\\": 2015,
    },
    Object {
      \\"color\\": \\"#8f1b13\\",
      \\"id\\": \\"SH\\",
      \\"name\\": \\"Saint Helena, Ascension & Tristan da Cunha\\",
      \\"uid\\": \\"SklL3hL5g8b\\",
      \\"value\\": 93883797.74,
      \\"year\\": 2015,
    },
    Object {
      \\"color\\": \\"#8f1b13\\",
      \\"id\\": \\"GW\\",
      \\"name\\": \\"Guinea-Bissau\\",
      \\"uid\\": \\"HyZLh3L9lU-\\",
      \\"value\\": 99169214.76,
      \\"year\\": 2015,
    },
    Object {
      \\"color\\": \\"#443e42\\",
      \\"id\\": \\"LB\\",
      \\"name\\": \\"Lebanon\\",
      \\"uid\\": \\"rkGU32LceLW\\",
      \\"value\\": 1162866350.452,
      \\"year\\": 2015,
    },
    Object {
      \\"color\\": \\"#0089cc\\",
      \\"id\\": \\"HN\\",
      \\"name\\": \\"Honduras\\",
      \\"uid\\": \\"Hy7Un3UcgLb\\",
      \\"value\\": 599502245.08781,
      \\"year\\": 2015,
    },
    Object {
      \\"color\\": \\"#443e42\\",
      \\"id\\": \\"PS\\",
      \\"name\\": \\"Palestine\\",
      \\"uid\\": \\"B1N82hU5xLb\\",
      \\"value\\": 1878696314.1875,
      \\"year\\": 2015,
    },
    Object {
      \\"color\\": \\"#5da3d9\\",
      \\"id\\": \\"KG\\",
      \\"name\\": \\"Kyrgyzstan\\",
      \\"uid\\": \\"BJrUn3Uqx8b\\",
      \\"value\\": 831357384.97431,
      \\"year\\": 2015,
    },
    Object {
      \\"color\\": \\"#a85d00\\",
      \\"id\\": \\"MA\\",
      \\"name\\": \\"Morocco\\",
      \\"uid\\": \\"BkIInh85l8W\\",
      \\"value\\": 1885637592.7049,
      \\"year\\": 2015,
    },
    Object {
      \\"color\\": \\"#8f1b13\\",
      \\"id\\": \\"CV\\",
      \\"name\\": \\"Cape Verde\\",
      \\"uid\\": \\"SkvIn38qxUZ\\",
      \\"value\\": 175126220.98,
      \\"year\\": 2015,
    },
    Object {
      \\"color\\": \\"#8f1b13\\",
      \\"id\\": \\"BF\\",
      \\"name\\": \\"Burkina Faso\\",
      \\"uid\\": \\"S1_Ln2L5eU-\\",
      \\"value\\": 1069722665.646,
      \\"year\\": 2015,
    },
    Object {
      \\"color\\": \\"#0c457b\\",
      \\"id\\": \\"MK\\",
      \\"name\\": \\"Macedonia\\",
      \\"uid\\": \\"ByFUnhL9eLZ\\",
      \\"value\\": 285412959.4156,
      \\"year\\": 2015,
    },
    Object {
      \\"color\\": \\"#0089cc\\",
      \\"id\\": \\"NI\\",
      \\"name\\": \\"Nicaragua\\",
      \\"uid\\": \\"H1cL3nL5l8Z\\",
      \\"value\\": 516517618.9194,
      \\"year\\": 2015,
    },
    Object {
      \\"color\\": \\"#0c457b\\",
      \\"id\\": \\"europe\\",
      \\"name\\": \\"Europe, regional\\",
      \\"uid\\": \\"HysL23Lql8-\\",
      \\"value\\": 1071072963.8728,
      \\"year\\": 2015,
    },
    Object {
      \\"color\\": \\"#0089cc\\",
      \\"id\\": \\"LC\\",
      \\"name\\": \\"Saint Lucia\\",
      \\"uid\\": \\"SJ38n2L9g8Z\\",
      \\"value\\": 22975352.49071,
      \\"year\\": 2015,
    },
    Object {
      \\"color\\": \\"#5da3d9\\",
      \\"id\\": \\"NP\\",
      \\"name\\": \\"Nepal\\",
      \\"uid\\": \\"S1a8h3LclLW\\",
      \\"value\\": 1356514605.846042,
      \\"year\\": 2015,
    },
    Object {
      \\"color\\": \\"#8f1b13\\",
      \\"id\\": \\"UG\\",
      \\"name\\": \\"Uganda\\",
      \\"uid\\": \\"SJA8hnU9lUZ\\",
      \\"value\\": 1696501638.9257026,
      \\"year\\": 2015,
    },
    Object {
      \\"color\\": \\"#973915\\",
      \\"id\\": \\"WF\\",
      \\"name\\": \\"Wallis & Futuna\\",
      \\"uid\\": \\"ByJPn3L9eLb\\",
      \\"value\\": 106447487.31,
      \\"year\\": 2015,
    },
    Object {
      \\"color\\": \\"#8f1b13\\",
      \\"id\\": \\"ET\\",
      \\"name\\": \\"Ethiopia\\",
      \\"uid\\": \\"r1gPhhI9gLW\\",
      \\"value\\": 3352722498.06871,
      \\"year\\": 2015,
    },
    Object {
      \\"color\\": \\"#551f65\\",
      \\"id\\": \\"SR\\",
      \\"name\\": \\"Suriname\\",
      \\"uid\\": \\"By-whnL9xU-\\",
      \\"value\\": 17461652.791,
      \\"year\\": 2015,
    },
    Object {
      \\"color\\": \\"#8f1b13\\",
      \\"id\\": \\"ER\\",
      \\"name\\": \\"Eritrea\\",
      \\"uid\\": \\"ryfv3nUqg8Z\\",
      \\"value\\": 95494544.552,
      \\"year\\": 2015,
    },
    Object {
      \\"color\\": \\"#6a6569\\",
      \\"id\\": \\"america\\",
      \\"name\\": \\"America, regional\\",
      \\"uid\\": \\"ByQP23Lqx8W\\",
      \\"value\\": 1373826715.8581,
      \\"year\\": 2015,
    },
    Object {
      \\"color\\": \\"#5da3d9\\",
      \\"id\\": \\"GE\\",
      \\"name\\": \\"Georgia\\",
      \\"uid\\": \\"BJ4v2hL9g8W\\",
      \\"value\\": 559053620.135645,
      \\"year\\": 2015,
    },
    Object {
      \\"color\\": \\"#8f1b13\\",
      \\"id\\": \\"KM\\",
      \\"name\\": \\"Comoros\\",
      \\"uid\\": \\"rySv3nUceLZ\\",
      \\"value\\": 69983438.0702,
      \\"year\\": 2015,
    },
    Object {
      \\"color\\": \\"#a85d00\\",
      \\"id\\": \\"north-of-sahara\\",
      \\"name\\": \\"North of Sahara, regional\\",
      \\"uid\\": \\"rkLwhnU5gIZ\\",
      \\"value\\": 330772955.4101,
      \\"year\\": 2015,
    },
    Object {
      \\"color\\": \\"#0089cc\\",
      \\"id\\": \\"JM\\",
      \\"name\\": \\"Jamaica\\",
      \\"uid\\": \\"B1wP3nI9xIb\\",
      \\"value\\": 104722855.19432,
      \\"year\\": 2015,
    },
    Object {
      \\"color\\": \\"#973915\\",
      \\"id\\": \\"VU\\",
      \\"name\\": \\"Vanuatu\\",
      \\"uid\\": \\"BJ_DhhIqeLW\\",
      \\"value\\": 189997948.73261,
      \\"year\\": 2015,
    },
    Object {
      \\"color\\": \\"#8f1b13\\",
      \\"id\\": \\"SL\\",
      \\"name\\": \\"Sierra Leone\\",
      \\"uid\\": \\"SyKP2hIce8W\\",
      \\"value\\": 1021195776.58641,
      \\"year\\": 2015,
    },
    Object {
      \\"color\\": \\"#e48a00\\",
      \\"id\\": \\"MY\\",
      \\"name\\": \\"Malaysia\\",
      \\"uid\\": \\"rJ5P33Icl8W\\",
      \\"value\\": 125023930.4007,
      \\"year\\": 2015,
    },
    Object {
      \\"color\\": \\"#a85d00\\",
      \\"id\\": \\"LY\\",
      \\"name\\": \\"Libya\\",
      \\"uid\\": \\"HJjD32U5e8-\\",
      \\"value\\": 157764674.09,
      \\"year\\": 2015,
    },
    Object {
      \\"color\\": \\"#e48a00\\",
      \\"id\\": \\"VN\\",
      \\"name\\": \\"Viet Nam\\",
      \\"uid\\": \\"SynPn289gLW\\",
      \\"value\\": 3895493299.94611,
      \\"year\\": 2015,
    },
    Object {
      \\"color\\": \\"#973915\\",
      \\"id\\": \\"SB\\",
      \\"name\\": \\"Solomon Islands\\",
      \\"uid\\": \\"BJ6vh3Uce8-\\",
      \\"value\\": 196251880.5751,
      \\"year\\": 2015,
    },
    Object {
      \\"color\\": \\"#551f65\\",
      \\"id\\": \\"EC\\",
      \\"name\\": \\"Ecuador\\",
      \\"uid\\": \\"rkCD3289gLW\\",
      \\"value\\": 383804916.402,
      \\"year\\": 2015,
    },
    Object {
      \\"color\\": \\"#6a6569\\",
      \\"id\\": \\"west-indies\\",
      \\"name\\": \\"West Indies, regional\\",
      \\"uid\\": \\"H1Jdh2U5g8Z\\",
      \\"value\\": 162590892.67071,
      \\"year\\": 2015,
    },
    Object {
      \\"color\\": \\"#973915\\",
      \\"id\\": \\"MH\\",
      \\"name\\": \\"Marshall Islands\\",
      \\"uid\\": \\"Sklu23IqxLW\\",
      \\"value\\": 59680978.0669,
      \\"year\\": 2015,
    },
    Object {
      \\"color\\": \\"#8f1b13\\",
      \\"id\\": \\"GH\\",
      \\"name\\": \\"Ghana\\",
      \\"uid\\": \\"ryb_328qgL-\\",
      \\"value\\": 1882129282.3422,
      \\"year\\": 2015,
    },
    Object {
      \\"color\\": \\"#5da3d9\\",
      \\"id\\": \\"AZ\\",
      \\"name\\": \\"Azerbaijan\\",
      \\"uid\\": \\"S1zOhnIqxLZ\\",
      \\"value\\": 160299119.2983,
      \\"year\\": 2015,
    },
    Object {
      \\"color\\": \\"#5da3d9\\",
      \\"id\\": \\"IN\\",
      \\"name\\": \\"India\\",
      \\"uid\\": \\"rk7_33UceIZ\\",
      \\"value\\": 5328901800.89339,
      \\"year\\": 2015,
    },
    Object {
      \\"color\\": \\"#0089cc\\",
      \\"id\\": \\"SV\\",
      \\"name\\": \\"El Salvador\\",
      \\"uid\\": \\"S1N_n3L5xLW\\",
      \\"value\\": 149694907.24661,
      \\"year\\": 2015,
    },
    Object {
      \\"color\\": \\"#e48a00\\",
      \\"id\\": \\"KH\\",
      \\"name\\": \\"Cambodia\\",
      \\"uid\\": \\"H1Huh385e8Z\\",
      \\"value\\": 756594960.71341,
      \\"year\\": 2015,
    },
    Object {
      \\"color\\": \\"#551f65\\",
      \\"id\\": \\"south-america\\",
      \\"name\\": \\"South America, regional\\",
      \\"uid\\": \\"rkIdh2L9gLW\\",
      \\"value\\": 326725910.8164,
      \\"year\\": 2015,
    },
    Object {
      \\"color\\": \\"#8f1b13\\",
      \\"id\\": \\"ZM\\",
      \\"name\\": \\"Zambia\\",
      \\"uid\\": \\"BkPdhhI5eUW\\",
      \\"value\\": 883234614.914054,
      \\"year\\": 2015,
    },
    Object {
      \\"color\\": \\"#443e42\\",
      \\"id\\": \\"SY\\",
      \\"name\\": \\"Syria\\",
      \\"uid\\": \\"H1_O33UqgUb\\",
      \\"value\\": 4889339854.348,
      \\"year\\": 2015,
    },
    Object {
      \\"color\\": \\"#0089cc\\",
      \\"id\\": \\"GT\\",
      \\"name\\": \\"Guatemala\\",
      \\"uid\\": \\"rkFun3UqgIZ\\",
      \\"value\\": 455347845.3032026,
      \\"year\\": 2015,
    },
    Object {
      \\"color\\": \\"#8f1b13\\",
      \\"id\\": \\"ST\\",
      \\"name\\": \\"Sao Tome & Principe\\",
      \\"uid\\": \\"Hycu22U9eIZ\\",
      \\"value\\": 53346067.839,
      \\"year\\": 2015,
    },
    Object {
      \\"color\\": \\"#8f1b13\\",
      \\"id\\": \\"SN\\",
      \\"name\\": \\"Senegal\\",
      \\"uid\\": \\"B1j_hn89lLZ\\",
      \\"value\\": 981756115.466768,
      \\"year\\": 2015,
    },
    Object {
      \\"color\\": \\"#5da3d9\\",
      \\"id\\": \\"TM\\",
      \\"name\\": \\"Turkmenistan\\",
      \\"uid\\": \\"Hy2Oh2UceUb\\",
      \\"value\\": 27097053.0161,
      \\"year\\": 2015,
    },
    Object {
      \\"color\\": \\"#0089cc\\",
      \\"id\\": \\"DM\\",
      \\"name\\": \\"Dominica\\",
      \\"uid\\": \\"Hkad33Uqe8b\\",
      \\"value\\": 21235452.58971,
      \\"year\\": 2015,
    },
    Object {
      \\"color\\": \\"#8f1b13\\",
      \\"id\\": \\"BI\\",
      \\"name\\": \\"Burundi\\",
      \\"uid\\": \\"HJ0O33I5gIZ\\",
      \\"value\\": 397197246.9547,
      \\"year\\": 2015,
    },
    Object {
      \\"color\\": \\"#551f65\\",
      \\"id\\": \\"PE\\",
      \\"name\\": \\"Peru\\",
      \\"uid\\": \\"rkktn3L9lU-\\",
      \\"value\\": 523373971.93911,
      \\"year\\": 2015,
    },
    Object {
      \\"color\\": \\"#8f1b13\\",
      \\"id\\": \\"LR\\",
      \\"name\\": \\"Liberia\\",
      \\"uid\\": \\"SylKn28qeLb\\",
      \\"value\\": 1139451949.36391,
      \\"year\\": 2015,
    },
    Object {
      \\"color\\": \\"#0c457b\\",
      \\"id\\": \\"XK\\",
      \\"name\\": \\"Kosovo\\",
      \\"uid\\": \\"ByZK2hL5g8W\\",
      \\"value\\": 441689421.7065,
      \\"year\\": 2015,
    },
  ],
  \\"dataB\\": Array [
    Object {
      \\"color\\": \\"#5da3d9\\",
      \\"id\\": \\"AF\\",
      \\"name\\": \\"Afghanistan\\",
      \\"uid\\": \\"rk63L9gUW\\",
      \\"value\\": 83961708.3,
      \\"year\\": 2015,
    },
    Object {
      \\"color\\": \\"#6a6569\\",
      \\"id\\": \\"africa\\",
      \\"name\\": \\"Africa, regional\\",
      \\"uid\\": \\"S1gphUqlIW\\",
      \\"value\\": 381896669.25,
      \\"year\\": 2015,
    },
    Object {
      \\"color\\": \\"#0089cc\\",
      \\"id\\": \\"AG\\",
      \\"name\\": \\"Antigua & Barbuda\\",
      \\"uid\\": \\"ry-anIqlLW\\",
      \\"value\\": 16677.4,
      \\"year\\": 2015,
    },
    Object {
      \\"color\\": \\"#0c457b\\",
      \\"id\\": \\"AL\\",
      \\"name\\": \\"Albania\\",
      \\"uid\\": \\"r1GpnUceLb\\",
      \\"value\\": 5866208.04,
      \\"year\\": 2015,
    },
    Object {
      \\"color\\": \\"#5da3d9\\",
      \\"id\\": \\"AM\\",
      \\"name\\": \\"Armenia\\",
      \\"uid\\": \\"S1mT2IqxIb\\",
      \\"value\\": 81757041.69,
      \\"year\\": 2015,
    },
    Object {
      \\"color\\": \\"#6a6569\\",
      \\"id\\": \\"america\\",
      \\"name\\": \\"America, regional\\",
      \\"uid\\": \\"HJ4phUcl8W\\",
      \\"value\\": 60293883.2,
      \\"year\\": 2015,
    },
    Object {
      \\"color\\": \\"#8f1b13\\",
      \\"id\\": \\"AO\\",
      \\"name\\": \\"Angola\\",
      \\"uid\\": \\"HkranL9xIZ\\",
      \\"value\\": 84158.334,
      \\"year\\": 2015,
    },
    Object {
      \\"color\\": \\"#551f65\\",
      \\"id\\": \\"AR\\",
      \\"name\\": \\"Argentina\\",
      \\"uid\\": \\"B1LT3L9x8W\\",
      \\"value\\": 1290425.57,
      \\"year\\": 2015,
    },
    Object {
      \\"color\\": \\"#6a6569\\",
      \\"id\\": \\"asia\\",
      \\"name\\": \\"Asia, regional\\",
      \\"uid\\": \\"BJPa28cg8W\\",
      \\"value\\": 74599093.76,
      \\"year\\": 2015,
    },
    Object {
      \\"color\\": \\"#5da3d9\\",
      \\"id\\": \\"AZ\\",
      \\"name\\": \\"Azerbaijan\\",
      \\"uid\\": \\"BkOT2IceLb\\",
      \\"value\\": 2735790.673,
      \\"year\\": 2015,
    },
    Object {
      \\"color\\": \\"#0c457b\\",
      \\"id\\": \\"BA\\",
      \\"name\\": \\"Bosnia & Herzegovina\\",
      \\"uid\\": \\"Syt63LqlUZ\\",
      \\"value\\": 57652007.93,
      \\"year\\": 2015,
    },
    Object {
      \\"color\\": \\"#5da3d9\\",
      \\"id\\": \\"BD\\",
      \\"name\\": \\"Bangladesh\\",
      \\"uid\\": \\"rJ56nLcl8W\\",
      \\"value\\": 109224620.854,
      \\"year\\": 2015,
    },
    Object {
      \\"color\\": \\"#8f1b13\\",
      \\"id\\": \\"BF\\",
      \\"name\\": \\"Burkina Faso\\",
      \\"uid\\": \\"ByopnI9l8b\\",
      \\"value\\": 9621174.332,
      \\"year\\": 2015,
    },
    Object {
      \\"color\\": \\"#8f1b13\\",
      \\"id\\": \\"BI\\",
      \\"name\\": \\"Burundi\\",
      \\"uid\\": \\"S1n6n8cgUb\\",
      \\"value\\": 3216561.34,
      \\"year\\": 2015,
    },
    Object {
      \\"color\\": \\"#6a6569\\",
      \\"id\\": \\"bilateral-unspecified\\",
      \\"name\\": \\"Bilateral, unspecified\\",
      \\"uid\\": \\"BJTT3LqxLW\\",
      \\"value\\": 1630817445.0112,
      \\"year\\": 2015,
    },
    Object {
      \\"color\\": \\"#8f1b13\\",
      \\"id\\": \\"BJ\\",
      \\"name\\": \\"Benin\\",
      \\"uid\\": \\"BkA6hLqeIZ\\",
      \\"value\\": 10773690.17,
      \\"year\\": 2015,
    },
    Object {
      \\"color\\": \\"#551f65\\",
      \\"id\\": \\"BO\\",
      \\"name\\": \\"Bolivia\\",
      \\"uid\\": \\"S1Jx63LceIZ\\",
      \\"value\\": 13369037.65,
      \\"year\\": 2015,
    },
    Object {
      \\"color\\": \\"#551f65\\",
      \\"id\\": \\"BR\\",
      \\"name\\": \\"Brazil\\",
      \\"uid\\": \\"S1lxahIqx8W\\",
      \\"value\\": 168347875.98,
      \\"year\\": 2015,
    },
    Object {
      \\"color\\": \\"#5da3d9\\",
      \\"id\\": \\"BT\\",
      \\"name\\": \\"Bhutan\\",
      \\"uid\\": \\"Sk-la2Lcg8-\\",
      \\"value\\": 28618639.34,
      \\"year\\": 2015,
    },
    Object {
      \\"color\\": \\"#8f1b13\\",
      \\"id\\": \\"BW\\",
      \\"name\\": \\"Botswana\\",
      \\"uid\\": \\"SJzeah8clU-\\",
      \\"value\\": 73801.64,
      \\"year\\": 2015,
    },
    Object {
      \\"color\\": \\"#0c457b\\",
      \\"id\\": \\"BY\\",
      \\"name\\": \\"Belarus\\",
      \\"uid\\": \\"HkQgp2IcgIW\\",
      \\"value\\": 2302548.62,
      \\"year\\": 2015,
    },
    Object {
      \\"color\\": \\"#0089cc\\",
      \\"id\\": \\"BZ\\",
      \\"name\\": \\"Belize\\",
      \\"uid\\": \\"HyNgpnL9lL-\\",
      \\"value\\": 345744,
      \\"year\\": 2015,
    },
    Object {
      \\"color\\": \\"#8f1b13\\",
      \\"id\\": \\"CD\\",
      \\"name\\": \\"DRC\\",
      \\"uid\\": \\"SJreT3U5gIW\\",
      \\"value\\": 16274356.92,
      \\"year\\": 2015,
    },
    Object {
      \\"color\\": \\"#5da3d9\\",
      \\"id\\": \\"central-asia\\",
      \\"name\\": \\"Central Asia, regional\\",
      \\"uid\\": \\"ryLga285l8Z\\",
      \\"value\\": 4285183.1,
      \\"year\\": 2015,
    },
    Object {
      \\"color\\": \\"#8f1b13\\",
      \\"id\\": \\"CF\\",
      \\"name\\": \\"CAR\\",
      \\"uid\\": \\"ByDl6hUqxUW\\",
      \\"value\\": 307208.9,
      \\"year\\": 2015,
    },
    Object {
      \\"color\\": \\"#8f1b13\\",
      \\"id\\": \\"CG\\",
      \\"name\\": \\"Congo\\",
      \\"uid\\": \\"Hk_ga2LcgLb\\",
      \\"value\\": 1022158.4,
      \\"year\\": 2015,
    },
    Object {
      \\"color\\": \\"#8f1b13\\",
      \\"id\\": \\"CI\\",
      \\"name\\": \\"Côte d'Ivoire\\",
      \\"uid\\": \\"rkFxanIclU-\\",
      \\"value\\": 19463842.18,
      \\"year\\": 2015,
    },
    Object {
      \\"color\\": \\"#973915\\",
      \\"id\\": \\"CK\\",
      \\"name\\": \\"Cook Islands\\",
      \\"uid\\": \\"B15g6nUqeUb\\",
      \\"value\\": 939.214,
      \\"year\\": 2015,
    },
    Object {
      \\"color\\": \\"#551f65\\",
      \\"id\\": \\"CL\\",
      \\"name\\": \\"Chile\\",
      \\"uid\\": \\"Sksxp3IcxU-\\",
      \\"value\\": 2791619.506,
      \\"year\\": 2015,
    },
    Object {
      \\"color\\": \\"#8f1b13\\",
      \\"id\\": \\"CM\\",
      \\"name\\": \\"Cameroon\\",
      \\"uid\\": \\"Sk3lphIclU-\\",
      \\"value\\": 1004148.82,
      \\"year\\": 2015,
    },
    Object {
      \\"color\\": \\"#e48a00\\",
      \\"id\\": \\"CN\\",
      \\"name\\": \\"China\\",
      \\"uid\\": \\"HkTxTh89lIW\\",
      \\"value\\": 42420278.44,
      \\"year\\": 2015,
    },
    Object {
      \\"color\\": \\"#551f65\\",
      \\"id\\": \\"CO\\",
      \\"name\\": \\"Colombia\\",
      \\"uid\\": \\"r1CxTn8qlLW\\",
      \\"value\\": 9343175.91,
      \\"year\\": 2015,
    },
    Object {
      \\"color\\": \\"#0089cc\\",
      \\"id\\": \\"CR\\",
      \\"name\\": \\"Costa Rica\\",
      \\"uid\\": \\"r1kWa2U5gLb\\",
      \\"value\\": 12626229.23,
      \\"year\\": 2015,
    },
    Object {
      \\"color\\": \\"#0089cc\\",
      \\"id\\": \\"CU\\",
      \\"name\\": \\"Cuba\\",
      \\"uid\\": \\"B1e-p2IcxL-\\",
      \\"value\\": 647204.6,
      \\"year\\": 2015,
    },
    Object {
      \\"color\\": \\"#8f1b13\\",
      \\"id\\": \\"CV\\",
      \\"name\\": \\"Cape Verde\\",
      \\"uid\\": \\"Sy-ZphLcg8-\\",
      \\"value\\": 6254131.208,
      \\"year\\": 2015,
    },
    Object {
      \\"color\\": \\"#8f1b13\\",
      \\"id\\": \\"DJ\\",
      \\"name\\": \\"Djibouti\\",
      \\"uid\\": \\"SJG-p38qeUb\\",
      \\"value\\": 591787.7,
      \\"year\\": 2015,
    },
    Object {
      \\"color\\": \\"#0089cc\\",
      \\"id\\": \\"DM\\",
      \\"name\\": \\"Dominica\\",
      \\"uid\\": \\"SyQbphIqeIW\\",
      \\"value\\": 38603.8,
      \\"year\\": 2015,
    },
    Object {
      \\"color\\": \\"#0089cc\\",
      \\"id\\": \\"DO\\",
      \\"name\\": \\"Dominican Republic\\",
      \\"uid\\": \\"S1V-pnU9xIW\\",
      \\"value\\": 3077281.11,
      \\"year\\": 2015,
    },
    Object {
      \\"color\\": \\"#a85d00\\",
      \\"id\\": \\"DZ\\",
      \\"name\\": \\"Algeria\\",
      \\"uid\\": \\"r1S-6nL9gLb\\",
      \\"value\\": 2388511.82,
      \\"year\\": 2015,
    },
    Object {
      \\"color\\": \\"#e48a00\\",
      \\"id\\": \\"east-asia\\",
      \\"name\\": \\"Far East Asia, regional\\",
      \\"uid\\": \\"rkL-TnLqgUZ\\",
      \\"value\\": 4419754.43,
      \\"year\\": 2015,
    },
    Object {
      \\"color\\": \\"#551f65\\",
      \\"id\\": \\"EC\\",
      \\"name\\": \\"Ecuador\\",
      \\"uid\\": \\"r1wZThLqlU-\\",
      \\"value\\": 11320356.35,
      \\"year\\": 2015,
    },
    Object {
      \\"color\\": \\"#a85d00\\",
      \\"id\\": \\"EG\\",
      \\"name\\": \\"Egypt\\",
      \\"uid\\": \\"BkuWahIclIZ\\",
      \\"value\\": 98125065.44,
      \\"year\\": 2015,
    },
    Object {
      \\"color\\": \\"#8f1b13\\",
      \\"id\\": \\"ET\\",
      \\"name\\": \\"Ethiopia\\",
      \\"uid\\": \\"r1FWah85l8b\\",
      \\"value\\": 32644789.736,
      \\"year\\": 2015,
    },
    Object {
      \\"color\\": \\"#0c457b\\",
      \\"id\\": \\"europe\\",
      \\"name\\": \\"Europe, regional\\",
      \\"uid\\": \\"rJ5Zpn8qxUW\\",
      \\"value\\": 132792185.3806,
      \\"year\\": 2015,
    },
    Object {
      \\"color\\": \\"#973915\\",
      \\"id\\": \\"FJ\\",
      \\"name\\": \\"Fiji\\",
      \\"uid\\": \\"S1jbT3I9g8-\\",
      \\"value\\": 1459519.18,
      \\"year\\": 2015,
    },
    Object {
      \\"color\\": \\"#973915\\",
      \\"id\\": \\"FM\\",
      \\"name\\": \\"Micronesia\\",
      \\"uid\\": \\"SJ2Wa3Iqg8-\\",
      \\"value\\": 495354.714,
      \\"year\\": 2015,
    },
    Object {
      \\"color\\": \\"#8f1b13\\",
      \\"id\\": \\"GA\\",
      \\"name\\": \\"Gabon\\",
      \\"uid\\": \\"rJT-a289xLW\\",
      \\"value\\": 10271.5,
      \\"year\\": 2015,
    },
    Object {
      \\"color\\": \\"#0089cc\\",
      \\"id\\": \\"GD\\",
      \\"name\\": \\"Grenada\\",
      \\"uid\\": \\"ByCbphUce8W\\",
      \\"value\\": 3542733,
      \\"year\\": 2015,
    },
    Object {
      \\"color\\": \\"#5da3d9\\",
      \\"id\\": \\"GE\\",
      \\"name\\": \\"Georgia\\",
      \\"uid\\": \\"rJJfT28qgL-\\",
      \\"value\\": 39562391.917,
      \\"year\\": 2015,
    },
    Object {
      \\"color\\": \\"#8f1b13\\",
      \\"id\\": \\"GH\\",
      \\"name\\": \\"Ghana\\",
      \\"uid\\": \\"ryxfa2LcxIb\\",
      \\"value\\": 32467497.77,
      \\"year\\": 2015,
    },
    Object {
      \\"color\\": \\"#8f1b13\\",
      \\"id\\": \\"GM\\",
      \\"name\\": \\"Gambia\\",
      \\"uid\\": \\"SkWfanIceLb\\",
      \\"value\\": 1452945.42,
      \\"year\\": 2015,
    },
    Object {
      \\"color\\": \\"#8f1b13\\",
      \\"id\\": \\"GN\\",
      \\"name\\": \\"Guinea\\",
      \\"uid\\": \\"SJMfp2IqxUW\\",
      \\"value\\": 934372.63,
      \\"year\\": 2015,
    },
    Object {
      \\"color\\": \\"#0089cc\\",
      \\"id\\": \\"GT\\",
      \\"name\\": \\"Guatemala\\",
      \\"uid\\": \\"ByXzThU5xLZ\\",
      \\"value\\": 5605002.122,
      \\"year\\": 2015,
    },
    Object {
      \\"color\\": \\"#8f1b13\\",
      \\"id\\": \\"GW\\",
      \\"name\\": \\"Guinea-Bissau\\",
      \\"uid\\": \\"S14f63IcgLZ\\",
      \\"value\\": 46143.7,
      \\"year\\": 2015,
    },
    Object {
      \\"color\\": \\"#551f65\\",
      \\"id\\": \\"GY\\",
      \\"name\\": \\"Guyana\\",
      \\"uid\\": \\"r1SMTn89gUZ\\",
      \\"value\\": 1295003.28,
      \\"year\\": 2015,
    },
    Object {
      \\"color\\": \\"#0089cc\\",
      \\"id\\": \\"HN\\",
      \\"name\\": \\"Honduras\\",
      \\"uid\\": \\"BJ8G62Icl8W\\",
      \\"value\\": 8522645.294,
      \\"year\\": 2015,
    },
    Object {
      \\"color\\": \\"#0089cc\\",
      \\"id\\": \\"HT\\",
      \\"name\\": \\"Haiti\\",
      \\"uid\\": \\"r1PzT3Uqx8Z\\",
      \\"value\\": 18233170.4,
      \\"year\\": 2015,
    },
    Object {
      \\"color\\": \\"#e48a00\\",
      \\"id\\": \\"ID\\",
      \\"name\\": \\"Indonesia\\",
      \\"uid\\": \\"By_Ma389l8Z\\",
      \\"value\\": 24720312.97,
      \\"year\\": 2015,
    },
    Object {
      \\"color\\": \\"#5da3d9\\",
      \\"id\\": \\"IN\\",
      \\"name\\": \\"India\\",
      \\"uid\\": \\"rJFGpnIce8-\\",
      \\"value\\": 768204926.898,
      \\"year\\": 2015,
    },
    Object {
      \\"color\\": \\"#443e42\\",
      \\"id\\": \\"IQ\\",
      \\"name\\": \\"Iraq\\",
      \\"uid\\": \\"r1cMT2U5e8W\\",
      \\"value\\": 18386636.1,
      \\"year\\": 2015,
    },
    Object {
      \\"color\\": \\"#443e42\\",
      \\"id\\": \\"IR\\",
      \\"name\\": \\"Iran\\",
      \\"uid\\": \\"H1sfahUqe8b\\",
      \\"value\\": 116899.11,
      \\"year\\": 2015,
    },
    Object {
      \\"color\\": \\"#0089cc\\",
      \\"id\\": \\"JM\\",
      \\"name\\": \\"Jamaica\\",
      \\"uid\\": \\"SJ3GpnU5eUZ\\",
      \\"value\\": 1965869.89,
      \\"year\\": 2015,
    },
    Object {
      \\"color\\": \\"#443e42\\",
      \\"id\\": \\"JO\\",
      \\"name\\": \\"Jordan\\",
      \\"uid\\": \\"ByTz628cl8Z\\",
      \\"value\\": 35249885.56,
      \\"year\\": 2015,
    },
    Object {
      \\"color\\": \\"#8f1b13\\",
      \\"id\\": \\"KE\\",
      \\"name\\": \\"Kenya\\",
      \\"uid\\": \\"Bk0M62I9eU-\\",
      \\"value\\": 46839224.48,
      \\"year\\": 2015,
    },
    Object {
      \\"color\\": \\"#5da3d9\\",
      \\"id\\": \\"KG\\",
      \\"name\\": \\"Kyrgyzstan\\",
      \\"uid\\": \\"BykQa2IqeL-\\",
      \\"value\\": 23030376.709,
      \\"year\\": 2015,
    },
    Object {
      \\"color\\": \\"#e48a00\\",
      \\"id\\": \\"KH\\",
      \\"name\\": \\"Cambodia\\",
      \\"uid\\": \\"S1xm6hI9g8-\\",
      \\"value\\": 24629438.14,
      \\"year\\": 2015,
    },
    Object {
      \\"color\\": \\"#973915\\",
      \\"id\\": \\"KI\\",
      \\"name\\": \\"Kiribati\\",
      \\"uid\\": \\"H1WQa285e8Z\\",
      \\"value\\": 1443209.214,
      \\"year\\": 2015,
    },
    Object {
      \\"color\\": \\"#8f1b13\\",
      \\"id\\": \\"KM\\",
      \\"name\\": \\"Comoros\\",
      \\"uid\\": \\"ryz7TnIqeU-\\",
      \\"value\\": 1370129.4,
      \\"year\\": 2015,
    },
    Object {
      \\"color\\": \\"#e48a00\\",
      \\"id\\": \\"KP\\",
      \\"name\\": \\"North Korea\\",
      \\"uid\\": \\"BkQ763I5lLW\\",
      \\"value\\": 117290,
      \\"year\\": 2015,
    },
    Object {
      \\"color\\": \\"#5da3d9\\",
      \\"id\\": \\"KZ\\",
      \\"name\\": \\"Kazakhstan\\",
      \\"uid\\": \\"BJNQah8qxUZ\\",
      \\"value\\": 844154.1,
      \\"year\\": 2015,
    },
    Object {
      \\"color\\": \\"#e48a00\\",
      \\"id\\": \\"LA\\",
      \\"name\\": \\"Lao\\",
      \\"uid\\": \\"BJrm6h8qgUb\\",
      \\"value\\": 6726442.83,
      \\"year\\": 2015,
    },
    Object {
      \\"color\\": \\"#443e42\\",
      \\"id\\": \\"LB\\",
      \\"name\\": \\"Lebanon\\",
      \\"uid\\": \\"SJ8Q6hI9gUW\\",
      \\"value\\": 2767459.66,
      \\"year\\": 2015,
    },
    Object {
      \\"color\\": \\"#0089cc\\",
      \\"id\\": \\"LC\\",
      \\"name\\": \\"Saint Lucia\\",
      \\"uid\\": \\"Hywm62LqgUW\\",
      \\"value\\": 821064.9,
      \\"year\\": 2015,
    },
    Object {
      \\"color\\": \\"#5da3d9\\",
      \\"id\\": \\"LK\\",
      \\"name\\": \\"Sri Lanka\\",
      \\"uid\\": \\"Skdm63Iqe8Z\\",
      \\"value\\": 101327432,
      \\"year\\": 2015,
    },
    Object {
      \\"color\\": \\"#8f1b13\\",
      \\"id\\": \\"LR\\",
      \\"name\\": \\"Liberia\\",
      \\"uid\\": \\"B1K763UcgIb\\",
      \\"value\\": 10308792.2,
      \\"year\\": 2015,
    },
    Object {
      \\"color\\": \\"#8f1b13\\",
      \\"id\\": \\"LS\\",
      \\"name\\": \\"Lesotho\\",
      \\"uid\\": \\"H157a2L9e8Z\\",
      \\"value\\": 736243.684,
      \\"year\\": 2015,
    },
    Object {
      \\"color\\": \\"#a85d00\\",
      \\"id\\": \\"LY\\",
      \\"name\\": \\"Libya\\",
      \\"uid\\": \\"HyoX63I5gIZ\\",
      \\"value\\": 425000,
      \\"year\\": 2015,
    },
    Object {
      \\"color\\": \\"#a85d00\\",
      \\"id\\": \\"MA\\",
      \\"name\\": \\"Morocco\\",
      \\"uid\\": \\"Sy37T285eUW\\",
      \\"value\\": 6284327.8,
      \\"year\\": 2015,
    },
    Object {
      \\"color\\": \\"#0c457b\\",
      \\"id\\": \\"MD\\",
      \\"name\\": \\"Moldova\\",
      \\"uid\\": \\"rypX63I5eIb\\",
      \\"value\\": 8708912.119,
      \\"year\\": 2015,
    },
    Object {
      \\"color\\": \\"#0c457b\\",
      \\"id\\": \\"ME\\",
      \\"name\\": \\"Montenegro\\",
      \\"uid\\": \\"SyAXTh89xUW\\",
      \\"value\\": 41891115.127,
      \\"year\\": 2015,
    },
    Object {
      \\"color\\": \\"#8f1b13\\",
      \\"id\\": \\"MG\\",
      \\"name\\": \\"Madagascar\\",
      \\"uid\\": \\"SJJ4T3IqxUZ\\",
      \\"value\\": 1640626.73,
      \\"year\\": 2015,
    },
    Object {
      \\"color\\": \\"#973915\\",
      \\"id\\": \\"MH\\",
      \\"name\\": \\"Marshall Islands\\",
      \\"uid\\": \\"HylEph89gIZ\\",
      \\"value\\": 41459.114,
      \\"year\\": 2015,
    },
    Object {
      \\"color\\": \\"#443e42\\",
      \\"id\\": \\"middle-east\\",
      \\"name\\": \\"Middle East, regional\\",
      \\"uid\\": \\"Sk-ET2UceLW\\",
      \\"value\\": 8087092.25,
      \\"year\\": 2015,
    },
    Object {
      \\"color\\": \\"#0c457b\\",
      \\"id\\": \\"MK\\",
      \\"name\\": \\"Macedonia\\",
      \\"uid\\": \\"BJzNT2Iqe8Z\\",
      \\"value\\": 84088871.226,
      \\"year\\": 2015,
    },
    Object {
      \\"color\\": \\"#8f1b13\\",
      \\"id\\": \\"ML\\",
      \\"name\\": \\"Mali\\",
      \\"uid\\": \\"SyXNahLqxUZ\\",
      \\"value\\": 16221799.81,
      \\"year\\": 2015,
    },
    Object {
      \\"color\\": \\"#5da3d9\\",
      \\"id\\": \\"MM\\",
      \\"name\\": \\"Myanmar\\",
      \\"uid\\": \\"ryNVp2I5lU-\\",
      \\"value\\": 63770390.44,
      \\"year\\": 2015,
    },
    Object {
      \\"color\\": \\"#e48a00\\",
      \\"id\\": \\"MN\\",
      \\"name\\": \\"Mongolia\\",
      \\"uid\\": \\"SyBVTnLce8W\\",
      \\"value\\": 4169854.83,
      \\"year\\": 2015,
    },
    Object {
      \\"color\\": \\"#8f1b13\\",
      \\"id\\": \\"MR\\",
      \\"name\\": \\"Mauritania\\",
      \\"uid\\": \\"S1UNThUclIW\\",
      \\"value\\": 383993.8,
      \\"year\\": 2015,
    },
    Object {
      \\"color\\": \\"#0089cc\\",
      \\"id\\": \\"MS\\",
      \\"name\\": \\"Montserrat\\",
      \\"uid\\": \\"SkwE62IqeI-\\",
      \\"value\\": 1978065.2,
      \\"year\\": 2015,
    },
    Object {
      \\"color\\": \\"#8f1b13\\",
      \\"id\\": \\"MU\\",
      \\"name\\": \\"Mauritius\\",
      \\"uid\\": \\"rku463L9eUW\\",
      \\"value\\": 13077666,
      \\"year\\": 2015,
    },
    Object {
      \\"color\\": \\"#8f1b13\\",
      \\"id\\": \\"MW\\",
      \\"name\\": \\"Malawi\\",
      \\"uid\\": \\"S1F4ahLqeUW\\",
      \\"value\\": 37376959.48,
      \\"year\\": 2015,
    },
    Object {
      \\"color\\": \\"#0089cc\\",
      \\"id\\": \\"MX\\",
      \\"name\\": \\"Mexico\\",
      \\"uid\\": \\"rycE63I5l8W\\",
      \\"value\\": 22214514.72,
      \\"year\\": 2015,
    },
    Object {
      \\"color\\": \\"#e48a00\\",
      \\"id\\": \\"MY\\",
      \\"name\\": \\"Malaysia\\",
      \\"uid\\": \\"SJiVT2I9eI-\\",
      \\"value\\": 400779.476,
      \\"year\\": 2015,
    },
    Object {
      \\"color\\": \\"#8f1b13\\",
      \\"id\\": \\"MZ\\",
      \\"name\\": \\"Mozambique\\",
      \\"uid\\": \\"rkhEp3U5gIZ\\",
      \\"value\\": 48605094.122,
      \\"year\\": 2015,
    },
    Object {
      \\"color\\": \\"#8f1b13\\",
      \\"id\\": \\"NA\\",
      \\"name\\": \\"Namibia\\",
      \\"uid\\": \\"rkaNp28qx8-\\",
      \\"value\\": 2337333.124,
      \\"year\\": 2015,
    },
    Object {
      \\"color\\": \\"#8f1b13\\",
      \\"id\\": \\"NE\\",
      \\"name\\": \\"Niger\\",
      \\"uid\\": \\"HyCEan89gL-\\",
      \\"value\\": 2522715.23,
      \\"year\\": 2015,
    },
    Object {
      \\"color\\": \\"#8f1b13\\",
      \\"id\\": \\"NG\\",
      \\"name\\": \\"Nigeria\\",
      \\"uid\\": \\"Sk1BT3U9lLW\\",
      \\"value\\": 142631230.3,
      \\"year\\": 2015,
    },
    Object {
      \\"color\\": \\"#0089cc\\",
      \\"id\\": \\"NI\\",
      \\"name\\": \\"Nicaragua\\",
      \\"uid\\": \\"HJeBp3LceU-\\",
      \\"value\\": 3894901.814,
      \\"year\\": 2015,
    },
    Object {
      \\"color\\": \\"#0089cc\\",
      \\"id\\": \\"north-central-america\\",
      \\"name\\": \\"North & Central America, regional\\",
      \\"uid\\": \\"SJbHa2LqeUb\\",
      \\"value\\": 18273967.84,
      \\"year\\": 2015,
    },
    Object {
      \\"color\\": \\"#a85d00\\",
      \\"id\\": \\"north-of-sahara\\",
      \\"name\\": \\"North of Sahara, regional\\",
      \\"uid\\": \\"HkzS63U9eLZ\\",
      \\"value\\": 27914139.1,
      \\"year\\": 2015,
    },
    Object {
      \\"color\\": \\"#5da3d9\\",
      \\"id\\": \\"NP\\",
      \\"name\\": \\"Nepal\\",
      \\"uid\\": \\"S1mra3LcxIZ\\",
      \\"value\\": 129504058.946,
      \\"year\\": 2015,
    },
    Object {
      \\"color\\": \\"#973915\\",
      \\"id\\": \\"NR\\",
      \\"name\\": \\"Nauru\\",
      \\"uid\\": \\"r1EB6nU5eUZ\\",
      \\"value\\": 1878.43,
      \\"year\\": 2015,
    },
    Object {
      \\"color\\": \\"#973915\\",
      \\"id\\": \\"NU\\",
      \\"name\\": \\"Niue\\",
      \\"uid\\": \\"BJSBanL5eLb\\",
      \\"value\\": 244977.214,
      \\"year\\": 2015,
    },
    Object {
      \\"color\\": \\"#973915\\",
      \\"id\\": \\"oceania\\",
      \\"name\\": \\"Oceania, regional\\",
      \\"uid\\": \\"ryLBa3Ucl8b\\",
      \\"value\\": 33354918.01,
      \\"year\\": 2015,
    },
    Object {
      \\"color\\": \\"#0089cc\\",
      \\"id\\": \\"PA\\",
      \\"name\\": \\"Panama\\",
      \\"uid\\": \\"SyvHahUcl8Z\\",
      \\"value\\": 245615.59,
      \\"year\\": 2015,
    },
    Object {
      \\"color\\": \\"#551f65\\",
      \\"id\\": \\"PE\\",
      \\"name\\": \\"Peru\\",
      \\"uid\\": \\"SJdrphUql8Z\\",
      \\"value\\": 5931588.85,
      \\"year\\": 2015,
    },
    Object {
      \\"color\\": \\"#973915\\",
      \\"id\\": \\"PG\\",
      \\"name\\": \\"Papua New Guinea\\",
      \\"uid\\": \\"S1YS6hIcl8-\\",
      \\"value\\": 13535371.09,
      \\"year\\": 2015,
    },
    Object {
      \\"color\\": \\"#e48a00\\",
      \\"id\\": \\"PH\\",
      \\"name\\": \\"Philippines\\",
      \\"uid\\": \\"BJcS6h8qeUZ\\",
      \\"value\\": 15877269.13,
      \\"year\\": 2015,
    },
    Object {
      \\"color\\": \\"#5da3d9\\",
      \\"id\\": \\"PK\\",
      \\"name\\": \\"Pakistan\\",
      \\"uid\\": \\"S1oB63LcxU-\\",
      \\"value\\": 330598347.41,
      \\"year\\": 2015,
    },
    Object {
      \\"color\\": \\"#443e42\\",
      \\"id\\": \\"PS\\",
      \\"name\\": \\"Palestine\\",
      \\"uid\\": \\"B1hS638ceUb\\",
      \\"value\\": 26112343.57,
      \\"year\\": 2015,
    },
    Object {
      \\"color\\": \\"#973915\\",
      \\"id\\": \\"PW\\",
      \\"name\\": \\"Palau\\",
      \\"uid\\": \\"rkpr63IcxUW\\",
      \\"value\\": 15844.57,
      \\"year\\": 2015,
    },
    Object {
      \\"color\\": \\"#551f65\\",
      \\"id\\": \\"PY\\",
      \\"name\\": \\"Paraguay\\",
      \\"uid\\": \\"H1RrTnIcgLW\\",
      \\"value\\": 1099350.77,
      \\"year\\": 2015,
    },
    Object {
      \\"color\\": \\"#0c457b\\",
      \\"id\\": \\"RS\\",
      \\"name\\": \\"Serbia\\",
      \\"uid\\": \\"ryJLp2I5lLZ\\",
      \\"value\\": 241271777.582,
      \\"year\\": 2015,
    },
    Object {
      \\"color\\": \\"#8f1b13\\",
      \\"id\\": \\"RW\\",
      \\"name\\": \\"Rwanda\\",
      \\"uid\\": \\"S1lLTnL5e8-\\",
      \\"value\\": 25106505.6,
      \\"year\\": 2015,
    },
    Object {
      \\"color\\": \\"#973915\\",
      \\"id\\": \\"SB\\",
      \\"name\\": \\"Solomon Islands\\",
      \\"uid\\": \\"B1bL6nL5xUZ\\",
      \\"value\\": 5206675.55,
      \\"year\\": 2015,
    },
    Object {
      \\"color\\": \\"#8f1b13\\",
      \\"id\\": \\"SC\\",
      \\"name\\": \\"Seychelles\\",
      \\"uid\\": \\"SyMLp3U5g8b\\",
      \\"value\\": 549156,
      \\"year\\": 2015,
    },
    Object {
      \\"color\\": \\"#8f1b13\\",
      \\"id\\": \\"SD\\",
      \\"name\\": \\"Sudan\\",
      \\"uid\\": \\"rkQL63Iql8W\\",
      \\"value\\": 143684.8,
      \\"year\\": 2015,
    },
    Object {
      \\"color\\": \\"#8f1b13\\",
      \\"id\\": \\"SL\\",
      \\"name\\": \\"Sierra Leone\\",
      \\"uid\\": \\"ByEUp3I5gI-\\",
      \\"value\\": 656365.68,
      \\"year\\": 2015,
    },
    Object {
      \\"color\\": \\"#8f1b13\\",
      \\"id\\": \\"SN\\",
      \\"name\\": \\"Senegal\\",
      \\"uid\\": \\"HJS8a38qe8W\\",
      \\"value\\": 8889627.2,
      \\"year\\": 2015,
    },
    Object {
      \\"color\\": \\"#8f1b13\\",
      \\"id\\": \\"SO\\",
      \\"name\\": \\"Somalia\\",
      \\"uid\\": \\"S18IphI9xLb\\",
      \\"value\\": 16514134.7,
      \\"year\\": 2015,
    },
    Object {
      \\"color\\": \\"#551f65\\",
      \\"id\\": \\"south-america\\",
      \\"name\\": \\"South America, regional\\",
      \\"uid\\": \\"S1PLT3L9g8-\\",
      \\"value\\": 5774496.159,
      \\"year\\": 2015,
    },
    Object {
      \\"color\\": \\"#5da3d9\\",
      \\"id\\": \\"south-asia\\",
      \\"name\\": \\"South Asia, regional\\",
      \\"uid\\": \\"SJOLah8cxL-\\",
      \\"value\\": 241782.73,
      \\"year\\": 2015,
    },
    Object {
      \\"color\\": \\"#5da3d9\\",
      \\"id\\": \\"south-central-asia\\",
      \\"name\\": \\"South & Central Asia, regional\\",
      \\"uid\\": \\"rytUphI5l8-\\",
      \\"value\\": 1747150,
      \\"year\\": 2015,
    },
    Object {
      \\"color\\": \\"#8f1b13\\",
      \\"id\\": \\"south-of-sahara\\",
      \\"name\\": \\"South of Sahara, regional\\",
      \\"uid\\": \\"Hk5Up3IcgU-\\",
      \\"value\\": 46899623.59,
      \\"year\\": 2015,
    },
    Object {
      \\"color\\": \\"#551f65\\",
      \\"id\\": \\"SR\\",
      \\"name\\": \\"Suriname\\",
      \\"uid\\": \\"S1i8T2L5gI-\\",
      \\"value\\": 39885.06,
      \\"year\\": 2015,
    },
    Object {
      \\"color\\": \\"#8f1b13\\",
      \\"id\\": \\"SS\\",
      \\"name\\": \\"South Sudan\\",
      \\"uid\\": \\"rk38p2IclU-\\",
      \\"value\\": 5809658.54,
      \\"year\\": 2015,
    },
    Object {
      \\"color\\": \\"#8f1b13\\",
      \\"id\\": \\"ST\\",
      \\"name\\": \\"Sao Tome & Principe\\",
      \\"uid\\": \\"BJ6LT38cx8Z\\",
      \\"value\\": 361445.204,
      \\"year\\": 2015,
    },
    Object {
      \\"color\\": \\"#0089cc\\",
      \\"id\\": \\"SV\\",
      \\"name\\": \\"El Salvador\\",
      \\"uid\\": \\"H1AL63UcgIW\\",
      \\"value\\": 6738632.67,
      \\"year\\": 2015,
    },
    Object {
      \\"color\\": \\"#443e42\\",
      \\"id\\": \\"SY\\",
      \\"name\\": \\"Syria\\",
      \\"uid\\": \\"Hk1Pph8cgIZ\\",
      \\"value\\": 70992.8,
      \\"year\\": 2015,
    },
    Object {
      \\"color\\": \\"#8f1b13\\",
      \\"id\\": \\"SZ\\",
      \\"name\\": \\"Swaziland\\",
      \\"uid\\": \\"HJxPa2U5eL-\\",
      \\"value\\": 12506.15,
      \\"year\\": 2015,
    },
    Object {
      \\"color\\": \\"#8f1b13\\",
      \\"id\\": \\"TD\\",
      \\"name\\": \\"Chad\\",
      \\"uid\\": \\"r1bDa28clLb\\",
      \\"value\\": 7991221.2,
      \\"year\\": 2015,
    },
    Object {
      \\"color\\": \\"#8f1b13\\",
      \\"id\\": \\"TG\\",
      \\"name\\": \\"Togo\\",
      \\"uid\\": \\"Byzv62UqlL-\\",
      \\"value\\": 821350.651,
      \\"year\\": 2015,
    },
    Object {
      \\"color\\": \\"#e48a00\\",
      \\"id\\": \\"TH\\",
      \\"name\\": \\"Thailand\\",
      \\"uid\\": \\"rJ7DThI5x8W\\",
      \\"value\\": 777547.68,
      \\"year\\": 2015,
    },
    Object {
      \\"color\\": \\"#5da3d9\\",
      \\"id\\": \\"TJ\\",
      \\"name\\": \\"Tajikistan\\",
      \\"uid\\": \\"By4DpnL5x8Z\\",
      \\"value\\": 27691056.21,
      \\"year\\": 2015,
    },
    Object {
      \\"color\\": \\"#e48a00\\",
      \\"id\\": \\"TL\\",
      \\"name\\": \\"Timor-Leste\\",
      \\"uid\\": \\"SkHDTn8ce8b\\",
      \\"value\\": 9035489.104,
      \\"year\\": 2015,
    },
    Object {
      \\"color\\": \\"#5da3d9\\",
      \\"id\\": \\"TM\\",
      \\"name\\": \\"Turkmenistan\\",
      \\"uid\\": \\"r1LPphI9l8Z\\",
      \\"value\\": 2064571.773,
      \\"year\\": 2015,
    },
    Object {
      \\"color\\": \\"#a85d00\\",
      \\"id\\": \\"TN\\",
      \\"name\\": \\"Tunisia\\",
      \\"uid\\": \\"BJvva3U5l8W\\",
      \\"value\\": 39311383.8,
      \\"year\\": 2015,
    },
    Object {
      \\"color\\": \\"#973915\\",
      \\"id\\": \\"TO\\",
      \\"name\\": \\"Tonga\\",
      \\"uid\\": \\"HJOwp3Iqx8Z\\",
      \\"value\\": 816755.6,
      \\"year\\": 2015,
    },
    Object {
      \\"color\\": \\"#0c457b\\",
      \\"id\\": \\"TR\\",
      \\"name\\": \\"Turkey\\",
      \\"uid\\": \\"H1tPThL5lLW\\",
      \\"value\\": 1291237259.8,
      \\"year\\": 2015,
    },
    Object {
      \\"color\\": \\"#973915\\",
      \\"id\\": \\"TV\\",
      \\"name\\": \\"Tuvalu\\",
      \\"uid\\": \\"rk9Dp3I5xI-\\",
      \\"value\\": 939.214,
      \\"year\\": 2015,
    },
    Object {
      \\"color\\": \\"#8f1b13\\",
      \\"id\\": \\"TZ\\",
      \\"name\\": \\"Tanzania\\",
      \\"uid\\": \\"rJjDanI5xUW\\",
      \\"value\\": 123770519.2,
      \\"year\\": 2015,
    },
    Object {
      \\"color\\": \\"#0c457b\\",
      \\"id\\": \\"UA\\",
      \\"name\\": \\"Ukraine\\",
      \\"uid\\": \\"S13DThLqeUb\\",
      \\"value\\": 22019223.54,
      \\"year\\": 2015,
    },
    Object {
      \\"color\\": \\"#8f1b13\\",
      \\"id\\": \\"UG\\",
      \\"name\\": \\"Uganda\\",
      \\"uid\\": \\"Sk6w6hU9eIb\\",
      \\"value\\": 24680872.361,
      \\"year\\": 2015,
    },
    Object {
      \\"color\\": \\"#551f65\\",
      \\"id\\": \\"UY\\",
      \\"name\\": \\"Uruguay\\",
      \\"uid\\": \\"SyCw63I9l8Z\\",
      \\"value\\": 831987,
      \\"year\\": 2015,
    },
    Object {
      \\"color\\": \\"#5da3d9\\",
      \\"id\\": \\"UZ\\",
      \\"name\\": \\"Uzbekistan\\",
      \\"uid\\": \\"r11dT289xUb\\",
      \\"value\\": 5253649.45,
      \\"year\\": 2015,
    },
    Object {
      \\"color\\": \\"#0089cc\\",
      \\"id\\": \\"VC\\",
      \\"name\\": \\"Saint Vincent & the Grenadines\\",
      \\"uid\\": \\"Hkxua2LcgLW\\",
      \\"value\\": 225077,
      \\"year\\": 2015,
    },
    Object {
      \\"color\\": \\"#551f65\\",
      \\"id\\": \\"VE\\",
      \\"name\\": \\"Venezuela\\",
      \\"uid\\": \\"S1ZuTnIqgLb\\",
      \\"value\\": 213875.466,
      \\"year\\": 2015,
    },
    Object {
      \\"color\\": \\"#e48a00\\",
      \\"id\\": \\"VN\\",
      \\"name\\": \\"Viet Nam\\",
      \\"uid\\": \\"S1fu6nL5g8Z\\",
      \\"value\\": 98252759.4013,
      \\"year\\": 2015,
    },
    Object {
      \\"color\\": \\"#973915\\",
      \\"id\\": \\"VU\\",
      \\"name\\": \\"Vanuatu\\",
      \\"uid\\": \\"rkX_62U5x8W\\",
      \\"value\\": 967696.67,
      \\"year\\": 2015,
    },
    Object {
      \\"color\\": \\"#6a6569\\",
      \\"id\\": \\"west-indies\\",
      \\"name\\": \\"West Indies, regional\\",
      \\"uid\\": \\"HJ4O6285gLb\\",
      \\"value\\": 10899765.851,
      \\"year\\": 2015,
    },
    Object {
      \\"color\\": \\"#973915\\",
      \\"id\\": \\"WS\\",
      \\"name\\": \\"Samoa\\",
      \\"uid\\": \\"SJHOT3Ucg8-\\",
      \\"value\\": 3402766.6,
      \\"year\\": 2015,
    },
    Object {
      \\"color\\": \\"#0c457b\\",
      \\"id\\": \\"XK\\",
      \\"name\\": \\"Kosovo\\",
      \\"uid\\": \\"BJL_ahL5gI-\\",
      \\"value\\": 21983974.09,
      \\"year\\": 2015,
    },
    Object {
      \\"color\\": \\"#443e42\\",
      \\"id\\": \\"YE\\",
      \\"name\\": \\"Yemen\\",
      \\"uid\\": \\"HkPdT2LqxUZ\\",
      \\"value\\": 4998051.3,
      \\"year\\": 2015,
    },
    Object {
      \\"color\\": \\"#8f1b13\\",
      \\"id\\": \\"ZA\\",
      \\"name\\": \\"South Africa\\",
      \\"uid\\": \\"ryO_62IqlLW\\",
      \\"value\\": 24651092.74,
      \\"year\\": 2015,
    },
    Object {
      \\"color\\": \\"#8f1b13\\",
      \\"id\\": \\"ZM\\",
      \\"name\\": \\"Zambia\\",
      \\"uid\\": \\"BytuT2U5eLZ\\",
      \\"value\\": 13482417.48,
      \\"year\\": 2015,
    },
    Object {
      \\"color\\": \\"#8f1b13\\",
      \\"id\\": \\"ZW\\",
      \\"name\\": \\"Zimbabwe\\",
      \\"uid\\": \\"B15_T3UclLb\\",
      \\"value\\": 4997826.394,
      \\"year\\": 2015,
    },
  ],
  \\"dataC\\": Array [
    Object {
      \\"color\\": \\"#6a6569\\",
      \\"id\\": \\"mixed-project-aid\\",
      \\"name\\": \\"Mixed project aid\\",
      \\"uid\\": \\"SJypUqxI-\\",
      \\"value\\": 46328251839.83223,
      \\"year\\": 2015,
    },
    Object {
      \\"color\\": \\"#6a6569\\",
      \\"id\\": \\"commodities-food\\",
      \\"name\\": \\"Commodities & Food\\",
      \\"uid\\": \\"HkekpUcl8-\\",
      \\"value\\": 6794302501.4122,
      \\"year\\": 2015,
    },
    Object {
      \\"color\\": \\"#6a6569\\",
      \\"id\\": \\"cash-grant\\",
      \\"name\\": \\"Cash grant\\",
      \\"uid\\": \\"HJWypU5eLZ\\",
      \\"value\\": 33063537563.69746,
      \\"year\\": 2015,
    },
    Object {
      \\"color\\": \\"#6a6569\\",
      \\"id\\": \\"cash-loan-equity\\",
      \\"name\\": \\"Cash (loan/equity)\\",
      \\"uid\\": \\"H1GypUcgUb\\",
      \\"value\\": 43552669362.2006,
      \\"year\\": 2015,
    },
    Object {
      \\"color\\": \\"#6a6569\\",
      \\"id\\": \\"technical-ooperation\\",
      \\"name\\": \\"Technical cooperation\\",
      \\"uid\\": \\"r1mkTI5gI-\\",
      \\"value\\": 17232000728.31233,
      \\"year\\": 2015,
    },
    Object {
      \\"color\\": \\"#6a6569\\",
      \\"id\\": \\"gpgs-nngos\\",
      \\"name\\": \\"Global Initiatives & NNGOs\\",
      \\"uid\\": \\"HJN1aU5gLb\\",
      \\"value\\": 1248572483.00549,
      \\"year\\": 2015,
    },
    Object {
      \\"color\\": \\"#6a6569\\",
      \\"id\\": \\"non-transfer\\",
      \\"name\\": \\"Non-transfer\\",
      \\"uid\\": \\"SyBJ685gIZ\\",
      \\"value\\": 26110923665.15419,
      \\"year\\": 2015,
    },
  ],
  \\"dataD\\": Array [
    Object {
      \\"color\\": \\"#6a6569\\",
      \\"id\\": \\"agriculture-and-food-security\\",
      \\"name\\": \\"Agriculture and food security\\",
      \\"uid\\": \\"rkbpU5xI-\\",
      \\"value\\": 9438143890.86641,
      \\"year\\": 2015,
    },
    Object {
      \\"color\\": \\"#6a6569\\",
      \\"id\\": \\"water-and-sanitation\\",
      \\"name\\": \\"Water and sanitation\\",
      \\"uid\\": \\"SJg-TL9eLZ\\",
      \\"value\\": 6604736326.4743,
      \\"year\\": 2015,
    },
    Object {
      \\"color\\": \\"#6a6569\\",
      \\"id\\": \\"humanitarian\\",
      \\"name\\": \\"Humanitarian\\",
      \\"uid\\": \\"rJ-W689eLb\\",
      \\"value\\": 19957437092.5202,
      \\"year\\": 2015,
    },
    Object {
      \\"color\\": \\"#6a6569\\",
      \\"id\\": \\"infrastructure\\",
      \\"name\\": \\"Infrastructure\\",
      \\"uid\\": \\"BJMZ6Uqe8W\\",
      \\"value\\": 20682102996.16775,
      \\"year\\": 2015,
    },
    Object {
      \\"color\\": \\"#6a6569\\",
      \\"id\\": \\"other\\",
      \\"name\\": \\"Other\\",
      \\"uid\\": \\"Hk7-TIce8Z\\",
      \\"value\\": 42646241001.91908,
      \\"year\\": 2015,
    },
    Object {
      \\"color\\": \\"#6a6569\\",
      \\"id\\": \\"governance-and-security\\",
      \\"name\\": \\"Governance and security\\",
      \\"uid\\": \\"S1NZaLqx8W\\",
      \\"value\\": 15888790495.165659,
      \\"year\\": 2015,
    },
    Object {
      \\"color\\": \\"#6a6569\\",
      \\"id\\": \\"other-social-services\\",
      \\"name\\": \\"Other social services\\",
      \\"uid\\": \\"SyHWaIqgLb\\",
      \\"value\\": 4324515428.096105,
      \\"year\\": 2015,
    },
    Object {
      \\"color\\": \\"#6a6569\\",
      \\"id\\": \\"banking-and-business\\",
      \\"name\\": \\"Banking and business\\",
      \\"uid\\": \\"rkU-T8qe8Z\\",
      \\"value\\": 7531812056.8731,
      \\"year\\": 2015,
    },
    Object {
      \\"color\\": \\"#6a6569\\",
      \\"id\\": \\"health\\",
      \\"name\\": \\"Health\\",
      \\"uid\\": \\"H1w-T8ce8Z\\",
      \\"value\\": 20708152269.18086,
      \\"year\\": 2015,
    },
    Object {
      \\"color\\": \\"#6a6569\\",
      \\"id\\": \\"environment\\",
      \\"name\\": \\"Environment\\",
      \\"uid\\": \\"HJOZ68qgL-\\",
      \\"value\\": 4891914525.0459,
      \\"year\\": 2015,
    },
    Object {
      \\"color\\": \\"#6a6569\\",
      \\"id\\": \\"industry-and-trade\\",
      \\"name\\": \\"Industry and trade\\",
      \\"uid\\": \\"rJtZ6LqxIb\\",
      \\"value\\": 3363750722.0179,
      \\"year\\": 2015,
    },
    Object {
      \\"color\\": \\"#6a6569\\",
      \\"id\\": \\"debt-relief\\",
      \\"name\\": \\"Debt relief\\",
      \\"uid\\": \\"HyqZTU9eLZ\\",
      \\"value\\": 1812783125.56,
      \\"year\\": 2015,
    },
    Object {
      \\"color\\": \\"#6a6569\\",
      \\"id\\": \\"education\\",
      \\"name\\": \\"Education\\",
      \\"uid\\": \\"ryj-TI9xU-\\",
      \\"value\\": 10850501770.897232,
      \\"year\\": 2015,
    },
    Object {
      \\"color\\": \\"#6a6569\\",
      \\"id\\": \\"general-budget-support\\",
      \\"name\\": \\"General budget support\\",
      \\"uid\\": \\"HJnZp85gIb\\",
      \\"value\\": 5629376442.83,
      \\"year\\": 2015,
    },
  ],
}"
`;

exports[`Unbundling aid DW module tests getting unbundling aid selection options 1`] = `
"Object {
  \\"buddles\\": Array [
    Object {
      \\"color\\": \\"red\\",
      \\"id\\": \\"cash-loan-equity\\",
      \\"name\\": \\"Cash (loan/equity)\\",
    },
    Object {
      \\"color\\": \\"red-light\\",
      \\"id\\": \\"cash-grant\\",
      \\"name\\": \\"Cash grant\\",
    },
    Object {
      \\"color\\": \\"purple-lighter\\",
      \\"id\\": \\"commodities-food\\",
      \\"name\\": \\"Commodities & Food\\",
    },
    Object {
      \\"color\\": \\"blue\\",
      \\"id\\": \\"gpgs-nngos\\",
      \\"name\\": \\"Global Initiatives & NNGOs\\",
    },
    Object {
      \\"color\\": \\"yellow\\",
      \\"id\\": \\"mixed-project-aid\\",
      \\"name\\": \\"Mixed project aid\\",
    },
    Object {
      \\"color\\": \\"orange\\",
      \\"id\\": \\"non-transfer\\",
      \\"name\\": \\"Non-transfer\\",
    },
    Object {
      \\"color\\": \\"blue-darker\\",
      \\"id\\": \\"technical-ooperation\\",
      \\"name\\": \\"Technical cooperation\\",
    },
    Object {
      \\"color\\": \\"grey-darker\\",
      \\"id\\": \\"export-credit\\",
      \\"name\\": \\"Export credit\\",
    },
  ],
  \\"channels\\": Array [
    Object {
      \\"id\\": \\"public-sector-unknown\\",
      \\"name\\": \\"Public sector (unknown country)\\",
    },
    Object {
      \\"id\\": \\"public-sector-donor\\",
      \\"name\\": \\"Public sector (donor government)\\",
    },
    Object {
      \\"id\\": \\"public-sector-recipient\\",
      \\"name\\": \\"Public sector (recipient government)\\",
    },
    Object {
      \\"id\\": \\"ngo-unknown\\",
      \\"name\\": \\"NGO (unknown country)\\",
    },
    Object {
      \\"id\\": \\"ngo-donor\\",
      \\"name\\": \\"NGO (donor-country based)\\",
    },
    Object {
      \\"id\\": \\"ngo-recipient\\",
      \\"name\\": \\"NGO (recipient-country based)\\",
    },
    Object {
      \\"id\\": \\"public-private-partnership\\",
      \\"name\\": \\"Public private partnership\\",
    },
    Object {
      \\"id\\": \\"multilateral\\",
      \\"name\\": \\"Multilateral\\",
    },
    Object {
      \\"id\\": \\"other\\",
      \\"name\\": \\"Other (private sector, think-tank, etc.)\\",
    },
    Object {
      \\"id\\": \\"unspecified\\",
      \\"name\\": \\"Unspecified\\",
    },
  ],
  \\"from\\": Array [
    Object {
      \\"id\\": \\"AU\\",
      \\"name\\": \\"Australia\\",
    },
    Object {
      \\"id\\": \\"AT\\",
      \\"name\\": \\"Austria\\",
    },
    Object {
      \\"id\\": \\"BE\\",
      \\"name\\": \\"Belgium\\",
    },
    Object {
      \\"id\\": \\"BG\\",
      \\"name\\": \\"Bulgaria\\",
    },
    Object {
      \\"id\\": \\"CA\\",
      \\"name\\": \\"Canada\\",
    },
    Object {
      \\"id\\": \\"HR\\",
      \\"name\\": \\"Croatia\\",
    },
    Object {
      \\"id\\": \\"CY\\",
      \\"name\\": \\"Cyprus\\",
    },
    Object {
      \\"id\\": \\"CZ\\",
      \\"name\\": \\"Czech Republic\\",
    },
    Object {
      \\"id\\": \\"DK\\",
      \\"name\\": \\"Denmark\\",
    },
    Object {
      \\"id\\": \\"EE\\",
      \\"name\\": \\"Estonia\\",
    },
    Object {
      \\"id\\": \\"FI\\",
      \\"name\\": \\"Finland\\",
    },
    Object {
      \\"id\\": \\"FR\\",
      \\"name\\": \\"France\\",
    },
    Object {
      \\"id\\": \\"DE\\",
      \\"name\\": \\"Germany\\",
    },
    Object {
      \\"id\\": \\"GR\\",
      \\"name\\": \\"Greece\\",
    },
    Object {
      \\"id\\": \\"HU\\",
      \\"name\\": \\"Hungary\\",
    },
    Object {
      \\"id\\": \\"IS\\",
      \\"name\\": \\"Iceland\\",
    },
    Object {
      \\"id\\": \\"IE\\",
      \\"name\\": \\"Ireland\\",
    },
    Object {
      \\"id\\": \\"IL\\",
      \\"name\\": \\"Israel\\",
    },
    Object {
      \\"id\\": \\"IT\\",
      \\"name\\": \\"Italy\\",
    },
    Object {
      \\"id\\": \\"JP\\",
      \\"name\\": \\"Japan\\",
    },
    Object {
      \\"id\\": \\"KZ\\",
      \\"name\\": \\"Kazakhstan\\",
    },
    Object {
      \\"id\\": \\"KR\\",
      \\"name\\": \\"Korea\\",
    },
    Object {
      \\"id\\": \\"KW\\",
      \\"name\\": \\"Kuwait\\",
    },
    Object {
      \\"id\\": \\"LV\\",
      \\"name\\": \\"Latvia\\",
    },
    Object {
      \\"id\\": \\"LI\\",
      \\"name\\": \\"Liechtenstein\\",
    },
    Object {
      \\"id\\": \\"LT\\",
      \\"name\\": \\"Lithuania\\",
    },
    Object {
      \\"id\\": \\"LU\\",
      \\"name\\": \\"Luxembourg\\",
    },
    Object {
      \\"id\\": \\"MT\\",
      \\"name\\": \\"Malta\\",
    },
    Object {
      \\"id\\": \\"NL\\",
      \\"name\\": \\"Netherlands\\",
    },
    Object {
      \\"id\\": \\"NZ\\",
      \\"name\\": \\"New Zealand\\",
    },
    Object {
      \\"id\\": \\"NO\\",
      \\"name\\": \\"Norway\\",
    },
    Object {
      \\"id\\": \\"PL\\",
      \\"name\\": \\"Poland\\",
    },
    Object {
      \\"id\\": \\"PT\\",
      \\"name\\": \\"Portugal\\",
    },
    Object {
      \\"id\\": \\"RO\\",
      \\"name\\": \\"Romania\\",
    },
    Object {
      \\"id\\": \\"RU\\",
      \\"name\\": \\"Russian Federation\\",
    },
    Object {
      \\"id\\": \\"SA\\",
      \\"name\\": \\"Saudi Arabia\\",
    },
    Object {
      \\"id\\": \\"SK\\",
      \\"name\\": \\"Slovak Republic\\",
    },
    Object {
      \\"id\\": \\"SI\\",
      \\"name\\": \\"Slovenia\\",
    },
    Object {
      \\"id\\": \\"ES\\",
      \\"name\\": \\"Spain\\",
    },
    Object {
      \\"id\\": \\"SE\\",
      \\"name\\": \\"Sweden\\",
    },
    Object {
      \\"id\\": \\"CH\\",
      \\"name\\": \\"Switzerland\\",
    },
    Object {
      \\"id\\": \\"TW\\",
      \\"name\\": \\"Taiwan\\",
    },
    Object {
      \\"id\\": \\"TH\\",
      \\"name\\": \\"Thailand\\",
    },
    Object {
      \\"id\\": \\"TL\\",
      \\"name\\": \\"Timor-Leste\\",
    },
    Object {
      \\"id\\": \\"TR\\",
      \\"name\\": \\"Turkey\\",
    },
    Object {
      \\"id\\": \\"GB\\",
      \\"name\\": \\"United Kingdom\\",
    },
    Object {
      \\"id\\": \\"AE\\",
      \\"name\\": \\"UAE\\",
    },
    Object {
      \\"id\\": \\"US\\",
      \\"name\\": \\"United States\\",
    },
  ],
  \\"sectors\\": Array [
    Object {
      \\"color\\": \\"red\\",
      \\"id\\": \\"agriculture-and-food-security\\",
      \\"name\\": \\"Agriculture and food security\\",
    },
    Object {
      \\"color\\": \\"red-light\\",
      \\"id\\": \\"banking-and-business\\",
      \\"name\\": \\"Banking and business\\",
    },
    Object {
      \\"color\\": \\"red-darker\\",
      \\"id\\": \\"debt-relief\\",
      \\"name\\": \\"Debt relief\\",
    },
    Object {
      \\"color\\": \\"grey\\",
      \\"id\\": \\"education\\",
      \\"name\\": \\"Education\\",
    },
    Object {
      \\"color\\": \\"blue\\",
      \\"id\\": \\"environment\\",
      \\"name\\": \\"Environment\\",
    },
    Object {
      \\"color\\": \\"purple\\",
      \\"id\\": \\"general-budget-support\\",
      \\"name\\": \\"General budget support\\",
    },
    Object {
      \\"color\\": \\"orange-lighter\\",
      \\"id\\": \\"governance-and-security\\",
      \\"name\\": \\"Governance and security\\",
    },
    Object {
      \\"color\\": \\"purple-darker\\",
      \\"id\\": \\"health\\",
      \\"name\\": \\"Health\\",
    },
    Object {
      \\"color\\": \\"blue-light\\",
      \\"id\\": \\"humanitarian\\",
      \\"name\\": \\"Humanitarian\\",
    },
    Object {
      \\"color\\": \\"yellow-darker\\",
      \\"id\\": \\"industry-and-trade\\",
      \\"name\\": \\"Industry and trade\\",
    },
    Object {
      \\"color\\": \\"orange-light\\",
      \\"id\\": \\"infrastructure\\",
      \\"name\\": \\"Infrastructure\\",
    },
    Object {
      \\"color\\": \\"grey-lighter\\",
      \\"id\\": \\"other\\",
      \\"name\\": \\"Other\\",
    },
    Object {
      \\"color\\": \\"blue-darker\\",
      \\"id\\": \\"other-social-services\\",
      \\"name\\": \\"Other social services\\",
    },
    Object {
      \\"color\\": \\"yellow-lighter\\",
      \\"id\\": \\"water-and-sanitation\\",
      \\"name\\": \\"Water and sanitation\\",
    },
    Object {
      \\"color\\": \\"grey-dark\\",
      \\"id\\": \\"other-sectors-grouped\\",
      \\"name\\": \\"Other sectors (grouped)\\",
    },
  ],
  \\"to\\": Array [
    Object {
      \\"id\\": \\"AF\\",
      \\"name\\": \\"Afghanistan\\",
    },
    Object {
      \\"id\\": \\"AL\\",
      \\"name\\": \\"Albania\\",
    },
    Object {
      \\"id\\": \\"DZ\\",
      \\"name\\": \\"Algeria\\",
    },
    Object {
      \\"id\\": \\"AO\\",
      \\"name\\": \\"Angola\\",
    },
    Object {
      \\"id\\": \\"AI\\",
      \\"name\\": \\"Anguilla\\",
    },
    Object {
      \\"id\\": \\"AG\\",
      \\"name\\": \\"Antigua & Barbuda\\",
    },
    Object {
      \\"id\\": \\"AR\\",
      \\"name\\": \\"Argentina\\",
    },
    Object {
      \\"id\\": \\"AM\\",
      \\"name\\": \\"Armenia\\",
    },
    Object {
      \\"id\\": \\"AZ\\",
      \\"name\\": \\"Azerbaijan\\",
    },
    Object {
      \\"id\\": \\"BH\\",
      \\"name\\": \\"Bahrain\\",
    },
    Object {
      \\"id\\": \\"BD\\",
      \\"name\\": \\"Bangladesh\\",
    },
    Object {
      \\"id\\": \\"BB\\",
      \\"name\\": \\"Barbados\\",
    },
    Object {
      \\"id\\": \\"BY\\",
      \\"name\\": \\"Belarus\\",
    },
    Object {
      \\"id\\": \\"BZ\\",
      \\"name\\": \\"Belize\\",
    },
    Object {
      \\"id\\": \\"BJ\\",
      \\"name\\": \\"Benin\\",
    },
    Object {
      \\"id\\": \\"BT\\",
      \\"name\\": \\"Bhutan\\",
    },
    Object {
      \\"id\\": \\"BO\\",
      \\"name\\": \\"Bolivia\\",
    },
    Object {
      \\"id\\": \\"BA\\",
      \\"name\\": \\"Bosnia & Herzegovina\\",
    },
    Object {
      \\"id\\": \\"BW\\",
      \\"name\\": \\"Botswana\\",
    },
    Object {
      \\"id\\": \\"BR\\",
      \\"name\\": \\"Brazil\\",
    },
    Object {
      \\"id\\": \\"BF\\",
      \\"name\\": \\"Burkina Faso\\",
    },
    Object {
      \\"id\\": \\"BI\\",
      \\"name\\": \\"Burundi\\",
    },
    Object {
      \\"id\\": \\"KH\\",
      \\"name\\": \\"Cambodia\\",
    },
    Object {
      \\"id\\": \\"CM\\",
      \\"name\\": \\"Cameroon\\",
    },
    Object {
      \\"id\\": \\"CV\\",
      \\"name\\": \\"Cape Verde\\",
    },
    Object {
      \\"id\\": \\"CF\\",
      \\"name\\": \\"CAR\\",
    },
    Object {
      \\"id\\": \\"TD\\",
      \\"name\\": \\"Chad\\",
    },
    Object {
      \\"id\\": \\"CL\\",
      \\"name\\": \\"Chile\\",
    },
    Object {
      \\"id\\": \\"CN\\",
      \\"name\\": \\"China\\",
    },
    Object {
      \\"id\\": \\"CO\\",
      \\"name\\": \\"Colombia\\",
    },
    Object {
      \\"id\\": \\"KM\\",
      \\"name\\": \\"Comoros\\",
    },
    Object {
      \\"id\\": \\"CG\\",
      \\"name\\": \\"Congo\\",
    },
    Object {
      \\"id\\": \\"CD\\",
      \\"name\\": \\"DRC\\",
    },
    Object {
      \\"id\\": \\"CK\\",
      \\"name\\": \\"Cook Islands\\",
    },
    Object {
      \\"id\\": \\"CR\\",
      \\"name\\": \\"Costa Rica\\",
    },
    Object {
      \\"id\\": \\"CI\\",
      \\"name\\": \\"Côte d'Ivoire\\",
    },
    Object {
      \\"id\\": \\"country-unspecified\\",
      \\"name\\": \\"Country not specified\\",
    },
    Object {
      \\"id\\": \\"CU\\",
      \\"name\\": \\"Cuba\\",
    },
    Object {
      \\"id\\": \\"DJ\\",
      \\"name\\": \\"Djibouti\\",
    },
    Object {
      \\"id\\": \\"DM\\",
      \\"name\\": \\"Dominica\\",
    },
    Object {
      \\"id\\": \\"DO\\",
      \\"name\\": \\"Dominican Republic\\",
    },
    Object {
      \\"id\\": \\"EC\\",
      \\"name\\": \\"Ecuador\\",
    },
    Object {
      \\"id\\": \\"EG\\",
      \\"name\\": \\"Egypt\\",
    },
    Object {
      \\"id\\": \\"SV\\",
      \\"name\\": \\"El Salvador\\",
    },
    Object {
      \\"id\\": \\"GQ\\",
      \\"name\\": \\"Equatorial Guinea\\",
    },
    Object {
      \\"id\\": \\"ER\\",
      \\"name\\": \\"Eritrea\\",
    },
    Object {
      \\"id\\": \\"ET\\",
      \\"name\\": \\"Ethiopia\\",
    },
    Object {
      \\"id\\": \\"FJ\\",
      \\"name\\": \\"Fiji\\",
    },
    Object {
      \\"id\\": \\"GA\\",
      \\"name\\": \\"Gabon\\",
    },
    Object {
      \\"id\\": \\"GM\\",
      \\"name\\": \\"Gambia\\",
    },
    Object {
      \\"id\\": \\"GE\\",
      \\"name\\": \\"Georgia\\",
    },
    Object {
      \\"id\\": \\"GH\\",
      \\"name\\": \\"Ghana\\",
    },
    Object {
      \\"id\\": \\"GD\\",
      \\"name\\": \\"Grenada\\",
    },
    Object {
      \\"id\\": \\"GT\\",
      \\"name\\": \\"Guatemala\\",
    },
    Object {
      \\"id\\": \\"GN\\",
      \\"name\\": \\"Guinea\\",
    },
    Object {
      \\"id\\": \\"GW\\",
      \\"name\\": \\"Guinea-Bissau\\",
    },
    Object {
      \\"id\\": \\"GY\\",
      \\"name\\": \\"Guyana\\",
    },
    Object {
      \\"id\\": \\"HT\\",
      \\"name\\": \\"Haiti\\",
    },
    Object {
      \\"id\\": \\"HN\\",
      \\"name\\": \\"Honduras\\",
    },
    Object {
      \\"id\\": \\"IN\\",
      \\"name\\": \\"India\\",
    },
    Object {
      \\"id\\": \\"ID\\",
      \\"name\\": \\"Indonesia\\",
    },
    Object {
      \\"id\\": \\"IR\\",
      \\"name\\": \\"Iran\\",
    },
    Object {
      \\"id\\": \\"IQ\\",
      \\"name\\": \\"Iraq\\",
    },
    Object {
      \\"id\\": \\"JM\\",
      \\"name\\": \\"Jamaica\\",
    },
    Object {
      \\"id\\": \\"JO\\",
      \\"name\\": \\"Jordan\\",
    },
    Object {
      \\"id\\": \\"KZ\\",
      \\"name\\": \\"Kazakhstan\\",
    },
    Object {
      \\"id\\": \\"KE\\",
      \\"name\\": \\"Kenya\\",
    },
    Object {
      \\"id\\": \\"KI\\",
      \\"name\\": \\"Kiribati\\",
    },
    Object {
      \\"id\\": \\"KP\\",
      \\"name\\": \\"North Korea\\",
    },
    Object {
      \\"id\\": \\"XK\\",
      \\"name\\": \\"Kosovo\\",
    },
    Object {
      \\"id\\": \\"KG\\",
      \\"name\\": \\"Kyrgyzstan\\",
    },
    Object {
      \\"id\\": \\"LA\\",
      \\"name\\": \\"Lao\\",
    },
    Object {
      \\"id\\": \\"LB\\",
      \\"name\\": \\"Lebanon\\",
    },
    Object {
      \\"id\\": \\"LS\\",
      \\"name\\": \\"Lesotho\\",
    },
    Object {
      \\"id\\": \\"LR\\",
      \\"name\\": \\"Liberia\\",
    },
    Object {
      \\"id\\": \\"LY\\",
      \\"name\\": \\"Libya\\",
    },
    Object {
      \\"id\\": \\"MK\\",
      \\"name\\": \\"Macedonia\\",
    },
    Object {
      \\"id\\": \\"MG\\",
      \\"name\\": \\"Madagascar\\",
    },
    Object {
      \\"id\\": \\"MW\\",
      \\"name\\": \\"Malawi\\",
    },
    Object {
      \\"id\\": \\"MY\\",
      \\"name\\": \\"Malaysia\\",
    },
    Object {
      \\"id\\": \\"MV\\",
      \\"name\\": \\"Maldives\\",
    },
    Object {
      \\"id\\": \\"ML\\",
      \\"name\\": \\"Mali\\",
    },
    Object {
      \\"id\\": \\"MH\\",
      \\"name\\": \\"Marshall Islands\\",
    },
    Object {
      \\"id\\": \\"MR\\",
      \\"name\\": \\"Mauritania\\",
    },
    Object {
      \\"id\\": \\"MU\\",
      \\"name\\": \\"Mauritius\\",
    },
    Object {
      \\"id\\": \\"YT\\",
      \\"name\\": \\"Mayotte\\",
    },
    Object {
      \\"id\\": \\"MX\\",
      \\"name\\": \\"Mexico\\",
    },
    Object {
      \\"id\\": \\"FM\\",
      \\"name\\": \\"Micronesia\\",
    },
    Object {
      \\"id\\": \\"MD\\",
      \\"name\\": \\"Moldova\\",
    },
    Object {
      \\"id\\": \\"MN\\",
      \\"name\\": \\"Mongolia\\",
    },
    Object {
      \\"id\\": \\"ME\\",
      \\"name\\": \\"Montenegro\\",
    },
    Object {
      \\"id\\": \\"MS\\",
      \\"name\\": \\"Montserrat\\",
    },
    Object {
      \\"id\\": \\"MA\\",
      \\"name\\": \\"Morocco\\",
    },
    Object {
      \\"id\\": \\"MZ\\",
      \\"name\\": \\"Mozambique\\",
    },
    Object {
      \\"id\\": \\"MM\\",
      \\"name\\": \\"Myanmar\\",
    },
    Object {
      \\"id\\": \\"NA\\",
      \\"name\\": \\"Namibia\\",
    },
    Object {
      \\"id\\": \\"NR\\",
      \\"name\\": \\"Nauru\\",
    },
    Object {
      \\"id\\": \\"NP\\",
      \\"name\\": \\"Nepal\\",
    },
    Object {
      \\"id\\": \\"NI\\",
      \\"name\\": \\"Nicaragua\\",
    },
    Object {
      \\"id\\": \\"NE\\",
      \\"name\\": \\"Niger\\",
    },
    Object {
      \\"id\\": \\"NG\\",
      \\"name\\": \\"Nigeria\\",
    },
    Object {
      \\"id\\": \\"NU\\",
      \\"name\\": \\"Niue\\",
    },
    Object {
      \\"id\\": \\"OM\\",
      \\"name\\": \\"Oman\\",
    },
    Object {
      \\"id\\": \\"PK\\",
      \\"name\\": \\"Pakistan\\",
    },
    Object {
      \\"id\\": \\"PW\\",
      \\"name\\": \\"Palau\\",
    },
    Object {
      \\"id\\": \\"PS\\",
      \\"name\\": \\"Palestine\\",
    },
    Object {
      \\"id\\": \\"PA\\",
      \\"name\\": \\"Panama\\",
    },
    Object {
      \\"id\\": \\"PG\\",
      \\"name\\": \\"Papua New Guinea\\",
    },
    Object {
      \\"id\\": \\"PY\\",
      \\"name\\": \\"Paraguay\\",
    },
    Object {
      \\"id\\": \\"PE\\",
      \\"name\\": \\"Peru\\",
    },
    Object {
      \\"id\\": \\"PH\\",
      \\"name\\": \\"Philippines\\",
    },
    Object {
      \\"id\\": \\"RW\\",
      \\"name\\": \\"Rwanda\\",
    },
    Object {
      \\"id\\": \\"SH\\",
      \\"name\\": \\"Saint Helena, Ascension & Tristan da Cunha\\",
    },
    Object {
      \\"id\\": \\"KN\\",
      \\"name\\": \\"Saint Kitts and Nevis\\",
    },
    Object {
      \\"id\\": \\"LC\\",
      \\"name\\": \\"Saint Lucia\\",
    },
    Object {
      \\"id\\": \\"VC\\",
      \\"name\\": \\"Saint Vincent & the Grenadines\\",
    },
    Object {
      \\"id\\": \\"WS\\",
      \\"name\\": \\"Samoa\\",
    },
    Object {
      \\"id\\": \\"ST\\",
      \\"name\\": \\"Sao Tome & Principe\\",
    },
    Object {
      \\"id\\": \\"SN\\",
      \\"name\\": \\"Senegal\\",
    },
    Object {
      \\"id\\": \\"RS\\",
      \\"name\\": \\"Serbia\\",
    },
    Object {
      \\"id\\": \\"SC\\",
      \\"name\\": \\"Seychelles\\",
    },
    Object {
      \\"id\\": \\"SL\\",
      \\"name\\": \\"Sierra Leone\\",
    },
    Object {
      \\"id\\": \\"SB\\",
      \\"name\\": \\"Solomon Islands\\",
    },
    Object {
      \\"id\\": \\"SO\\",
      \\"name\\": \\"Somalia\\",
    },
    Object {
      \\"id\\": \\"ZA\\",
      \\"name\\": \\"South Africa\\",
    },
    Object {
      \\"id\\": \\"SS\\",
      \\"name\\": \\"South Sudan\\",
    },
    Object {
      \\"id\\": \\"LK\\",
      \\"name\\": \\"Sri Lanka\\",
    },
    Object {
      \\"id\\": \\"SD\\",
      \\"name\\": \\"Sudan\\",
    },
    Object {
      \\"id\\": \\"SR\\",
      \\"name\\": \\"Suriname\\",
    },
    Object {
      \\"id\\": \\"SZ\\",
      \\"name\\": \\"Swaziland\\",
    },
    Object {
      \\"id\\": \\"SY\\",
      \\"name\\": \\"Syria\\",
    },
    Object {
      \\"id\\": \\"TJ\\",
      \\"name\\": \\"Tajikistan\\",
    },
    Object {
      \\"id\\": \\"TZ\\",
      \\"name\\": \\"Tanzania\\",
    },
    Object {
      \\"id\\": \\"TH\\",
      \\"name\\": \\"Thailand\\",
    },
    Object {
      \\"id\\": \\"TL\\",
      \\"name\\": \\"Timor-Leste\\",
    },
    Object {
      \\"id\\": \\"TG\\",
      \\"name\\": \\"Togo\\",
    },
    Object {
      \\"id\\": \\"TK\\",
      \\"name\\": \\"Tokelau\\",
    },
    Object {
      \\"id\\": \\"TO\\",
      \\"name\\": \\"Tonga\\",
    },
    Object {
      \\"id\\": \\"TT\\",
      \\"name\\": \\"Trinidad & Tobago\\",
    },
    Object {
      \\"id\\": \\"TN\\",
      \\"name\\": \\"Tunisia\\",
    },
    Object {
      \\"id\\": \\"TR\\",
      \\"name\\": \\"Turkey\\",
    },
    Object {
      \\"id\\": \\"TM\\",
      \\"name\\": \\"Turkmenistan\\",
    },
    Object {
      \\"id\\": \\"TC\\",
      \\"name\\": \\"Turks & Caicos Islands\\",
    },
    Object {
      \\"id\\": \\"TV\\",
      \\"name\\": \\"Tuvalu\\",
    },
    Object {
      \\"id\\": \\"UG\\",
      \\"name\\": \\"Uganda\\",
    },
    Object {
      \\"id\\": \\"UA\\",
      \\"name\\": \\"Ukraine\\",
    },
    Object {
      \\"id\\": \\"UY\\",
      \\"name\\": \\"Uruguay\\",
    },
    Object {
      \\"id\\": \\"UZ\\",
      \\"name\\": \\"Uzbekistan\\",
    },
    Object {
      \\"id\\": \\"VU\\",
      \\"name\\": \\"Vanuatu\\",
    },
    Object {
      \\"id\\": \\"VE\\",
      \\"name\\": \\"Venezuela\\",
    },
    Object {
      \\"id\\": \\"VN\\",
      \\"name\\": \\"Viet Nam\\",
    },
    Object {
      \\"id\\": \\"WF\\",
      \\"name\\": \\"Wallis & Futuna\\",
    },
    Object {
      \\"id\\": \\"YE\\",
      \\"name\\": \\"Yemen\\",
    },
    Object {
      \\"id\\": \\"ZM\\",
      \\"name\\": \\"Zambia\\",
    },
    Object {
      \\"id\\": \\"ZW\\",
      \\"name\\": \\"Zimbabwe\\",
    },
  ],
  \\"years\\": Array [
    2006,
    2007,
    2008,
    2009,
    2010,
    2011,
    2012,
    2013,
    2014,
  ],
}"
`;

exports[`Unbundling aid DW module tests should create sql query args for getting data 1`] = `
"Object {
  \\"year\\": 2015,
}"
`;
