// Jest Snapshot v1, https://goo.gl/fbAQLP

exports[`Poverty bubble chart module tests should return page data for the Poverty bubble chart 1`] = `
"Array [
  Object {
    \\"id\\": \\"resources-able-to-meet-needs\\",
    \\"meta\\": \\"\\",
    \\"narrative\\": \\"The proportion of people living in extreme poverty worldwide has more than halved since 2000, yet progress is varied across countries. Although domestic public resources are an important resource to drive efforts to end poverty, they remain scarce in many countries where poverty is high\\",
    \\"title\\": \\"Are domestic public resources able to meet the needs of the poorest people?\\",
  },
]"
`;
